###############################################################################
#
# IAR ELF Linker V8.32.1.169/W32 for ARM                  26/Aug/2026  13:38:40
# Copyright 2007-2018 IAR Systems AB.
#
#    Output file  =  
#        Z:\11_Work\00_Git_Source\02_Diagnosis\CDP-git\vci3_cdp_project\03_Record\EWARM\03_Record\Exe\C_vci3_record.out
#    Map file     =  
#        Z:\11_Work\00_Git_Source\02_Diagnosis\CDP-git\vci3_cdp_project\03_Record\EWARM\03_Record\List\C_vci3_record.map
#    Command line =  
#        -f C:\Users\User\AppData\Local\Temp\EWD52C.tmp
#        (Z:\11_Work\00_Git_Source\02_Diagnosis\CDP-git\vci3_cdp_project\03_Record\EWARM\03_Record\Obj\adc.o
#        Z:\11_Work\00_Git_Source\02_Diagnosis\CDP-git\vci3_cdp_project\03_Record\EWARM\03_Record\Obj\bsp_mmc.o
#        Z:\11_Work\00_Git_Source\02_Diagnosis\CDP-git\vci3_cdp_project\03_Record\EWARM\03_Record\Obj\buzzer.o
#        Z:\11_Work\00_Git_Source\02_Diagnosis\CDP-git\vci3_cdp_project\03_Record\EWARM\03_Record\Obj\ccsbcs.o
#        Z:\11_Work\00_Git_Source\02_Diagnosis\CDP-git\vci3_cdp_project\03_Record\EWARM\03_Record\Obj\cmox_low_level.o
#        Z:\11_Work\00_Git_Source\02_Diagnosis\CDP-git\vci3_cdp_project\03_Record\EWARM\03_Record\Obj\cmsis_os.o
#        Z:\11_Work\00_Git_Source\02_Diagnosis\CDP-git\vci3_cdp_project\03_Record\EWARM\03_Record\Obj\common.o
#        Z:\11_Work\00_Git_Source\02_Diagnosis\CDP-git\vci3_cdp_project\03_Record\EWARM\03_Record\Obj\crc.o
#        Z:\11_Work\00_Git_Source\02_Diagnosis\CDP-git\vci3_cdp_project\03_Record\EWARM\03_Record\Obj\croutine.o
#        Z:\11_Work\00_Git_Source\02_Diagnosis\CDP-git\vci3_cdp_project\03_Record\EWARM\03_Record\Obj\diskio.o
#        Z:\11_Work\00_Git_Source\02_Diagnosis\CDP-git\vci3_cdp_project\03_Record\EWARM\03_Record\Obj\dma.o
#        Z:\11_Work\00_Git_Source\02_Diagnosis\CDP-git\vci3_cdp_project\03_Record\EWARM\03_Record\Obj\event_groups.o
#        Z:\11_Work\00_Git_Source\02_Diagnosis\CDP-git\vci3_cdp_project\03_Record\EWARM\03_Record\Obj\fatfs.o
#        Z:\11_Work\00_Git_Source\02_Diagnosis\CDP-git\vci3_cdp_project\03_Record\EWARM\03_Record\Obj\fdcan.o
#        Z:\11_Work\00_Git_Source\02_Diagnosis\CDP-git\vci3_cdp_project\03_Record\EWARM\03_Record\Obj\ff.o
#        Z:\11_Work\00_Git_Source\02_Diagnosis\CDP-git\vci3_cdp_project\03_Record\EWARM\03_Record\Obj\ff_gen_drv.o
#        Z:\11_Work\00_Git_Source\02_Diagnosis\CDP-git\vci3_cdp_project\03_Record\EWARM\03_Record\Obj\firmware.o
#        Z:\11_Work\00_Git_Source\02_Diagnosis\CDP-git\vci3_cdp_project\03_Record\EWARM\03_Record\Obj\flash_if.o
#        Z:\11_Work\00_Git_Source\02_Diagnosis\CDP-git\vci3_cdp_project\03_Record\EWARM\03_Record\Obj\freertos.o
#        Z:\11_Work\00_Git_Source\02_Diagnosis\CDP-git\vci3_cdp_project\03_Record\EWARM\03_Record\Obj\git_adc.o
#        Z:\11_Work\00_Git_Source\02_Diagnosis\CDP-git\vci3_cdp_project\03_Record\EWARM\03_Record\Obj\git_AesEncrypt.o
#        Z:\11_Work\00_Git_Source\02_Diagnosis\CDP-git\vci3_cdp_project\03_Record\EWARM\03_Record\Obj\git_base64.o
#        Z:\11_Work\00_Git_Source\02_Diagnosis\CDP-git\vci3_cdp_project\03_Record\EWARM\03_Record\Obj\Git_BatteryRelayControl.o
#        Z:\11_Work\00_Git_Source\02_Diagnosis\CDP-git\vci3_cdp_project\03_Record\EWARM\03_Record\Obj\git_bkSRAM.o
#        Z:\11_Work\00_Git_Source\02_Diagnosis\CDP-git\vci3_cdp_project\03_Record\EWARM\03_Record\Obj\git_can.o
#        Z:\11_Work\00_Git_Source\02_Diagnosis\CDP-git\vci3_cdp_project\03_Record\EWARM\03_Record\Obj\git_cli.o
#        Z:\11_Work\00_Git_Source\02_Diagnosis\CDP-git\vci3_cdp_project\03_Record\EWARM\03_Record\Obj\git_CRC32.o
#        Z:\11_Work\00_Git_Source\02_Diagnosis\CDP-git\vci3_cdp_project\03_Record\EWARM\03_Record\Obj\git_csac.o
#        Z:\11_Work\00_Git_Source\02_Diagnosis\CDP-git\vci3_cdp_project\03_Record\EWARM\03_Record\Obj\git_fsutil.o
#        Z:\11_Work\00_Git_Source\02_Diagnosis\CDP-git\vci3_cdp_project\03_Record\EWARM\03_Record\Obj\git_function_list.o
#        Z:\11_Work\00_Git_Source\02_Diagnosis\CDP-git\vci3_cdp_project\03_Record\EWARM\03_Record\Obj\git_global.o
#        Z:\11_Work\00_Git_Source\02_Diagnosis\CDP-git\vci3_cdp_project\03_Record\EWARM\03_Record\Obj\git_hsm.o
#        Z:\11_Work\00_Git_Source\02_Diagnosis\CDP-git\vci3_cdp_project\03_Record\EWARM\03_Record\Obj\git_hsm_api.o
#        Z:\11_Work\00_Git_Source\02_Diagnosis\CDP-git\vci3_cdp_project\03_Record\EWARM\03_Record\Obj\git_HSM_Operations.o
#        Z:\11_Work\00_Git_Source\02_Diagnosis\CDP-git\vci3_cdp_project\03_Record\EWARM\03_Record\Obj\git_HSM_SPICommand.o
#        Z:\11_Work\00_Git_Source\02_Diagnosis\CDP-git\vci3_cdp_project\03_Record\EWARM\03_Record\Obj\git_i2c.o
#        Z:\11_Work\00_Git_Source\02_Diagnosis\CDP-git\vci3_cdp_project\03_Record\EWARM\03_Record\Obj\git_ioctl.o
#        Z:\11_Work\00_Git_Source\02_Diagnosis\CDP-git\vci3_cdp_project\03_Record\EWARM\03_Record\Obj\git_iwdg.o
#        Z:\11_Work\00_Git_Source\02_Diagnosis\CDP-git\vci3_cdp_project\03_Record\EWARM\03_Record\Obj\git_kl.o
#        Z:\11_Work\00_Git_Source\02_Diagnosis\CDP-git\vci3_cdp_project\03_Record\EWARM\03_Record\Obj\git_mmc.o
#        Z:\11_Work\00_Git_Source\02_Diagnosis\CDP-git\vci3_cdp_project\03_Record\EWARM\03_Record\Obj\git_mqtt_PubMsg.o
#        Z:\11_Work\00_Git_Source\02_Diagnosis\CDP-git\vci3_cdp_project\03_Record\EWARM\03_Record\Obj\git_mqtt_Topic.o
#        Z:\11_Work\00_Git_Source\02_Diagnosis\CDP-git\vci3_cdp_project\03_Record\EWARM\03_Record\Obj\git_OBDcomm.o
#        Z:\11_Work\00_Git_Source\02_Diagnosis\CDP-git\vci3_cdp_project\03_Record\EWARM\03_Record\Obj\git_pm.o
#        Z:\11_Work\00_Git_Source\02_Diagnosis\CDP-git\vci3_cdp_project\03_Record\EWARM\03_Record\Obj\git_pool.o
#        Z:\11_Work\00_Git_Source\02_Diagnosis\CDP-git\vci3_cdp_project\03_Record\EWARM\03_Record\Obj\git_protocol.o
#        Z:\11_Work\00_Git_Source\02_Diagnosis\CDP-git\vci3_cdp_project\03_Record\EWARM\03_Record\Obj\git_record.o
#        Z:\11_Work\00_Git_Source\02_Diagnosis\CDP-git\vci3_cdp_project\03_Record\EWARM\03_Record\Obj\git_record_config.o
#        Z:\11_Work\00_Git_Source\02_Diagnosis\CDP-git\vci3_cdp_project\03_Record\EWARM\03_Record\Obj\git_record_file.o
#        Z:\11_Work\00_Git_Source\02_Diagnosis\CDP-git\vci3_cdp_project\03_Record\EWARM\03_Record\Obj\git_rs9116.o
#        Z:\11_Work\00_Git_Source\02_Diagnosis\CDP-git\vci3_cdp_project\03_Record\EWARM\03_Record\Obj\git_rs9116_update.o
#        Z:\11_Work\00_Git_Source\02_Diagnosis\CDP-git\vci3_cdp_project\03_Record\EWARM\03_Record\Obj\git_rtc.o
#        Z:\11_Work\00_Git_Source\02_Diagnosis\CDP-git\vci3_cdp_project\03_Record\EWARM\03_Record\Obj\git_sensor.o
#        Z:\11_Work\00_Git_Source\02_Diagnosis\CDP-git\vci3_cdp_project\03_Record\EWARM\03_Record\Obj\git_sha1.o
#        Z:\11_Work\00_Git_Source\02_Diagnosis\CDP-git\vci3_cdp_project\03_Record\EWARM\03_Record\Obj\git_test.o
#        Z:\11_Work\00_Git_Source\02_Diagnosis\CDP-git\vci3_cdp_project\03_Record\EWARM\03_Record\Obj\git_trigger.o
#        Z:\11_Work\00_Git_Source\02_Diagnosis\CDP-git\vci3_cdp_project\03_Record\EWARM\03_Record\Obj\git_trigger_bt_handler.o
#        Z:\11_Work\00_Git_Source\02_Diagnosis\CDP-git\vci3_cdp_project\03_Record\EWARM\03_Record\Obj\git_vci.o
#        Z:\11_Work\00_Git_Source\02_Diagnosis\CDP-git\vci3_cdp_project\03_Record\EWARM\03_Record\Obj\git_websocket.o
#        Z:\11_Work\00_Git_Source\02_Diagnosis\CDP-git\vci3_cdp_project\03_Record\EWARM\03_Record\Obj\gpio.o
#        Z:\11_Work\00_Git_Source\02_Diagnosis\CDP-git\vci3_cdp_project\03_Record\EWARM\03_Record\Obj\heap_5.o
#        Z:\11_Work\00_Git_Source\02_Diagnosis\CDP-git\vci3_cdp_project\03_Record\EWARM\03_Record\Obj\i2c.o
#        Z:\11_Work\00_Git_Source\02_Diagnosis\CDP-git\vci3_cdp_project\03_Record\EWARM\03_Record\Obj\iwdg.o
#        Z:\11_Work\00_Git_Source\02_Diagnosis\CDP-git\vci3_cdp_project\03_Record\EWARM\03_Record\Obj\led.o
#        Z:\11_Work\00_Git_Source\02_Diagnosis\CDP-git\vci3_cdp_project\03_Record\EWARM\03_Record\Obj\list.o
#        Z:\11_Work\00_Git_Source\02_Diagnosis\CDP-git\vci3_cdp_project\03_Record\EWARM\03_Record\Obj\main.o
#        Z:\11_Work\00_Git_Source\02_Diagnosis\CDP-git\vci3_cdp_project\03_Record\EWARM\03_Record\Obj\mdma.o
#        Z:\11_Work\00_Git_Source\02_Diagnosis\CDP-git\vci3_cdp_project\03_Record\EWARM\03_Record\Obj\MQTT_sapi_wrappers.o
#        Z:\11_Work\00_Git_Source\02_Diagnosis\CDP-git\vci3_cdp_project\03_Record\EWARM\03_Record\Obj\MQTTClient.o
#        Z:\11_Work\00_Git_Source\02_Diagnosis\CDP-git\vci3_cdp_project\03_Record\EWARM\03_Record\Obj\MQTTConnectClient.o
#        Z:\11_Work\00_Git_Source\02_Diagnosis\CDP-git\vci3_cdp_project\03_Record\EWARM\03_Record\Obj\MQTTDeserializePublish.o
#        Z:\11_Work\00_Git_Source\02_Diagnosis\CDP-git\vci3_cdp_project\03_Record\EWARM\03_Record\Obj\MQTTFormat.o
#        Z:\11_Work\00_Git_Source\02_Diagnosis\CDP-git\vci3_cdp_project\03_Record\EWARM\03_Record\Obj\MQTTPacket.o
#        Z:\11_Work\00_Git_Source\02_Diagnosis\CDP-git\vci3_cdp_project\03_Record\EWARM\03_Record\Obj\MQTTSerializePublish.o
#        Z:\11_Work\00_Git_Source\02_Diagnosis\CDP-git\vci3_cdp_project\03_Record\EWARM\03_Record\Obj\MQTTSubscribeClient.o
#        Z:\11_Work\00_Git_Source\02_Diagnosis\CDP-git\vci3_cdp_project\03_Record\EWARM\03_Record\Obj\MQTTUnsubscribeClient.o
#        Z:\11_Work\00_Git_Source\02_Diagnosis\CDP-git\vci3_cdp_project\03_Record\EWARM\03_Record\Obj\port.o
#        Z:\11_Work\00_Git_Source\02_Diagnosis\CDP-git\vci3_cdp_project\03_Record\EWARM\03_Record\Obj\portasm.o
#        Z:\11_Work\00_Git_Source\02_Diagnosis\CDP-git\vci3_cdp_project\03_Record\EWARM\03_Record\Obj\queue.o
#        Z:\11_Work\00_Git_Source\02_Diagnosis\CDP-git\vci3_cdp_project\03_Record\EWARM\03_Record\Obj\rng.o
#        Z:\11_Work\00_Git_Source\02_Diagnosis\CDP-git\vci3_cdp_project\03_Record\EWARM\03_Record\Obj\rsi_apis_non_rom.o
#        Z:\11_Work\00_Git_Source\02_Diagnosis\CDP-git\vci3_cdp_project\03_Record\EWARM\03_Record\Obj\rsi_apis_rom.o
#        Z:\11_Work\00_Git_Source\02_Diagnosis\CDP-git\vci3_cdp_project\03_Record\EWARM\03_Record\Obj\rsi_ble_gap_apis.o
#        Z:\11_Work\00_Git_Source\02_Diagnosis\CDP-git\vci3_cdp_project\03_Record\EWARM\03_Record\Obj\rsi_ble_gatt_apis.o
#        Z:\11_Work\00_Git_Source\02_Diagnosis\CDP-git\vci3_cdp_project\03_Record\EWARM\03_Record\Obj\rsi_bt_a2dp_apis.o
#        Z:\11_Work\00_Git_Source\02_Diagnosis\CDP-git\vci3_cdp_project\03_Record\EWARM\03_Record\Obj\rsi_bt_avrcp_apis.o
#        Z:\11_Work\00_Git_Source\02_Diagnosis\CDP-git\vci3_cdp_project\03_Record\EWARM\03_Record\Obj\rsi_bt_ble.o
#        Z:\11_Work\00_Git_Source\02_Diagnosis\CDP-git\vci3_cdp_project\03_Record\EWARM\03_Record\Obj\rsi_bt_common_apis.o
#        Z:\11_Work\00_Git_Source\02_Diagnosis\CDP-git\vci3_cdp_project\03_Record\EWARM\03_Record\Obj\rsi_bt_gap_apis.o
#        Z:\11_Work\00_Git_Source\02_Diagnosis\CDP-git\vci3_cdp_project\03_Record\EWARM\03_Record\Obj\rsi_bt_sbc_codec.o
#        Z:\11_Work\00_Git_Source\02_Diagnosis\CDP-git\vci3_cdp_project\03_Record\EWARM\03_Record\Obj\rsi_bt_spp_apis.o
#        Z:\11_Work\00_Git_Source\02_Diagnosis\CDP-git\vci3_cdp_project\03_Record\EWARM\03_Record\Obj\rsi_common.o
#        Z:\11_Work\00_Git_Source\02_Diagnosis\CDP-git\vci3_cdp_project\03_Record\EWARM\03_Record\Obj\rsi_common_apis.o
#        Z:\11_Work\00_Git_Source\02_Diagnosis\CDP-git\vci3_cdp_project\03_Record\EWARM\03_Record\Obj\rsi_crypto.o
#        Z:\11_Work\00_Git_Source\02_Diagnosis\CDP-git\vci3_cdp_project\03_Record\EWARM\03_Record\Obj\rsi_device_init.o
#        Z:\11_Work\00_Git_Source\02_Diagnosis\CDP-git\vci3_cdp_project\03_Record\EWARM\03_Record\Obj\rsi_device_init_apis.o
#        Z:\11_Work\00_Git_Source\02_Diagnosis\CDP-git\vci3_cdp_project\03_Record\EWARM\03_Record\Obj\rsi_dhcp_user_class.o
#        Z:\11_Work\00_Git_Source\02_Diagnosis\CDP-git\vci3_cdp_project\03_Record\EWARM\03_Record\Obj\rsi_dns.o
#        Z:\11_Work\00_Git_Source\02_Diagnosis\CDP-git\vci3_cdp_project\03_Record\EWARM\03_Record\Obj\rsi_driver.o
#        Z:\11_Work\00_Git_Source\02_Diagnosis\CDP-git\vci3_cdp_project\03_Record\EWARM\03_Record\Obj\rsi_driver_event_handlers.o
#        Z:\11_Work\00_Git_Source\02_Diagnosis\CDP-git\vci3_cdp_project\03_Record\EWARM\03_Record\Obj\rsi_emb_mqtt_client.o
#        Z:\11_Work\00_Git_Source\02_Diagnosis\CDP-git\vci3_cdp_project\03_Record\EWARM\03_Record\Obj\rsi_events.o
#        Z:\11_Work\00_Git_Source\02_Diagnosis\CDP-git\vci3_cdp_project\03_Record\EWARM\03_Record\Obj\rsi_events_rom.o
#        Z:\11_Work\00_Git_Source\02_Diagnosis\CDP-git\vci3_cdp_project\03_Record\EWARM\03_Record\Obj\rsi_firmware_upgradation.o
#        Z:\11_Work\00_Git_Source\02_Diagnosis\CDP-git\vci3_cdp_project\03_Record\EWARM\03_Record\Obj\rsi_ftp.o
#        Z:\11_Work\00_Git_Source\02_Diagnosis\CDP-git\vci3_cdp_project\03_Record\EWARM\03_Record\Obj\rsi_hal_mcu_com_port.o
#        Z:\11_Work\00_Git_Source\02_Diagnosis\CDP-git\vci3_cdp_project\03_Record\EWARM\03_Record\Obj\rsi_hal_mcu_interrupt.o
#        Z:\11_Work\00_Git_Source\02_Diagnosis\CDP-git\vci3_cdp_project\03_Record\EWARM\03_Record\Obj\rsi_hal_mcu_ioports.o
#        Z:\11_Work\00_Git_Source\02_Diagnosis\CDP-git\vci3_cdp_project\03_Record\EWARM\03_Record\Obj\rsi_hal_mcu_platform_init.o
#        Z:\11_Work\00_Git_Source\02_Diagnosis\CDP-git\vci3_cdp_project\03_Record\EWARM\03_Record\Obj\rsi_hal_mcu_random.o
#        Z:\11_Work\00_Git_Source\02_Diagnosis\CDP-git\vci3_cdp_project\03_Record\EWARM\03_Record\Obj\rsi_hal_mcu_sdio.o
#        Z:\11_Work\00_Git_Source\02_Diagnosis\CDP-git\vci3_cdp_project\03_Record\EWARM\03_Record\Obj\rsi_hal_mcu_spi.o
#        Z:\11_Work\00_Git_Source\02_Diagnosis\CDP-git\vci3_cdp_project\03_Record\EWARM\03_Record\Obj\rsi_hal_mcu_timer.o
#        Z:\11_Work\00_Git_Source\02_Diagnosis\CDP-git\vci3_cdp_project\03_Record\EWARM\03_Record\Obj\rsi_hal_mcu_uart.o
#        Z:\11_Work\00_Git_Source\02_Diagnosis\CDP-git\vci3_cdp_project\03_Record\EWARM\03_Record\Obj\rsi_hal_timer.o
#        Z:\11_Work\00_Git_Source\02_Diagnosis\CDP-git\vci3_cdp_project\03_Record\EWARM\03_Record\Obj\rsi_http_client.o
#        Z:\11_Work\00_Git_Source\02_Diagnosis\CDP-git\vci3_cdp_project\03_Record\EWARM\03_Record\Obj\rsi_http_ota_fw_up.o
#        Z:\11_Work\00_Git_Source\02_Diagnosis\CDP-git\vci3_cdp_project\03_Record\EWARM\03_Record\Obj\rsi_http_server.o
#        Z:\11_Work\00_Git_Source\02_Diagnosis\CDP-git\vci3_cdp_project\03_Record\EWARM\03_Record\Obj\rsi_iap.o
#        Z:\11_Work\00_Git_Source\02_Diagnosis\CDP-git\vci3_cdp_project\03_Record\EWARM\03_Record\Obj\rsi_json_handlers.o
#        Z:\11_Work\00_Git_Source\02_Diagnosis\CDP-git\vci3_cdp_project\03_Record\EWARM\03_Record\Obj\rsi_mdnsd.o
#        Z:\11_Work\00_Git_Source\02_Diagnosis\CDP-git\vci3_cdp_project\03_Record\EWARM\03_Record\Obj\rsi_mdnsd_records.o
#        Z:\11_Work\00_Git_Source\02_Diagnosis\CDP-git\vci3_cdp_project\03_Record\EWARM\03_Record\Obj\rsi_mqtt_client.o
#        Z:\11_Work\00_Git_Source\02_Diagnosis\CDP-git\vci3_cdp_project\03_Record\EWARM\03_Record\Obj\rsi_multicast.o
#        Z:\11_Work\00_Git_Source\02_Diagnosis\CDP-git\vci3_cdp_project\03_Record\EWARM\03_Record\Obj\rsi_nwk.o
#        Z:\11_Work\00_Git_Source\02_Diagnosis\CDP-git\vci3_cdp_project\03_Record\EWARM\03_Record\Obj\rsi_nwk_rom.o
#        Z:\11_Work\00_Git_Source\02_Diagnosis\CDP-git\vci3_cdp_project\03_Record\EWARM\03_Record\Obj\rsi_os_none.o
#        Z:\11_Work\00_Git_Source\02_Diagnosis\CDP-git\vci3_cdp_project\03_Record\EWARM\03_Record\Obj\rsi_os_wrapper.o
#        Z:\11_Work\00_Git_Source\02_Diagnosis\CDP-git\vci3_cdp_project\03_Record\EWARM\03_Record\Obj\rsi_ota_fw_up.o
#        Z:\11_Work\00_Git_Source\02_Diagnosis\CDP-git\vci3_cdp_project\03_Record\EWARM\03_Record\Obj\rsi_pkt_mgmt.o
#        Z:\11_Work\00_Git_Source\02_Diagnosis\CDP-git\vci3_cdp_project\03_Record\EWARM\03_Record\Obj\rsi_pkt_mgmt_rom.o
#        Z:\11_Work\00_Git_Source\02_Diagnosis\CDP-git\vci3_cdp_project\03_Record\EWARM\03_Record\Obj\rsi_pop3_client.o
#        Z:\11_Work\00_Git_Source\02_Diagnosis\CDP-git\vci3_cdp_project\03_Record\EWARM\03_Record\Obj\rsi_queue.o
#        Z:\11_Work\00_Git_Source\02_Diagnosis\CDP-git\vci3_cdp_project\03_Record\EWARM\03_Record\Obj\rsi_queue_rom.o
#        Z:\11_Work\00_Git_Source\02_Diagnosis\CDP-git\vci3_cdp_project\03_Record\EWARM\03_Record\Obj\rsi_raw_data.o
#        Z:\11_Work\00_Git_Source\02_Diagnosis\CDP-git\vci3_cdp_project\03_Record\EWARM\03_Record\Obj\rsi_scheduler.o
#        Z:\11_Work\00_Git_Source\02_Diagnosis\CDP-git\vci3_cdp_project\03_Record\EWARM\03_Record\Obj\rsi_scheduler_rom.o
#        Z:\11_Work\00_Git_Source\02_Diagnosis\CDP-git\vci3_cdp_project\03_Record\EWARM\03_Record\Obj\rsi_sdio_frame_rd_wr.o
#        Z:\11_Work\00_Git_Source\02_Diagnosis\CDP-git\vci3_cdp_project\03_Record\EWARM\03_Record\Obj\rsi_sdio_iface_init.o
#        Z:\11_Work\00_Git_Source\02_Diagnosis\CDP-git\vci3_cdp_project\03_Record\EWARM\03_Record\Obj\rsi_sdio_mem_rd_wr.o
#        Z:\11_Work\00_Git_Source\02_Diagnosis\CDP-git\vci3_cdp_project\03_Record\EWARM\03_Record\Obj\rsi_sdio_reg_rd_wr.o
#        Z:\11_Work\00_Git_Source\02_Diagnosis\CDP-git\vci3_cdp_project\03_Record\EWARM\03_Record\Obj\rsi_setregion_countryinfo.o
#        Z:\11_Work\00_Git_Source\02_Diagnosis\CDP-git\vci3_cdp_project\03_Record\EWARM\03_Record\Obj\rsi_smtp_client.o
#        Z:\11_Work\00_Git_Source\02_Diagnosis\CDP-git\vci3_cdp_project\03_Record\EWARM\03_Record\Obj\rsi_sntp_client.o
#        Z:\11_Work\00_Git_Source\02_Diagnosis\CDP-git\vci3_cdp_project\03_Record\EWARM\03_Record\Obj\rsi_socket.o
#        Z:\11_Work\00_Git_Source\02_Diagnosis\CDP-git\vci3_cdp_project\03_Record\EWARM\03_Record\Obj\rsi_socket_rom.o
#        Z:\11_Work\00_Git_Source\02_Diagnosis\CDP-git\vci3_cdp_project\03_Record\EWARM\03_Record\Obj\rsi_spi_frame_rd_wr.o
#        Z:\11_Work\00_Git_Source\02_Diagnosis\CDP-git\vci3_cdp_project\03_Record\EWARM\03_Record\Obj\rsi_spi_functs.o
#        Z:\11_Work\00_Git_Source\02_Diagnosis\CDP-git\vci3_cdp_project\03_Record\EWARM\03_Record\Obj\rsi_spi_iface_init.o
#        Z:\11_Work\00_Git_Source\02_Diagnosis\CDP-git\vci3_cdp_project\03_Record\EWARM\03_Record\Obj\rsi_spi_mem_rd_wr.o
#        Z:\11_Work\00_Git_Source\02_Diagnosis\CDP-git\vci3_cdp_project\03_Record\EWARM\03_Record\Obj\rsi_spi_reg_rd_wr.o
#        Z:\11_Work\00_Git_Source\02_Diagnosis\CDP-git\vci3_cdp_project\03_Record\EWARM\03_Record\Obj\rsi_timer.o
#        Z:\11_Work\00_Git_Source\02_Diagnosis\CDP-git\vci3_cdp_project\03_Record\EWARM\03_Record\Obj\rsi_uart.o
#        Z:\11_Work\00_Git_Source\02_Diagnosis\CDP-git\vci3_cdp_project\03_Record\EWARM\03_Record\Obj\rsi_utils.o
#        Z:\11_Work\00_Git_Source\02_Diagnosis\CDP-git\vci3_cdp_project\03_Record\EWARM\03_Record\Obj\rsi_utils_rom.o
#        Z:\11_Work\00_Git_Source\02_Diagnosis\CDP-git\vci3_cdp_project\03_Record\EWARM\03_Record\Obj\rsi_web_socket.o
#        Z:\11_Work\00_Git_Source\02_Diagnosis\CDP-git\vci3_cdp_project\03_Record\EWARM\03_Record\Obj\rsi_wlan.o
#        Z:\11_Work\00_Git_Source\02_Diagnosis\CDP-git\vci3_cdp_project\03_Record\EWARM\03_Record\Obj\rsi_wlan_apis.o
#        Z:\11_Work\00_Git_Source\02_Diagnosis\CDP-git\vci3_cdp_project\03_Record\EWARM\03_Record\Obj\rtc.o
#        Z:\11_Work\00_Git_Source\02_Diagnosis\CDP-git\vci3_cdp_project\03_Record\EWARM\03_Record\Obj\sdmmc.o
#        Z:\11_Work\00_Git_Source\02_Diagnosis\CDP-git\vci3_cdp_project\03_Record\EWARM\03_Record\Obj\sl_app_logging.o
#        Z:\11_Work\00_Git_Source\02_Diagnosis\CDP-git\vci3_cdp_project\03_Record\EWARM\03_Record\Obj\sl_fw_logging.o
#        Z:\11_Work\00_Git_Source\02_Diagnosis\CDP-git\vci3_cdp_project\03_Record\EWARM\03_Record\Obj\sl_hal_mcu_logging.o
#        Z:\11_Work\00_Git_Source\02_Diagnosis\CDP-git\vci3_cdp_project\03_Record\EWARM\03_Record\Obj\sleep_wakeup_logging.o
#        Z:\11_Work\00_Git_Source\02_Diagnosis\CDP-git\vci3_cdp_project\03_Record\EWARM\03_Record\Obj\spi.o
#        Z:\11_Work\00_Git_Source\02_Diagnosis\CDP-git\vci3_cdp_project\03_Record\EWARM\03_Record\Obj\startup_stm32h743xx.o
#        Z:\11_Work\00_Git_Source\02_Diagnosis\CDP-git\vci3_cdp_project\03_Record\EWARM\03_Record\Obj\stm32h7xx_hal.o
#        Z:\11_Work\00_Git_Source\02_Diagnosis\CDP-git\vci3_cdp_project\03_Record\EWARM\03_Record\Obj\stm32h7xx_hal_adc.o
#        Z:\11_Work\00_Git_Source\02_Diagnosis\CDP-git\vci3_cdp_project\03_Record\EWARM\03_Record\Obj\stm32h7xx_hal_adc_ex.o
#        Z:\11_Work\00_Git_Source\02_Diagnosis\CDP-git\vci3_cdp_project\03_Record\EWARM\03_Record\Obj\stm32h7xx_hal_cortex.o
#        Z:\11_Work\00_Git_Source\02_Diagnosis\CDP-git\vci3_cdp_project\03_Record\EWARM\03_Record\Obj\stm32h7xx_hal_crc.o
#        Z:\11_Work\00_Git_Source\02_Diagnosis\CDP-git\vci3_cdp_project\03_Record\EWARM\03_Record\Obj\stm32h7xx_hal_crc_ex.o
#        Z:\11_Work\00_Git_Source\02_Diagnosis\CDP-git\vci3_cdp_project\03_Record\EWARM\03_Record\Obj\stm32h7xx_hal_dma.o
#        Z:\11_Work\00_Git_Source\02_Diagnosis\CDP-git\vci3_cdp_project\03_Record\EWARM\03_Record\Obj\stm32h7xx_hal_dma_ex.o
#        Z:\11_Work\00_Git_Source\02_Diagnosis\CDP-git\vci3_cdp_project\03_Record\EWARM\03_Record\Obj\stm32h7xx_hal_exti.o
#        Z:\11_Work\00_Git_Source\02_Diagnosis\CDP-git\vci3_cdp_project\03_Record\EWARM\03_Record\Obj\stm32h7xx_hal_fdcan.o
#        Z:\11_Work\00_Git_Source\02_Diagnosis\CDP-git\vci3_cdp_project\03_Record\EWARM\03_Record\Obj\stm32h7xx_hal_flash.o
#        Z:\11_Work\00_Git_Source\02_Diagnosis\CDP-git\vci3_cdp_project\03_Record\EWARM\03_Record\Obj\stm32h7xx_hal_flash_ex.o
#        Z:\11_Work\00_Git_Source\02_Diagnosis\CDP-git\vci3_cdp_project\03_Record\EWARM\03_Record\Obj\stm32h7xx_hal_gpio.o
#        Z:\11_Work\00_Git_Source\02_Diagnosis\CDP-git\vci3_cdp_project\03_Record\EWARM\03_Record\Obj\stm32h7xx_hal_hsem.o
#        Z:\11_Work\00_Git_Source\02_Diagnosis\CDP-git\vci3_cdp_project\03_Record\EWARM\03_Record\Obj\stm32h7xx_hal_i2c.o
#        Z:\11_Work\00_Git_Source\02_Diagnosis\CDP-git\vci3_cdp_project\03_Record\EWARM\03_Record\Obj\stm32h7xx_hal_i2c_ex.o
#        Z:\11_Work\00_Git_Source\02_Diagnosis\CDP-git\vci3_cdp_project\03_Record\EWARM\03_Record\Obj\stm32h7xx_hal_iwdg.o
#        Z:\11_Work\00_Git_Source\02_Diagnosis\CDP-git\vci3_cdp_project\03_Record\EWARM\03_Record\Obj\stm32h7xx_hal_mdma.o
#        Z:\11_Work\00_Git_Source\02_Diagnosis\CDP-git\vci3_cdp_project\03_Record\EWARM\03_Record\Obj\stm32h7xx_hal_mmc.o
#        Z:\11_Work\00_Git_Source\02_Diagnosis\CDP-git\vci3_cdp_project\03_Record\EWARM\03_Record\Obj\stm32h7xx_hal_mmc_ex.o
#        Z:\11_Work\00_Git_Source\02_Diagnosis\CDP-git\vci3_cdp_project\03_Record\EWARM\03_Record\Obj\stm32h7xx_hal_msp.o
#        Z:\11_Work\00_Git_Source\02_Diagnosis\CDP-git\vci3_cdp_project\03_Record\EWARM\03_Record\Obj\stm32h7xx_hal_pcd.o
#        Z:\11_Work\00_Git_Source\02_Diagnosis\CDP-git\vci3_cdp_project\03_Record\EWARM\03_Record\Obj\stm32h7xx_hal_pcd_ex.o
#        Z:\11_Work\00_Git_Source\02_Diagnosis\CDP-git\vci3_cdp_project\03_Record\EWARM\03_Record\Obj\stm32h7xx_hal_pwr.o
#        Z:\11_Work\00_Git_Source\02_Diagnosis\CDP-git\vci3_cdp_project\03_Record\EWARM\03_Record\Obj\stm32h7xx_hal_pwr_ex.o
#        Z:\11_Work\00_Git_Source\02_Diagnosis\CDP-git\vci3_cdp_project\03_Record\EWARM\03_Record\Obj\stm32h7xx_hal_rcc.o
#        Z:\11_Work\00_Git_Source\02_Diagnosis\CDP-git\vci3_cdp_project\03_Record\EWARM\03_Record\Obj\stm32h7xx_hal_rcc_ex.o
#        Z:\11_Work\00_Git_Source\02_Diagnosis\CDP-git\vci3_cdp_project\03_Record\EWARM\03_Record\Obj\stm32h7xx_hal_rng.o
#        Z:\11_Work\00_Git_Source\02_Diagnosis\CDP-git\vci3_cdp_project\03_Record\EWARM\03_Record\Obj\stm32h7xx_hal_rtc.o
#        Z:\11_Work\00_Git_Source\02_Diagnosis\CDP-git\vci3_cdp_project\03_Record\EWARM\03_Record\Obj\stm32h7xx_hal_rtc_ex.o
#        Z:\11_Work\00_Git_Source\02_Diagnosis\CDP-git\vci3_cdp_project\03_Record\EWARM\03_Record\Obj\stm32h7xx_hal_spi.o
#        Z:\11_Work\00_Git_Source\02_Diagnosis\CDP-git\vci3_cdp_project\03_Record\EWARM\03_Record\Obj\stm32h7xx_hal_spi_ex.o
#        Z:\11_Work\00_Git_Source\02_Diagnosis\CDP-git\vci3_cdp_project\03_Record\EWARM\03_Record\Obj\stm32h7xx_hal_tim.o
#        Z:\11_Work\00_Git_Source\02_Diagnosis\CDP-git\vci3_cdp_project\03_Record\EWARM\03_Record\Obj\stm32h7xx_hal_tim_ex.o
#        Z:\11_Work\00_Git_Source\02_Diagnosis\CDP-git\vci3_cdp_project\03_Record\EWARM\03_Record\Obj\stm32h7xx_hal_timebase_tim.o
#        Z:\11_Work\00_Git_Source\02_Diagnosis\CDP-git\vci3_cdp_project\03_Record\EWARM\03_Record\Obj\stm32h7xx_hal_uart.o
#        Z:\11_Work\00_Git_Source\02_Diagnosis\CDP-git\vci3_cdp_project\03_Record\EWARM\03_Record\Obj\stm32h7xx_hal_uart_ex.o
#        Z:\11_Work\00_Git_Source\02_Diagnosis\CDP-git\vci3_cdp_project\03_Record\EWARM\03_Record\Obj\stm32h7xx_it.o
#        Z:\11_Work\00_Git_Source\02_Diagnosis\CDP-git\vci3_cdp_project\03_Record\EWARM\03_Record\Obj\stm32h7xx_ll_sdmmc.o
#        Z:\11_Work\00_Git_Source\02_Diagnosis\CDP-git\vci3_cdp_project\03_Record\EWARM\03_Record\Obj\stm32h7xx_ll_usb.o
#        Z:\11_Work\00_Git_Source\02_Diagnosis\CDP-git\vci3_cdp_project\03_Record\EWARM\03_Record\Obj\stream_buffer.o
#        Z:\11_Work\00_Git_Source\02_Diagnosis\CDP-git\vci3_cdp_project\03_Record\EWARM\03_Record\Obj\sw_timer.o
#        Z:\11_Work\00_Git_Source\02_Diagnosis\CDP-git\vci3_cdp_project\03_Record\EWARM\03_Record\Obj\syscall.o
#        Z:\11_Work\00_Git_Source\02_Diagnosis\CDP-git\vci3_cdp_project\03_Record\EWARM\03_Record\Obj\system_stm32h7xx.o
#        Z:\11_Work\00_Git_Source\02_Diagnosis\CDP-git\vci3_cdp_project\03_Record\EWARM\03_Record\Obj\tasks.o
#        Z:\11_Work\00_Git_Source\02_Diagnosis\CDP-git\vci3_cdp_project\03_Record\EWARM\03_Record\Obj\tim.o
#        Z:\11_Work\00_Git_Source\02_Diagnosis\CDP-git\vci3_cdp_project\03_Record\EWARM\03_Record\Obj\timers.o
#        Z:\11_Work\00_Git_Source\02_Diagnosis\CDP-git\vci3_cdp_project\03_Record\EWARM\03_Record\Obj\usart.o
#        Z:\11_Work\00_Git_Source\02_Diagnosis\CDP-git\vci3_cdp_project\03_Record\EWARM\03_Record\Obj\usb_device.o
#        Z:\11_Work\00_Git_Source\02_Diagnosis\CDP-git\vci3_cdp_project\03_Record\EWARM\03_Record\Obj\usbd_cdc.o
#        Z:\11_Work\00_Git_Source\02_Diagnosis\CDP-git\vci3_cdp_project\03_Record\EWARM\03_Record\Obj\usbd_cdc_if.o
#        Z:\11_Work\00_Git_Source\02_Diagnosis\CDP-git\vci3_cdp_project\03_Record\EWARM\03_Record\Obj\usbd_conf.o
#        Z:\11_Work\00_Git_Source\02_Diagnosis\CDP-git\vci3_cdp_project\03_Record\EWARM\03_Record\Obj\usbd_core.o
#        Z:\11_Work\00_Git_Source\02_Diagnosis\CDP-git\vci3_cdp_project\03_Record\EWARM\03_Record\Obj\usbd_ctlreq.o
#        Z:\11_Work\00_Git_Source\02_Diagnosis\CDP-git\vci3_cdp_project\03_Record\EWARM\03_Record\Obj\usbd_desc.o
#        Z:\11_Work\00_Git_Source\02_Diagnosis\CDP-git\vci3_cdp_project\03_Record\EWARM\03_Record\Obj\usbd_ioreq.o
#        Z:\11_Work\00_Git_Source\02_Diagnosis\CDP-git\vci3_cdp_project\03_Record\EWARM\03_Record\Obj\user_diskio.o
#        --no_out_extension -o
#        Z:\11_Work\00_Git_Source\02_Diagnosis\CDP-git\vci3_cdp_project\03_Record\EWARM\03_Record\Exe\C_vci3_record.out
#        --redirect _Printf=_PrintfFull --redirect _Scanf=_ScanfFull --map
#        Z:\11_Work\00_Git_Source\02_Diagnosis\CDP-git\vci3_cdp_project\03_Record\EWARM\03_Record\List\C_vci3_record.map
#        --config
#        Z:\11_Work\00_Git_Source\02_Diagnosis\CDP-git\vci3_cdp_project\03_Record\EWARM/stm32h743xx_flash.icf
#        --semihosting
#        Z:\11_Work\00_Git_Source\02_Diagnosis\CDP-git\vci3_cdp_project\03_Record\EWARM\..\..\00_Common\STM32Cryptographic\Lib\STM32CryptographicV3.1.1_STM32H7_IARv8.a
#        Z:\11_Work\00_Git_Source\02_Diagnosis\CDP-git\vci3_cdp_project\03_Record\EWARM\..\..\00_Common\STM32CubeExpansion_Crypto_V4.0.1\Middlewares\ST\STM32_Cryptographic\lib\libSTM32Cryptographic_CM7.a
#        --entry __iar_program_start --vfe --text_out locale)
#
###############################################################################

*******************************************************************************
*** RUNTIME MODEL ATTRIBUTES
***

CppFlavor       = *
__Heap_Handler  = DLMalloc
__SystemLibrary = DLib
__dlib_version  = 6


*******************************************************************************
*** HEAP SELECTION
***

The advanced heap was selected because the application calls memory
allocation functions outside of system library functions, and there
are calls to deallocation functions in the application.


*******************************************************************************
*** PLACEMENT SUMMARY
***

"A0":  place at 0x802'0000 { ro section .intvec };
"P1":  place in [from 0x800'0000 to 0x81f'ffff] { ro };
define block CSTACK with size = 12K, alignment = 8 { };
define block HEAP with size = 12K, alignment = 8 { };
"P2":  place in [from 0x2400'0000 to 0x2407'ffff] {
          rw, block CSTACK, block HEAP };
"P4":  place in [from 0x3000'0000 to 0x3001'ffff] {
          rw object git_OBDcomm.o, rw object git_ListDiag.o, rw object fdcan.o,
          rw object git_csac.o, rw object git_kl.o, rw object socket.o,
          rw object net.o };
"P5":  place in [from 0x3002'0000 to 0x3003'ffff] {
          rw object git_global.o, rw object git_rs9116.o, rw object git_mmc.o };
initialize by copy {
   rw, section .dtcm, section SRAM1_region, section SRAM2_region,
   section SRAM3_region, section SRAM4_region };

No sections matched the following patterns:

  rw object git_ListDiag.o  in "P4"
  rw object net.o           in "P4"
  rw object socket.o        in "P4"
  section .dtcm             in "P3"


  Section                 Kind         Address     Size  Object
  -------                 ----         -------     ----  ------
"A0":                                             0x298
  .intvec                 ro code   0x802'0000    0x298  startup_stm32h743xx.o [1]
                                  - 0x802'0298    0x298

"P1":                                           0x91150
  .text                   ro code   0x802'0298   0xe5a4  git_cli.o [1]
  .text                   ro code   0x802'e83c     0x80  cmox_init.c.o [4]
  .text                   ro code   0x802'e8bc     0x44  cmox_mac.c.o [4]
  .text                   ro code   0x802'e900      0x4  cmox_init.c.o [4]
  .text                   ro code   0x802'e904   0x1718  stm32h7xx_hal_uart.o [1]
  .text                   ro code   0x803'001c    0x810  cmsis_os.o [1]
  .text                   ro code   0x803'082c     0x28  printf.o [3]
  .text                   ro code   0x803'0854     0x39  strtok_r.o [3]
  .text                   ro code   0x803'088e     0x7a  lz77_init_single.o [6]
  .text                   ro code   0x803'0908     0x66  ABImemset.o [6]
  .text                   ro code   0x803'096e     0x3a  zero_init3.o [6]
  .text                   ro code   0x803'09a8     0x18  strcpy.o [6]
  .text                   ro code   0x803'09c0     0x12  strcmp.o [6]
  .text                   ro code   0x803'09d2     0x36  cmox_utils_compare.c.o [4]
  .text                   ro code   0x803'0a08    0x152  iar_Stoulx.o [3]
  .text                   ro code   0x803'0b5a     0x26  xencoding_8859_1.o [3]
  .text                   ro code   0x803'0b80   0x3a34  ff.o [1]
  .text                   ro code   0x803'45b4     0x58  memchr.o [6]
  .text                   ro code   0x803'460c     0xa6  ABImemcpy.o [6]
  .text                   ro code   0x803'46b2     0x28  strncmp.o [3]
  .text                   ro code   0x803'46da     0x1e  xsscin.o [3]
  .text                   ro code   0x803'46f8     0x44  snprintf.o [3]
  .text                   ro code   0x803'473c      0x6  ABImemclr4.o [6]
  .text                   ro code   0x803'4742     0x1a  cmox_md.c.o [4]
  .text                   ro code   0x803'475c   0x33c4  git_rs9116.o [1]
  .text                   ro code   0x803'7b20     0x40  sprintf.o [3]
  .text                   ro code   0x803'7b60     0x64  rsi_hal_mcu_timer.o [1]
  .text                   ro code   0x803'7bc4   0x1a54  rsi_wlan_apis.o [1]
  .text                   ro code   0x803'9618   0x18a0  rsi_socket.o [1]
  .text                   ro code   0x803'aeb8     0x36  strlen.o [6]
  .text                   ro code   0x803'aeee     0x1a  xsnprout.o [3]
  .text                   ro code   0x803'af08      0xc  stm32h7xx_hal.o [1]
  .text                   ro code   0x803'af14   0x1ac0  git_hsm.o [1]
  .text                   ro code   0x803'c9d4   0x1bd8  git_fsutil.o [1]
  .text                   ro code   0x803'e5ac    0xdd4  firmware.o [1]
  .text                   ro code   0x803'f380    0x358  common.o [1]
  .text                   ro code   0x803'f6d8    0x4d0  stm32h7xx_hal_gpio.o [1]
  .text                   ro code   0x803'fba8    0x280  buzzer.o [1]
  .text                   ro code   0x803'fe28    0x120  git_rs9116_update.o [1]
  .text                   ro code   0x803'ff48   0x15f4  git_kl.o [1]
  .text                   ro code   0x804'153c   0x3c00  git_function_list.o [1]
  .text                   ro code   0x804'513c     0xc4  rsi_bt_common_apis.o [1]
  .text                   ro code   0x804'5200     0xcc  git_adc.o [1]
  .text                   ro code   0x804'52cc    0x7ac  rsi_common_apis.o [1]
  .text                   ro code   0x804'5a78    0xae0  git_ioctl.o [1]
  .text                   ro code   0x804'6558    0x278  git_pm.o [1]
  .text                   ro code   0x804'67d0    0x26a  event_groups.o [1]
  .text                   ro code   0x804'6a3a     0x16  cmox_math.c.o [4]
  .text                   ro code   0x804'6a50     0x4c  strtok.o [3]
  .text                   ro code   0x804'6a9c    0x768  git_mmc.o [1]
  .text                   ro code   0x804'7204   0x3640  git_HSM_Operations.o [1]
  .text                   ro code   0x804'a844     0x86  iar_Stolx.o [3]
  .text                   ro code   0x804'a8ca      0xa  xsprout.o [3]
  .text                   ro code   0x804'a8d4     0x68  memcmp.o [6]
  .text                   ro code   0x804'a93c    0xe20  git_HSM_SPICommand.o [1]
  .text                   ro code   0x804'b75c   0x2240  git_hsm_api.o [1]
  .text                   ro code   0x804'd99c    0x470  stm32h7xx_hal_cortex.o [1]
  .text                   ro code   0x804'de0c   0x1b60  git_can.o [1]
  .text                   ro code   0x804'f96c    0x154  git_rtc.o [1]
  .text                   ro code   0x804'fac0    0x318  heap_5.o [1]
  .text                   ro code   0x804'fdd8     0x36  cmox_low_level.o [1]
  .text                   ro code   0x804'fe0e      0x6  cmox_hmac_sha256.c.o [4]
  .text                   ro code   0x804'fe14    0x50a  main.o [1]
  .text                   ro code   0x805'031e      0x6  cmox_mac.c.o [4]
  .text                   ro code   0x805'0324    0x584  usart.o [1]
  .text                   ro code   0x805'08a8   0x24f8  stm32h7xx_hal_dma.o [1]
  .text                   ro code   0x805'2da0      0x2  stm32h7xx_hal_uart.o [1]
  .text                   ro code   0x805'2da2      0x6  cmox_cipher_modes.c.o [4]
  .text                   ro code   0x805'2da8    0x3b6  stm32h7xx_hal_uart_ex.o [1]
  .text                   ro code   0x805'315e      0x2  stm32h7xx_hal_uart_ex.o [1]
  .text                   ro code   0x805'3160      0x2  stm32h7xx_hal_uart_ex.o [1]
  .text                   ro code   0x805'3162      0x6  cmox_cipher_modes.c.o [4]
  .text                   ro code   0x805'3168   0x20c8  stm32h7xx_hal_rcc_ex.o [1]
  .text                   ro code   0x805'5230    0x230  I64DivMod.o [6]
  .text                   ro code   0x805'5460   0x1358  stm32h7xx_hal_rcc.o [1]
  .text                   ro code   0x805'67b8      0x2  stm32h7xx_hal_uart.o [1]
  .text                   ro code   0x805'67ba      0x6  cmox_cipher_modes.c.o [4]
  .text                   ro code   0x805'67c0   0x1210  tasks.o [1]
  .text                   ro code   0x805'79d0    0x530  timers.o [1]
  .text                   ro code   0x805'7f00    0xc10  queue.o [1]
  .text                   ro code   0x805'8b10    0x25c  port.o [1]
  .text                   ro code   0x805'8d6c    0xf46  xprintffull.o [3]
  .text                   ro code   0x805'9cb2     0x22  strspn.o [3]
  .text                   ro code   0x805'9cd4     0x22  strcspn.o [3]
  .text                   ro code   0x805'9cf6     0x14  isspace.o [3]
  .text                   ro code   0x805'9d0a     0x14  tolower.o [3]
  .text                   ro code   0x805'9d1e      0x6  cmox_cipher_modes.c.o [4]
  .text                   ro code   0x805'9d24     0x7a  syscall.o [1]
  .text                   ro code   0x805'9d9e      0x6  cmox_cipher_modes.c.o [4]
  .text                   ro code   0x805'9da4     0xf0  diskio.o [1]
  .text                   ro code   0x805'9e94    0x130  ccsbcs.o [1]
  .text                   ro code   0x805'9fc4     0x20  fatfs.o [1]
  .text                   ro code   0x805'9fe4     0x32  ABImemset48.o [6]
  .rodata                 const     0x805'a016      0x2  git_hsm.o [1]
  .text                   ro code   0x805'a018     0x44  rsi_hal_mcu_interrupt.o [1]
  .text                   ro code   0x805'a05c    0x228  rsi_device_init_apis.o [1]
  .text                   ro code   0x805'a284    0x4c8  rsi_os_wrapper.o [1]
  .text                   ro code   0x805'a74c   0x336c  rsi_wlan.o [1]
  .text                   ro code   0x805'dab8    0x4de  git_sha1.o [1]
  .rodata                 const     0x805'df96      0x2  git_hsm_api.o [1]
  .text                   ro code   0x805'df98    0x528  rsi_web_socket.o [1]
  .text                   ro code   0x805'e4c0     0xac  git_mqtt_Topic.o [1]
  .text                   ro code   0x805'e56c    0x724  rsi_emb_mqtt_client.o [1]
  .text                   ro code   0x805'ec90    0x2c0  rsi_utils.o [1]
  .text                   ro code   0x805'ef50    0x62c  stream_buffer.o [1]
  .text                   ro code   0x805'f57c   0x3180  rsi_bt_ble.o [1]
  .text                   ro code   0x806'26fc    0x320  rsi_bt_gap_apis.o [1]
  .text                   ro code   0x806'2a1c     0x76  rsi_bt_spp_apis.o [1]
  .rodata                 const     0x806'2a92      0x2  git_hsm_api.o [1]
  .text                   ro code   0x806'2a94    0xd48  led.o [1]
  .text                   ro code   0x806'37dc   0x1658  git_trigger.o [1]
  .text                   ro code   0x806'4e34    0x2e4  sw_timer.o [1]
  .text                   ro code   0x806'5118    0xfdc  freertos.o [1]
  .text                   ro code   0x806'60f4     0x70  strncpy.o [6]
  .text                   ro code   0x806'6164    0x254  rsi_dns.o [1]
  .text                   ro code   0x806'63b8    0x160  git_CRC32.o [1]
  .text                   ro code   0x806'6518    0x2c4  rsi_http_client.o [1]
  .text                   ro code   0x806'67dc     0x5c  rsi_pkt_mgmt.o [1]
  .text                   ro code   0x806'6838    0xe58  rsi_common.o [1]
  .text                   ro code   0x806'7690     0x46  rsi_timer.o [1]
  .rodata                 const     0x806'76d6      0x2  git_hsm_api.o [1]
  .text                   ro code   0x806'76d8    0x4d0  rsi_nwk.o [1]
  .text                   ro code   0x806'7ba8     0xb8  rsi_events.o [1]
  .text                   ro code   0x806'7c60     0xac  crc.o [1]
  .text                   ro code   0x806'7d0c    0x2a4  stm32h7xx_hal_crc.o [1]
  .text                   ro code   0x806'7fb0     0x40  cmox_ctr_drbg.c.o [4]
  .text                   ro code   0x806'7ff0     0x38  cmox_drbg.c.o [4]
  .text                   ro code   0x806'8028     0x30  cmox_drbg.c.o [4]
  .text                   ro code   0x806'8058     0x20  cmox_drbg.c.o [4]
  .text                   ro code   0x806'8078     0x30  cmox_rsa.c.o [4]
  .text                   ro code   0x806'80a8     0x54  cmox_rsa.c.o [4]
  .text                   ro code   0x806'80fc    0x12c  cmox_rsa_pkcs1v15.c.o [4]
  .text                   ro code   0x806'8228     0x58  cmox_cipher.c.o [4]
  .text                   ro code   0x806'8280     0x58  cmox_cipher.c.o [4]
  .text                   ro code   0x806'82d8    0xf00  crypto.o [2]
  .text                   ro code   0x806'91d8   0x14e0  dlmalloc.o [3]
  .text                   ro code   0x806'a6b8      0x4  heaptramp0.o [3]
  .text                   ro code   0x806'a6bc     0x30  strstr.o [3]
  .text                   ro code   0x806'a6ec   0x5cac  git_vci.o [1]
  .text                   ro code   0x807'0398    0x2b8  stm32h7xx_hal_flash.o [1]
  .text                   ro code   0x807'0650    0x156  flash_if.o [1]
  .rodata                 const     0x807'07a6      0x2  git_rs9116.o [1]
  .text                   ro code   0x807'07a8    0x3ac  stm32h7xx_it.o [1]
  .text                   ro code   0x807'0b54   0x14b0  stm32h7xx_hal_tim.o [1]
  .text                   ro code   0x807'2004   0x2ed0  git_protocol.o [1]
  .text                   ro code   0x807'4ed4    0x692  git_AesEncrypt.o [1]
  .rodata                 const     0x807'5566      0x2  rsi_bt_common_apis.o [1]
  .text                   ro code   0x807'5568   0x6120  git_OBDcomm.o [1]
  .text                   ro code   0x807'b688   0x19bc  stm32h7xx_hal_adc.o [1]
  .text                   ro code   0x807'd044     0xf8  rsi_apis_non_rom.o [1]
  .text                   ro code   0x807'd13c     0x6c  rsi_scheduler.o [1]
  .text                   ro code   0x807'd1a8     0x84  rsi_queue.o [1]
  .text                   ro code   0x807'd22c    0x6d0  git_sensor.o [1]
  .text                   ro code   0x807'd8fc     0xe0  stm32h7xx_hal_pwr.o [1]
  .text                   ro code   0x807'd9dc    0x228  stm32h7xx_hal_pwr_ex.o [1]
  .text                   ro code   0x807'dc04     0x9a  list.o [1]
  .rodata                 const     0x807'dc9e      0x2  rsi_bt_gap_apis.o [1]
  .text                   ro code   0x807'dca0    0x118  sdmmc.o [1]
  .text                   ro code   0x807'ddb8    0xb3a  stm32h7xx_hal_spi.o [1]
  .rodata                 const     0x807'e8f2      0x1  git_cli.o [1]
  .rodata                 const     0x807'e8f3      0x1  git_cli.o [1]
  .text                   ro code   0x807'e8f4   0x14f8  stm32h7xx_hal_fdcan.o [1]
  .text                   ro code   0x807'fdec    0x352  stm32h7xx_hal_rtc.o [1]
  .rodata                 const     0x808'013e      0x1  rsi_bt_gap_apis.o [1]
  .rodata                 const     0x808'013f      0x1  rsi_bt_gap_apis.o [1]
  .text                   ro code   0x808'0140     0x74  stm32h7xx_hal.o [1]
  .text                   ro code   0x808'01b4    0x618  gpio.o [1]
  .text                   ro code   0x808'07cc     0xa0  dma.o [1]
  .text                   ro code   0x808'086c    0x200  adc.o [1]
  .text                   ro code   0x808'0a6c     0x48  rng.o [1]
  .text                   ro code   0x808'0ab4    0x258  tim.o [1]
  .text                   ro code   0x808'0d0c    0x128  fdcan.o [1]
  .text                   ro code   0x808'0e34    0x1f0  i2c.o [1]
  .text                   ro code   0x808'1024     0x7c  rtc.o [1]
  .text                   ro code   0x808'10a0    0x544  spi.o [1]
  .text                   ro code   0x808'15e4     0x7c  mdma.o [1]
  .text                   ro code   0x808'1660     0x18  stm32h7xx_hal.o [1]
  .text                   ro code   0x808'1678      0x2  I64DivZer.o [6]
  .text                   ro code   0x808'167c     0xb0  stm32h7xx_hal_timebase_tim.o [1]
  CODE                    ro code   0x808'172c     0xb0  portasm.o [1]
  .text                   ro code   0x808'17dc    0x104  xlocale_c.o [3]
  .text                   ro code   0x808'18e0     0x16  strchr.o [6]
  .text                   ro code   0x808'18f8     0x40  xfail_s.o [3]
  .text                   ro code   0x808'1938      0xa  xmbcurmax.o [3]
  .text                   ro code   0x808'1942     0x12  DblMul.o [5]
  .text                   ro code   0x808'1954     0x88  frexp.o [5]
  .text                   ro code   0x808'19dc     0x2e  DblCmpLe.o [5]
  .text                   ro code   0x808'1a0c     0x2e  DblCmpGe.o [5]
  .text                   ro code   0x808'1a3c    0x104  ldexp.o [5]
  .text                   ro code   0x808'1b40      0xe  DblToS32.o [5]
  .text                   ro code   0x808'1b4e      0xe  S32ToDbl.o [5]
  .text                   ro code   0x808'1b5c     0x12  DblSub.o [5]
  .text                   ro code   0x808'1b6e     0x12  DblDiv.o [5]
  .text                   ro code   0x808'1b80      0xe  DblToU32.o [5]
  .text                   ro code   0x808'1b8e      0xe  U32ToDbl.o [5]
  .text                   ro code   0x808'1b9c     0x60  ff_gen_drv.o [1]
  .text                   ro code   0x808'1bfc    0x160  rsi_hal_mcu_ioports.o [1]
  .text                   ro code   0x808'1d5c    0x3c0  rsi_device_init.o [1]
  .text                   ro code   0x808'211c     0xe8  rsi_spi_iface_init.o [1]
  .text                   ro code   0x808'2204    0x19a  rsi_spi_functs.o [1]
  .text                   ro code   0x808'239e      0x2  rsi_hal_mcu_platform_init.o [1]
  .text                   ro code   0x808'23a0     0x1e  U64Shr.o [6]
  .text                   ro code   0x808'23c0     0x28  sscanf.o [3]
  .text                   ro code   0x808'23e8   0x244c  git_record.o [1]
  .text                   ro code   0x808'4834    0xe14  git_csac.o [1]
  .text                   ro code   0x808'5648     0x6c  usb_device.o [1]
  .text                   ro code   0x808'56b4    0x144  git_pool.o [1]
  .text                   ro code   0x808'57f8     0xa0  stm32h7xx_hal_crc_ex.o [1]
  .text                   ro code   0x808'5898     0x16  cmox_membuf.c.o [4]
  .text                   ro code   0x808'58ae     0x24  cmox_mathutils.c.o [4]
  .text                   ro code   0x808'58d2     0x3e  cmox_membuf.c.o [4]
  .text                   ro code   0x808'5910     0x2a  cmox_membuf.c.o [4]
  .text                   ro code   0x808'593a      0x6  abort.o [3]
  .text                   ro code   0x808'5940     0x2c  xgetmemchunk.o [3]
  .text                   ro code   0x808'596c    0x2b4  stm32h7xx_hal_flash_ex.o [1]
  .text                   ro code   0x808'5c20   0x1094  stm32h7xx_hal_mmc.o [1]
  .text                   ro code   0x808'6cb4    0xd5c  stm32h7xx_hal_pcd.o [1]
  .text                   ro code   0x808'7a10    0x664  stm32h7xx_hal_mdma.o [1]
  .text                   ro code   0x808'8074      0x2  stm32h7xx_hal_tim.o [1]
  .text                   ro code   0x808'8076      0x2  stm32h7xx_hal_tim.o [1]
  .text                   ro code   0x808'8078      0x2  stm32h7xx_hal_tim.o [1]
  .text                   ro code   0x808'807a      0x2  stm32h7xx_hal_tim_ex.o [1]
  .text                   ro code   0x808'807c      0x2  stm32h7xx_hal_tim_ex.o [1]
  .text                   ro code   0x808'807e      0x2  stm32h7xx_hal_tim.o [1]
  .text                   ro code   0x808'8080      0x2  stm32h7xx_hal_tim_ex.o [1]
  .text                   ro code   0x808'8084    0x12c  usbd_cdc_if.o [1]
  .text                   ro code   0x808'81b0    0x7f4  stm32h7xx_hal_i2c.o [1]
  .text                   ro code   0x808'89a4      0x2  stm32h7xx_hal_spi.o [1]
  .text                   ro code   0x808'89a6      0x2  stm32h7xx_hal_spi.o [1]
  .text                   ro code   0x808'89a8      0x2  stm32h7xx_hal_spi.o [1]
  .text                   ro code   0x808'89aa      0x2  stm32h7xx_hal_spi.o [1]
  .text                   ro code   0x808'89ac      0x2  stm32h7xx_hal_spi.o [1]
  .text                   ro code   0x808'89ae      0x2  stm32h7xx_hal_fdcan.o [1]
  .text                   ro code   0x808'89b0      0x2  stm32h7xx_hal_fdcan.o [1]
  .text                   ro code   0x808'89b2      0x2  stm32h7xx_hal_fdcan.o [1]
  .text                   ro code   0x808'89b4      0x2  stm32h7xx_hal_fdcan.o [1]
  .text                   ro code   0x808'89b6      0x2  stm32h7xx_hal_fdcan.o [1]
  .text                   ro code   0x808'89b8      0x2  stm32h7xx_hal_fdcan.o [1]
  .text                   ro code   0x808'89ba      0x2  stm32h7xx_hal_fdcan.o [1]
  .text                   ro code   0x808'89bc      0x2  stm32h7xx_hal_fdcan.o [1]
  .text                   ro code   0x808'89be      0x2  stm32h7xx_hal_fdcan.o [1]
  .text                   ro code   0x808'89c0      0x2  stm32h7xx_hal_fdcan.o [1]
  .text                   ro code   0x808'89c2      0x2  stm32h7xx_hal_fdcan.o [1]
  .text                   ro code   0x808'89c4      0x2  stm32h7xx_hal_fdcan.o [1]
  .text                   ro code   0x808'89c6      0x2  stm32h7xx_hal_fdcan.o [1]
  .text                   ro code   0x808'89c8      0x2  stm32h7xx_hal_fdcan.o [1]
  .text                   ro code   0x808'89ca      0x2  stm32h7xx_hal_fdcan.o [1]
  .text                   ro code   0x808'89cc     0x28  stm32h7xx_hal_msp.o [1]
  .text                   ro code   0x808'89f4    0x23c  stm32h7xx_hal_adc_ex.o [1]
  .text                   ro code   0x808'8c30     0xa8  stm32h7xx_hal_rng.o [1]
  .text                   ro code   0x808'8cd8    0x22c  stm32h7xx_hal_tim_ex.o [1]
  .text                   ro code   0x808'8f04    0x14c  stm32h7xx_hal_i2c_ex.o [1]
  .text                   ro code   0x808'9050    0x168  rsi_spi_mem_rd_wr.o [1]
  .text                   ro code   0x808'91b8     0x70  rsi_hal_mcu_spi.o [1]
  .text                   ro code   0x808'9228     0xa4  rsi_spi_reg_rd_wr.o [1]
  .text                   ro code   0x808'92cc    0xe58  xscanffull.o [3]
  .text                   ro code   0x808'a124    0xdac  git_record_file.o [1]
  .text                   ro code   0x808'aed0    0x2a0  git_record_config.o [1]
  .text                   ro code   0x808'b170    0x436  usbd_core.o [1]
  .text                   ro code   0x808'b5a8    0x454  usbd_cdc.o [1]
  .text                   ro code   0x808'b9fc     0x14  exit.o [7]
  .text                   ro code   0x808'ba10    0x818  stm32h7xx_ll_sdmmc.o [1]
  .text                   ro code   0x808'c228      0x2  stm32h7xx_hal_mmc.o [1]
  .text                   ro code   0x808'c22c    0x2d8  user_diskio.o [1]
  .text                   ro code   0x808'c504      0x2  stm32h7xx_hal_mmc.o [1]
  .text                   ro code   0x808'c506      0x2  stm32h7xx_hal_mmc.o [1]
  .text                   ro code   0x808'c508      0x2  stm32h7xx_hal_mmc.o [1]
  .text                   ro code   0x808'c50a      0x2  stm32h7xx_hal_mmc.o [1]
  .text                   ro code   0x808'c50c    0x4fc  usbd_conf.o [1]
  .text                   ro code   0x808'ca08    0xfa4  stm32h7xx_ll_usb.o [1]
  .text                   ro code   0x808'd9ac     0xa2  stm32h7xx_hal_pcd_ex.o [1]
  .text                   ro code   0x808'da50     0x3c  wctob.o [3]
  .text                   ro code   0x808'da8c     0x9e  iar_Stollx.o [3]
  .text                   ro code   0x808'db2c    0x1b2  iar_Stoullx.o [3]
  .text                   ro code   0x808'dce0      0xe  math_wrappers64.o [5]
  .text                   ro code   0x808'dcee     0x14  isalpha.o [3]
  .text                   ro code   0x808'dd02      0xe  DblToFlt.o [5]
  .text                   ro code   0x808'dd10    0x8ac  usbd_ctlreq.o [1]
  .text                   ro code   0x808'e5bc     0xac  usbd_ioreq.o [1]
  .text                   ro code   0x808'e668     0x78  bsp_mmc.o [1]
  .text                   ro code   0x808'e6e0    0x430  strto64.o [5]
  .text                   ro code   0x808'eb10    0x122  iar_Stopfx.o [3]
  .text                   ro code   0x808'ec34    0x1c4  iar_Stoflt.o [3]
  .text                   ro code   0x808'edf8    0x21c  iar_Stoxflt.o [3]
  .text                   ro code   0x808'f014    0x828  rsi_driver_event_handlers.o [1]
  .text                   ro code   0x808'f83c    0x2fc  rsi_spi_frame_rd_wr.o [1]
  CMOX_CTA_PROTECTED_DATA
                          const     0x808'fb38    0x400  cmox_aesfast_encrypt.c.o [4]
  CMOX_CTA_PROTECTED_DATA
                          const     0x808'ff38    0x400  cmox_aesfast_decrypt.c.o [4]
  .text                   ro code   0x809'0338    0x3c8  cmox_cipher_modes.c.o [4]
  .text                   ro code   0x809'0700    0x31c  cmox_aesfast_encrypt.c.o [4]
  .text                   ro code   0x809'0a1c    0x314  cmox_aesfast_decrypt.c.o [4]
  .text                   ro code   0x809'0d30    0x2be  cmox_math.c.o [4]
  .text                   ro code   0x809'0fee     0x16  cmox_bn.c.o [4]
  .text                   ro code   0x809'1004      0xa  cmox_mathutils.c.o [4]
  .text                   ro code   0x809'100e      0x6  cmox_mathutils.c.o [4]
  .text                   ro code   0x809'1014      0xa  cmox_mathutils.c.o [4]
  .text                   ro code   0x809'101e      0xe  cmox_mathutils.c.o [4]
  .text                   ro code   0x809'102c     0x20  cmox_bn.c.o [4]
  .text                   ro code   0x809'104c     0x70  cmox_bn.c.o [4]
  .text                   ro code   0x809'10bc     0x16  cmox_bn.c.o [4]
  .rodata                 const     0x809'10d4    0x288  buzzer.o [1]
  .rodata                 const     0x809'135c    0x258  git_cli.o [1]
  .text                   ro code   0x809'15b4    0x248  cmox_math_armv7em_ewarm_mm-mod4.s.o [4]
  .text                   ro code   0x809'17fc    0x234  cmox_ctr_drbg.c.o [4]
  .text                   ro code   0x809'1a30    0x198  cmox_ctr_drbg.c.o [4]
  .text                   ro code   0x809'1bc8     0x7a  cmox_ctr_drbg.c.o [4]
  .text                   ro code   0x809'1c42     0x20  cmox_ctr_drbg.c.o [4]
  .text                   ro code   0x809'1c62     0x28  cmox_cipher_utils.c.o [4]
  .text                   ro code   0x809'1c8a     0xae  cmox_ctr_drbg.c.o [4]
  .text                   ro code   0x809'1d38     0x1c  cmox_ctr_drbg.c.o [4]
  .text                   ro code   0x809'1d54    0x232  cmox_modexp.c.o [4]
  .text                   ro code   0x809'1f86     0x42  cmox_math.c.o [4]
  .text                   ro code   0x809'1fc8     0x4c  cmox_math.c.o [4]
  .text                   ro code   0x809'2014    0x218  git_trigger_bt_handler.o [1]
  .rodata                 const     0x809'222c    0x210  git_cli.o [1]
  .rodata                 const     0x809'243c    0x200  git_cli.o [1]
  .rodata                 const     0x809'263c    0x1f8  git_cli.o [1]
  .rodata                 const     0x809'2834    0x1f4  ccsbcs.o [1]
  .text                   ro code   0x809'2a28    0x1f4  cmox_sha256_common.c.o [4]
  .text                   ro code   0x809'2c1c    0x1c8  cmox_hmac.c.o [4]
  .text                   ro code   0x809'2de4     0x38  cmox_hmac.c.o [4]
  .text                   ro code   0x809'2e1c    0x1ac  cmox_md.c.o [4]
  .text                   ro code   0x809'2fc8      0x6  ABImemclr.o [6]
  .text                   ro code   0x809'2fd0    0x15a  usbd_desc.o [1]
  .text                   ro code   0x809'312c    0x150  cmox_aesfast_decrypt.c.o [4]
  .text                   ro code   0x809'327c    0x114  cmox_aes_common.c.o [4]
  .text                   ro code   0x809'3390    0x146  rsi_pkt_mgmt_rom.o [1]
  .text                   ro code   0x809'34d8    0x138  cmox_rsa_modexp.c.o [4]
  .text                   ro code   0x809'3610     0x86  cmox_bn.c.o [4]
  .text                   ro code   0x809'3696     0x82  cmox_bn.c.o [4]
  .text                   ro code   0x809'3718     0xf4  cmox_modexp.c.o [4]
  .text                   ro code   0x809'380c     0x76  cmox_bn.c.o [4]
  .text                   ro code   0x809'3882     0xaa  cmox_math.c.o [4]
  .text                   ro code   0x809'392c     0x10  cmox_math.c.o [4]
  .text                   ro code   0x809'393c     0x44  cmox_math.c.o [4]
  .text                   ro code   0x809'3980     0x1c  cmox_math.c.o [4]
  .text                   ro code   0x809'399c     0x38  cmox_math.c.o [4]
  .text                   ro code   0x809'39d4     0x18  cmox_math.c.o [4]
  .text                   ro code   0x809'39ec    0x136  rsi_events_rom.o [1]
  .text                   ro code   0x809'3b24    0x124  system_stm32h7xx.o [1]
  .text                   ro code   0x809'3c48    0x120  rsi_queue_rom.o [1]
  .text                   ro code   0x809'3d68    0x104  cmox_utils_compare.c.o [4]
  .rodata                 const     0x809'3e6c    0x100  ccsbcs.o [1]
  .rodata                 const     0x809'3f6c    0x100  git_cli.o [1]
  .rodata                 const     0x809'406c    0x100  git_cli.o [1]
  .rodata                 const     0x809'416c    0x100  git_cli.o [1]
  .rodata                 const     0x809'426c    0x100  git_cli.o [1]
  .rodata                 const     0x809'436c    0x100  git_cli.o [1]
  .rodata                 const     0x809'446c    0x100  git_cli.o [1]
  .rodata                 const     0x809'456c    0x100  git_cli.o [1]
  .rodata                 const     0x809'466c    0x100  git_cli.o [1]
  .rodata                 const     0x809'476c    0x100  git_cli.o [1]
  .rodata                 const     0x809'486c    0x100  git_cli.o [1]
  .rodata                 const     0x809'496c    0x100  git_cli.o [1]
  .rodata                 const     0x809'4a6c    0x100  git_cli.o [1]
  .rodata                 const     0x809'4b6c    0x100  git_cli.o [1]
  .rodata                 const     0x809'4c6c    0x100  git_cli.o [1]
  .rodata                 const     0x809'4d6c    0x100  git_cli.o [1]
  .rodata                 const     0x809'4e6c    0x100  git_cli.o [1]
  .rodata                 const     0x809'4f6c    0x100  git_cli.o [1]
  .rodata                 const     0x809'506c    0x100  git_cli.o [1]
  .rodata                 const     0x809'516c    0x100  git_cli.o [1]
  .rodata                 const     0x809'526c    0x100  git_cli.o [1]
  .rodata                 const     0x809'536c    0x100  git_cli.o [1]
  .rodata                 const     0x809'546c    0x100  git_cli.o [1]
  .rodata                 const     0x809'556c    0x100  git_cli.o [1]
  .rodata                 const     0x809'566c    0x100  git_cli.o [1]
  .rodata                 const     0x809'576c    0x100  git_cli.o [1]
  .rodata                 const     0x809'586c    0x100  git_cli.o [1]
  .rodata                 const     0x809'596c    0x100  git_cli.o [1]
  .rodata                 const     0x809'5a6c    0x100  git_cli.o [1]
  .rodata                 const     0x809'5b6c    0x100  git_cli.o [1]
  .rodata                 const     0x809'5c6c    0x100  git_hsm_api.o [1]
  .rodata                 const     0x809'5d6c    0x100  git_hsm_api.o [1]
  .rodata                 const     0x809'5e6c    0x100  git_HSM_Operations.o [1]
  .rodata                 const     0x809'5f6c    0x100  git_HSM_Operations.o [1]
  .rodata                 const     0x809'606c    0x100  cmox_sha256_common.c.o [4]
  .text                   ro code   0x809'616c    0x100  cmox_hmac.c.o [4]
  CMOX_CTA_PROTECTED_DATA
                          const     0x809'626c    0x100  cmox_aes_common.c.o [4]
  CMOX_CTA_PROTECTED_DATA
                          const     0x809'636c    0x100  cmox_aes_common.c.o [4]
  .rodata                 const     0x809'646c     0xf0  cmox_ctr_drbg_aes256_keys.c.o [4]
  .rodata                 const     0x809'655c     0xf0  cmox_ctr_drbg_aes256_keys.c.o [4]
  .text                   ro code   0x809'664c     0xe8  rsi_socket_rom.o [1]
  .text                   ro code   0x809'6734     0xd4  cmox_hmac.c.o [4]
  .rodata                 const     0x809'6808     0xc8  git_cli.o [1]
  .rodata                 const     0x809'68d0     0xc8  git_cli.o [1]
  .rodata                 const     0x809'6998     0xc8  git_cli.o [1]
  .rodata                 const     0x809'6a60     0xc8  git_cli.o [1]
  .rodata                 const     0x809'6b28     0xc8  git_cli.o [1]
  .rodata                 const     0x809'6bf0     0xc8  git_rs9116.o [1]
  .rodata                 const     0x809'6cb8     0xc4  git_cli.o [1]
  .rodata                 const     0x809'6d7c     0xc4  git_cli.o [1]
  .rodata                 const     0x809'6e40     0xc4  git_cli.o [1]
  .rodata                 const     0x809'6f04     0xc4  git_cli.o [1]
  .rodata                 const     0x809'6fc8     0xc4  git_cli.o [1]
  .rodata                 const     0x809'708c     0xc4  git_cli.o [1]
  .text                   ro code   0x809'7150     0xbe  cmox_math_armv7em_ewarm_montyred.s.o [4]
  .rodata                 const     0x809'7210     0xbc  ccsbcs.o [1]
  .rodata                 const     0x809'72cc     0xb8  rsi_apis_non_rom.o [1]
  .text                   ro code   0x809'7384     0xa8  cmox_md.c.o [4]
  .text                   ro code   0x809'742c     0xa4  rsi_scheduler_rom.o [1]
  .text                   ro code   0x809'74d0     0xa2  rsi_utils_rom.o [1]
  .text                   ro code   0x809'7574     0xa0  cmox_ctr_drbg.c.o [4]
  .text                   ro code   0x809'7614     0x3c  cmox_ctr_drbg.c.o [4]
  .text                   ro code   0x809'7650     0x8c  cmox_ctr_drbg.c.o [4]
  .text                   ro code   0x809'76dc     0x8c  cmox_ctr_drbg.c.o [4]
  .text                   ro code   0x809'7768     0x86  cmox_mac.c.o [4]
  .text                   ro code   0x809'77ee     0x86  cmox_mac.c.o [4]
  .rodata                 const     0x809'7874     0x84  stm32h7xx_hal_adc_ex.o [1]
  .rodata                 const     0x809'78f8     0x84  stm32h7xx_hal_cortex.o [1]
  .rodata                 const     0x809'797c     0x84  stm32h7xx_hal_crc_ex.o [1]
  .rodata                 const     0x809'7a00     0x84  stm32h7xx_hal_flash_ex.o [1]
  .rodata                 const     0x809'7a84     0x84  stm32h7xx_hal_i2c_ex.o [1]
  .rodata                 const     0x809'7b08     0x84  stm32h7xx_hal_pwr_ex.o [1]
  .rodata                 const     0x809'7b8c     0x84  stm32h7xx_hal_rcc_ex.o [1]
  .rodata                 const     0x809'7c10     0x84  stm32h7xx_hal_tim_ex.o [1]
  .rodata                 const     0x809'7c94     0x84  stm32h7xx_hal_uart_ex.o [1]
  .rodata                 const     0x809'7d18     0x80  ff.o [1]
  .rodata                 const     0x809'7d98     0x80  stm32h7xx_hal_adc.o [1]
  .rodata                 const     0x809'7e18     0x80  stm32h7xx_hal_crc.o [1]
  .rodata                 const     0x809'7e98     0x80  stm32h7xx_hal_dma.o [1]
  .rodata                 const     0x809'7f18     0x80  stm32h7xx_hal_fdcan.o [1]
  .rodata                 const     0x809'7f98     0x80  stm32h7xx_hal_flash.o [1]
  .rodata                 const     0x809'8018     0x80  stm32h7xx_hal_gpio.o [1]
  .rodata                 const     0x809'8098     0x80  stm32h7xx_hal_i2c.o [1]
  .rodata                 const     0x809'8118     0x80  stm32h7xx_hal_mdma.o [1]
  .rodata                 const     0x809'8198     0x80  stm32h7xx_hal_mmc.o [1]
  .rodata                 const     0x809'8218     0x80  stm32h7xx_hal_pcd.o [1]
  .rodata                 const     0x809'8298     0x80  stm32h7xx_hal_pwr.o [1]
  .rodata                 const     0x809'8318     0x80  stm32h7xx_hal_rcc.o [1]
  .rodata                 const     0x809'8398     0x80  stm32h7xx_hal_rng.o [1]
  .rodata                 const     0x809'8418     0x80  stm32h7xx_hal_rtc.o [1]
  .rodata                 const     0x809'8498     0x80  stm32h7xx_hal_spi.o [1]
  .rodata                 const     0x809'8518     0x80  stm32h7xx_hal_tim.o [1]
  .rodata                 const     0x809'8598     0x80  stm32h7xx_hal_uart.o [1]
  .rodata                 const     0x809'8618     0x80  stm32h7xx_ll_sdmmc.o [1]
  .text                   ro code   0x809'8698     0x80  cmox_ecb_common.c.o [4]
  .text                   ro code   0x809'8718     0x10  cmox_ecb_common.c.o [4]
  .text                   ro code   0x809'8728     0x2e  cmox_cipher_utils.c.o [4]
  .rodata                 const     0x809'8758     0x78  git_cli.o [1]
  .rodata                 const     0x809'87d0     0x74  git_cli.o [1]
  .rodata                 const     0x809'8844     0x74  git_cli.o [1]
  .rodata                 const     0x809'88b8     0x70  git_cli.o [1]
  .rodata                 const     0x809'8928     0x70  git_record_file.o [1]
  .text                   ro code   0x809'8998     0x64  cmox_cipher.c.o [4]
  .rodata                 const     0x809'89fc     0x60  git_HSM_SPICommand.o [1]
  .rodata                 const     0x809'8a5c     0x60  git_vci.o [1]
  .rodata                 const     0x809'8abc     0x58  git_cli.o [1]
  .rodata                 const     0x809'8b14     0x58  git_record.o [1]
  .text                   ro code   0x809'8b6c     0x58  cmox_math_armv7em_ewarm_mul-os.s.o [4]
  .rodata                 const     0x809'8bc4     0x54  git_cli.o [1]
  .rodata                 const     0x809'8c18     0x50  cmsis_os.o [1]
  .rodata                 const     0x809'8c68     0x50  git_cli.o [1]
  .rodata                 const     0x809'8cb8     0x50  git_cli.o [1]
  .rodata                 const     0x809'8d08     0x50  git_cli.o [1]
  .rodata                 const     0x809'8d58     0x50  git_cli.o [1]
  .rodata                 const     0x809'8da8     0x50  git_cli.o [1]
  .rodata                 const     0x809'8df8     0x50  iar_Stoulx.o [3]
  .rodata                 const     0x809'8e48     0x50  iar_Stoullx.o [3]
  .rodata                 const     0x809'8e98     0x4c  git_cli.o [1]
  .rodata                 const     0x809'8ee4     0x4c  git_cli.o [1]
  .rodata                 const     0x809'8f30     0x4c  git_cli.o [1]
  .rodata                 const     0x809'8f7c     0x4c  git_cli.o [1]
  .rodata                 const     0x809'8fc8     0x4c  git_cli.o [1]
  .rodata                 const     0x809'9014     0x4c  git_cli.o [1]
  .rodata                 const     0x809'9060     0x4c  git_cli.o [1]
  .rodata                 const     0x809'90ac     0x4c  git_record.o [1]
  .rodata                 const     0x809'90f8     0x4c  stm32h7xx_hal_fdcan.o [1]
  .rodata                 const     0x809'9144     0x4c  xscanffull.o [3]
  .rodata                 const     0x809'9190     0x48  firmware.o [1]
  .rodata                 const     0x809'91d8     0x48  git_cli.o [1]
  .rodata                 const     0x809'9220     0x48  git_cli.o [1]
  .rodata                 const     0x809'9268     0x48  git_cli.o [1]
  .rodata                 const     0x809'92b0     0x48  git_cli.o [1]
  .rodata                 const     0x809'92f8     0x48  git_cli.o [1]
  .rodata                 const     0x809'9340     0x48  git_cli.o [1]
  .rodata                 const     0x809'9388     0x48  git_cli.o [1]
  .rodata                 const     0x809'93d0     0x48  git_cli.o [1]
  .rodata                 const     0x809'9418     0x48  git_cli.o [1]
  .rodata                 const     0x809'9460     0x48  git_cli.o [1]
  .rodata                 const     0x809'94a8     0x48  git_cli.o [1]
  .rodata                 const     0x809'94f0     0x48  git_cli.o [1]
  .rodata                 const     0x809'9538     0x48  git_cli.o [1]
  .rodata                 const     0x809'9580     0x48  git_cli.o [1]
  .rodata                 const     0x809'95c8     0x48  git_cli.o [1]
  .rodata                 const     0x809'9610     0x48  git_cli.o [1]
  .rodata                 const     0x809'9658     0x48  git_cli.o [1]
  .rodata                 const     0x809'96a0     0x48  git_cli.o [1]
  .rodata                 const     0x809'96e8     0x48  git_cli.o [1]
  .rodata                 const     0x809'9730     0x48  git_cli.o [1]
  .rodata                 const     0x809'9778     0x48  git_cli.o [1]
  .rodata                 const     0x809'97c0     0x48  git_cli.o [1]
  .rodata                 const     0x809'9808     0x48  git_cli.o [1]
  .rodata                 const     0x809'9850     0x48  git_cli.o [1]
  .rodata                 const     0x809'9898     0x48  git_cli.o [1]
  .rodata                 const     0x809'98e0     0x48  git_cli.o [1]
  .rodata                 const     0x809'9928     0x48  git_cli.o [1]
  .rodata                 const     0x809'9970     0x48  git_cli.o [1]
  .rodata                 const     0x809'99b8     0x48  git_cli.o [1]
  .rodata                 const     0x809'9a00     0x48  git_cli.o [1]
  .rodata                 const     0x809'9a48     0x48  git_cli.o [1]
  .rodata                 const     0x809'9a90     0x48  git_cli.o [1]
  .rodata                 const     0x809'9ad8     0x48  git_cli.o [1]
  .rodata                 const     0x809'9b20     0x48  git_cli.o [1]
  .rodata                 const     0x809'9b68     0x48  git_cli.o [1]
  .rodata                 const     0x809'9bb0     0x48  git_cli.o [1]
  .rodata                 const     0x809'9bf8     0x48  git_cli.o [1]
  .rodata                 const     0x809'9c40     0x48  git_HSM_Operations.o [1]
  .rodata                 const     0x809'9c88     0x48  git_OBDcomm.o [1]
  .rodata                 const     0x809'9cd0     0x48  strto64.o [5]
  .rodata                 const     0x809'9d18     0x44  git_can.o [1]
  .rodata                 const     0x809'9d5c     0x44  git_can.o [1]
  .rodata                 const     0x809'9da0     0x44  git_cli.o [1]
  .rodata                 const     0x809'9de4     0x44  git_cli.o [1]
  .rodata                 const     0x809'9e28     0x44  git_cli.o [1]
  .rodata                 const     0x809'9e6c     0x44  git_cli.o [1]
  .rodata                 const     0x809'9eb0     0x44  git_cli.o [1]
  .rodata                 const     0x809'9ef4     0x44  git_cli.o [1]
  .rodata                 const     0x809'9f38     0x44  git_cli.o [1]
  .rodata                 const     0x809'9f7c     0x44  git_cli.o [1]
  .rodata                 const     0x809'9fc0     0x44  git_cli.o [1]
  .rodata                 const     0x809'a004     0x44  git_cli.o [1]
  .rodata                 const     0x809'a048     0x44  git_cli.o [1]
  .rodata                 const     0x809'a08c     0x44  git_cli.o [1]
  .rodata                 const     0x809'a0d0     0x44  git_cli.o [1]
  .rodata                 const     0x809'a114     0x44  git_cli.o [1]
  .rodata                 const     0x809'a158     0x44  git_cli.o [1]
  .rodata                 const     0x809'a19c     0x44  git_cli.o [1]
  .rodata                 const     0x809'a1e0     0x44  git_cli.o [1]
  .rodata                 const     0x809'a224     0x44  git_cli.o [1]
  .rodata                 const     0x809'a268     0x44  git_cli.o [1]
  .rodata                 const     0x809'a2ac     0x44  git_cli.o [1]
  .rodata                 const     0x809'a2f0     0x44  git_cli.o [1]
  .rodata                 const     0x809'a334     0x44  git_cli.o [1]
  .rodata                 const     0x809'a378     0x44  git_cli.o [1]
  .rodata                 const     0x809'a3bc     0x44  git_cli.o [1]
  .rodata                 const     0x809'a400     0x44  git_cli.o [1]
  .rodata                 const     0x809'a444     0x44  git_cli.o [1]
  .rodata                 const     0x809'a488     0x44  git_cli.o [1]
  .rodata                 const     0x809'a4cc     0x44  git_cli.o [1]
  .rodata                 const     0x809'a510     0x44  git_cli.o [1]
  .rodata                 const     0x809'a554     0x44  git_cli.o [1]
  .rodata                 const     0x809'a598     0x44  git_cli.o [1]
  .rodata                 const     0x809'a5dc     0x44  git_cli.o [1]
  .rodata                 const     0x809'a620     0x44  git_cli.o [1]
  .rodata                 const     0x809'a664     0x44  git_cli.o [1]
  .rodata                 const     0x809'a6a8     0x44  git_hsm.o [1]
  .rodata                 const     0x809'a6ec     0x44  git_HSM_Operations.o [1]
  .rodata                 const     0x809'a730     0x44  git_protocol.o [1]
  .rodata                 const     0x809'a774     0x44  git_protocol.o [1]
  .rodata                 const     0x809'a7b8     0x44  git_record.o [1]
  .text                   ro code   0x809'a7fc     0x44  cmox_sha256.c.o [4]
  .text                   ro code   0x809'a840     0x1e  cmox_md.c.o [4]
  .text                   ro code   0x809'a85e     0x44  cmox_md.c.o [4]
  .rodata                 const     0x809'a8a4     0x40  git_cli.o [1]
  .rodata                 const     0x809'a8e4     0x40  git_cli.o [1]
  .rodata                 const     0x809'a924     0x40  git_cli.o [1]
  .rodata                 const     0x809'a964     0x40  git_cli.o [1]
  .rodata                 const     0x809'a9a4     0x40  git_cli.o [1]
  .rodata                 const     0x809'a9e4     0x40  git_cli.o [1]
  .rodata                 const     0x809'aa24     0x40  git_cli.o [1]
  .rodata                 const     0x809'aa64     0x40  git_cli.o [1]
  .rodata                 const     0x809'aaa4     0x40  git_cli.o [1]
  .rodata                 const     0x809'aae4     0x40  git_cli.o [1]
  .rodata                 const     0x809'ab24     0x40  git_cli.o [1]
  .rodata                 const     0x809'ab64     0x40  git_cli.o [1]
  .rodata                 const     0x809'aba4     0x40  git_cli.o [1]
  .rodata                 const     0x809'abe4     0x40  git_cli.o [1]
  .rodata                 const     0x809'ac24     0x40  git_cli.o [1]
  .rodata                 const     0x809'ac64     0x40  git_cli.o [1]
  .rodata                 const     0x809'aca4     0x40  git_cli.o [1]
  .rodata                 const     0x809'ace4     0x40  git_cli.o [1]
  .rodata                 const     0x809'ad24     0x40  git_cli.o [1]
  .rodata                 const     0x809'ad64     0x40  git_cli.o [1]
  .rodata                 const     0x809'ada4     0x40  git_cli.o [1]
  .rodata                 const     0x809'ade4     0x40  git_cli.o [1]
  .rodata                 const     0x809'ae24     0x40  git_cli.o [1]
  .rodata                 const     0x809'ae64     0x40  git_cli.o [1]
  .rodata                 const     0x809'aea4     0x40  git_cli.o [1]
  .rodata                 const     0x809'aee4     0x40  git_cli.o [1]
  .rodata                 const     0x809'af24     0x40  git_cli.o [1]
  .rodata                 const     0x809'af64     0x40  git_cli.o [1]
  .rodata                 const     0x809'afa4     0x40  git_cli.o [1]
  .rodata                 const     0x809'afe4     0x40  git_cli.o [1]
  .rodata                 const     0x809'b024     0x40  git_cli.o [1]
  .rodata                 const     0x809'b064     0x40  git_cli.o [1]
  .rodata                 const     0x809'b0a4     0x40  git_cli.o [1]
  .rodata                 const     0x809'b0e4     0x40  git_cli.o [1]
  .rodata                 const     0x809'b124     0x40  git_cli.o [1]
  .rodata                 const     0x809'b164     0x40  git_cli.o [1]
  .rodata                 const     0x809'b1a4     0x40  git_cli.o [1]
  .rodata                 const     0x809'b1e4     0x40  git_cli.o [1]
  .rodata                 const     0x809'b224     0x40  git_cli.o [1]
  .rodata                 const     0x809'b264     0x40  git_cli.o [1]
  .rodata                 const     0x809'b2a4     0x40  git_cli.o [1]
  .rodata                 const     0x809'b2e4     0x40  git_function_list.o [1]
  .rodata                 const     0x809'b324     0x40  git_HSM_Operations.o [1]
  .rodata                 const     0x809'b364     0x40  git_HSM_SPICommand.o [1]
  .rodata                 const     0x809'b3a4     0x40  git_OBDcomm.o [1]
  .rodata                 const     0x809'b3e4     0x40  git_protocol.o [1]
  .rodata                 const     0x809'b424     0x40  git_protocol.o [1]
  .rodata                 const     0x809'b464     0x40  git_protocol.o [1]
  .rodata                 const     0x809'b4a4     0x40  git_protocol.o [1]
  .rodata                 const     0x809'b4e4     0x40  git_record.o [1]
  .rodata                 const     0x809'b524     0x40  git_record.o [1]
  .rodata                 const     0x809'b564     0x40  git_rs9116.o [1]
  .rodata                 const     0x809'b5a4     0x40  git_rs9116.o [1]
  .rodata                 const     0x809'b5e4     0x40  git_trigger.o [1]
  .rodata                 const     0x809'b624     0x3c  git_cli.o [1]
  .rodata                 const     0x809'b660     0x3c  git_cli.o [1]
  .rodata                 const     0x809'b69c     0x3c  git_cli.o [1]
  .rodata                 const     0x809'b6d8     0x3c  git_cli.o [1]
  .rodata                 const     0x809'b714     0x3c  git_cli.o [1]
  .rodata                 const     0x809'b750     0x3c  git_cli.o [1]
  .rodata                 const     0x809'b78c     0x3c  git_cli.o [1]
  .rodata                 const     0x809'b7c8     0x3c  git_cli.o [1]
  .rodata                 const     0x809'b804     0x3c  git_cli.o [1]
  .rodata                 const     0x809'b840     0x3c  git_cli.o [1]
  .rodata                 const     0x809'b87c     0x3c  git_cli.o [1]
  .rodata                 const     0x809'b8b8     0x3c  git_cli.o [1]
  .rodata                 const     0x809'b8f4     0x3c  git_cli.o [1]
  .rodata                 const     0x809'b930     0x3c  git_cli.o [1]
  .rodata                 const     0x809'b96c     0x3c  git_cli.o [1]
  .rodata                 const     0x809'b9a8     0x3c  git_cli.o [1]
  .rodata                 const     0x809'b9e4     0x3c  git_cli.o [1]
  .rodata                 const     0x809'ba20     0x3c  git_cli.o [1]
  .rodata                 const     0x809'ba5c     0x3c  git_cli.o [1]
  .rodata                 const     0x809'ba98     0x3c  git_cli.o [1]
  .rodata                 const     0x809'bad4     0x3c  git_cli.o [1]
  .rodata                 const     0x809'bb10     0x3c  git_cli.o [1]
  .rodata                 const     0x809'bb4c     0x3c  git_cli.o [1]
  .rodata                 const     0x809'bb88     0x3c  git_cli.o [1]
  .rodata                 const     0x809'bbc4     0x3c  git_cli.o [1]
  .rodata                 const     0x809'bc00     0x3c  git_cli.o [1]
  .rodata                 const     0x809'bc3c     0x3c  git_cli.o [1]
  .rodata                 const     0x809'bc78     0x3c  git_cli.o [1]
  .rodata                 const     0x809'bcb4     0x3c  git_cli.o [1]
  .rodata                 const     0x809'bcf0     0x3c  git_cli.o [1]
  .rodata                 const     0x809'bd2c     0x3c  git_cli.o [1]
  .rodata                 const     0x809'bd68     0x3c  git_cli.o [1]
  .rodata                 const     0x809'bda4     0x3c  git_cli.o [1]
  .rodata                 const     0x809'bde0     0x3c  git_cli.o [1]
  .rodata                 const     0x809'be1c     0x3c  git_cli.o [1]
  .rodata                 const     0x809'be58     0x3c  git_cli.o [1]
  .rodata                 const     0x809'be94     0x3c  git_cli.o [1]
  .rodata                 const     0x809'bed0     0x3c  git_cli.o [1]
  .rodata                 const     0x809'bf0c     0x3c  git_HSM_Operations.o [1]
  .rodata                 const     0x809'bf48     0x3c  git_HSM_Operations.o [1]
  .rodata                 const     0x809'bf84     0x3c  git_HSM_SPICommand.o [1]
  .rodata                 const     0x809'bfc0     0x3c  git_protocol.o [1]
  .rodata                 const     0x809'bffc     0x3c  git_protocol.o [1]
  .rodata                 const     0x809'c038     0x3c  git_rs9116.o [1]
  .rodata                 const     0x809'c074     0x3c  git_rs9116.o [1]
  .rodata                 const     0x809'c0b0     0x3c  git_trigger.o [1]
  .text                   ro code   0x809'c0ec     0x3c  cmox_hmac_sha256.c.o [4]
  .text                   ro code   0x809'c128     0x1c  cmox_hmac.c.o [4]
  .text                   ro code   0x809'c144     0x3c  cmox_ecb_aesfast_decrypt.c.o [4]
  .text                   ro code   0x809'c180     0x14  cmox_ecb_common.c.o [4]
  .text                   ro code   0x809'c194     0x3c  cmox_ecb_aesfast_encrypt.c.o [4]
  .text                   ro code   0x809'c1d0     0x3c  cmox_hmac.c.o [4]
  .rodata                 const     0x809'c20c     0x38  common.o [1]
  .rodata                 const     0x809'c244     0x38  firmware.o [1]
  .rodata                 const     0x809'c27c     0x38  firmware.o [1]
  .rodata                 const     0x809'c2b4     0x38  firmware.o [1]
  .rodata                 const     0x809'c2ec     0x38  firmware.o [1]
  .rodata                 const     0x809'c324     0x38  freertos.o [1]
[...]
                         0x80a'7e90     0x20  Data  Lc  git_cli.o [1]
runCliCommand{7}{14}{15}{149}{150}{152}{153}{155}{156}{160}{161}{167}{168}{173}{174}{177}{178}{181}{182}{185}{186}{195}{196}{198}{199}{221}{222}{224}{225}{238}{239}{246}{247}{249}{250}{252}{253}{255}{256}{262}{263}{281}{282}{304}{305}{307}{308}{310}{311}{322}{323}{341}{342}{348}{349}{352}{353}{361}{362}{365}{366}{370}{371}{375}{376}{378}{379}{404}{405}{407}{408}{416}{417}{419}{420}{422}{423}{425}{426}{428}{429}{432}{433}{437}{438}{440}{441}{448}{449}{468}{469}{472}{473}{480}{481}{483}{484}{494}{495}{496}{499}{500}{923}::random_sr
                         0x80a'e22c     0x10  Data  Lc  git_cli.o [1]
runCliCommand{7}{14}{15}{149}{150}{152}{153}{155}{156}{160}{161}{167}{168}{173}{174}{177}{178}{181}{182}{185}{186}{195}{196}{198}{199}{221}{222}{224}{225}{238}{239}{246}{247}{249}{250}{252}{253}{255}{256}{262}{263}{281}{282}{304}{305}{307}{308}{310}{311}{322}{323}{341}{342}{348}{349}{352}{353}{361}{362}{365}{366}{370}{371}{375}{376}{378}{379}{404}{405}{407}{408}{416}{417}{419}{420}{422}{423}{425}{426}{428}{429}{432}{433}{437}{438}{440}{441}{448}{449}{468}{469}{472}{473}{480}{481}{483}{484}{494}{495}{496}{499}{500}{923}::test_km
                         0x80a'e23c     0x10  Data  Lc  git_cli.o [1]
runCliCommand{7}{14}{15}{149}{150}{152}{153}{155}{156}{160}{161}{167}{168}{173}{174}{177}{178}{181}{182}{185}{186}{195}{196}{198}{199}{221}{222}{224}{225}{238}{239}{246}{247}{249}{250}{252}{253}{255}{256}{262}{263}{281}{282}{304}{305}{307}{308}{310}{311}{322}{323}{341}{342}{348}{349}{352}{353}{361}{362}{365}{366}{370}{371}{375}{376}{378}{379}{404}{405}{407}{408}{416}{417}{419}{420}{422}{423}{425}{426}{428}{429}{432}{433}{437}{438}{440}{441}{448}{449}{468}{469}{472}{473}{480}{481}{483}{484}{494}{495}{496}{499}{500}{963}::random_sr
                         0x80a'e24c     0x10  Data  Lc  git_cli.o [1]
runCliCommand{7}{14}{15}{149}{150}{152}{153}{155}{156}{160}{161}{167}{168}{173}{174}{177}{178}{181}{182}{185}{186}{195}{196}{198}{199}{221}{222}{224}{225}{238}{239}{246}{247}{249}{250}{252}{253}{255}{256}{262}{263}{281}{282}{304}{305}{307}{308}{310}{311}{322}{323}{341}{342}{348}{349}{352}{353}{361}{362}{365}{366}{370}{371}{375}{376}{378}{379}{404}{405}{407}{408}{416}{417}{419}{420}{422}{423}{425}{426}{428}{429}{432}{433}{437}{438}{440}{441}{448}{449}{468}{469}{472}{473}{480}{481}{483}{484}{494}{495}{496}{499}{500}{963}::test_km
                         0x80a'7eb0     0x20  Data  Lc  git_cli.o [1]
rxBuff                  0x3000'3dec      0x8  Data  Lc  git_kl.o [1]
sConfig                 0x2407'8c88     0x1c  Data  Gb  buzzer.o [1]
sPinParams              0x2407'8e20      0xc  Data  Gb  git_pm.o [1]
saveFirmwareInfo_EMMC    0x803'ee21     0xae  Code  Gb  firmware.o [1]
saveFirmwareInfo_Flash   0x803'ed31     0xc2  Code  Gb  firmware.o [1]
saveFirmwareInfo_Flash::__FUNCTION__
                         0x80a'ad38     0x18  Data  Lc  firmware.o [1]
scalbln                  0x808'1a51           Code  Gb  ldexp.o [5]
scalblnl                 0x808'1a51           Code  Gb  ldexp.o [5]
scalbn                   0x808'1a51           Code  Gb  ldexp.o [5]
scalbnl                  0x808'1a51           Code  Gb  ldexp.o [5]
scale                    0x805'9543     0x46  Code  Lc  xprintffull.o [3]
scan_files               0x808'ac79    0x1a8  Code  Gb  git_record_file.o [1]
scan_files::__func__     0x80a'f4d8      0xc  Data  Lc  git_record_file.o [1]
scan_results_array      0x2407'8fbc      0x4  Data  Gb  rsi_wlan.o [1]
scratch                 0x2407'34ec    0x800  Data  Lc  user_diskio.o [1]
se_close                 0x803'b4d5      0xa  Code  Gb  git_hsm.o [1]
se_open                  0x803'b071    0x304  Code  Gb  git_hsm.o [1]
se_open::__FUNCTION__    0x80a'fb58      0x8  Data  Lc  git_hsm.o [1]
se_tranreceive           0x803'b4df    0x172  Code  Gb  git_hsm.o [1]
sec_hand                0x2407'903c      0x4  Data  Lc  xfail_s.o [3]
secondloop_bb_cmp        0x803'09d3     0x36  Code  Lc  cmox_utils_compare.c.o [4]
segment_holding          0x806'91d9     0x1a  Code  Lc  dlmalloc.o [3]
send_APDU                0x804'b7cb     0x8c  Code  Gb  git_hsm_api.o [1]
send_timeout             0x803'7bc5     0x98  Code  Gb  rsi_wlan_apis.o [1]
setFilter1               0x804'e00b     0xac  Code  Gb  git_can.o [1]
setFilter1::__FUNCTION__
                         0x80a'eea8      0xc  Data  Lc  git_can.o [1]
setRSA_Encrypt           0x803'bae1    0x18c  Code  Gb  git_hsm.o [1]
setWakeUpSource          0x804'6559    0x1be  Code  Gb  git_pm.o [1]
snprintf                 0x803'46f9     0x44  Code  Gb  snprintf.o [3]
socket_notify_callback   0x803'6c05     0x82  Code  Gb  git_rs9116.o [1]
socket_terminate_callback
                         0x803'6b8d     0x6c  Code  Gb  git_rs9116.o [1]
sound                    0x809'10d4    0x288  Data  Gb  buzzer.o [1]
spi_cmd_r_cmd            0x804'af41    0x24e  Code  Gb  git_HSM_SPICommand.o [1]
spi_cmd_r_cmd::__FUNCTION__
                         0x80a'e66c     0x10  Data  Lc  git_HSM_SPICommand.o [1]
spi_cmd_r_cs             0x804'a93d     0xe6  Code  Gb  git_HSM_SPICommand.o [1]
spi_cmd_r_cs::__FUNCTION__
                         0x80a'e63c     0x10  Data  Lc  git_HSM_SPICommand.o [1]
spi_cmd_w_cc             0x804'aa23    0x140  Code  Gb  git_HSM_SPICommand.o [1]
spi_cmd_w_cc::__FUNCTION__
                         0x80a'e64c     0x10  Data  Lc  git_HSM_SPICommand.o [1]
spi_cmd_w_cmd            0x804'ab63    0x230  Code  Gb  git_HSM_SPICommand.o [1]
spi_cmd_w_cmd_5byte      0x804'ad99    0x1a4  Code  Gb  git_HSM_SPICommand.o [1]
spp_data                0x3003'07a0    0x138  Data  Lc  git_rs9116.o [1]
sprintf                  0x803'7b21     0x40  Code  Gb  sprintf.o [3]
sscanf                   0x808'23c1     0x28  Code  Gb  sscanf.o [3]
stBuzzerInfo            0x2407'8d3c     0x14  Data  Gb  buzzer.o [1]
stPeriodicMsgInfo       0x3000'3d58     0x88  Data  Gb  git_OBDcomm.o [1]
st_clust                 0x803'15ff     0x2a  Code  Lc  ff.o [1]
st_dword                 0x803'0bb5     0x18  Code  Lc  ff.o [1]
st_word                  0x803'0ba7      0xe  Code  Lc  ff.o [1]
startFDCan               0x804'dedd     0xea  Code  Gb  git_can.o [1]
startFDCan::__FUNCTION__
                         0x80a'ee90      0xc  Data  Lc  git_can.o [1]
startFDCanThread         0x804'dea1     0x3c  Code  Gb  git_can.o [1]
startFDCanThread::__FUNCTION__
                         0x80a'c808     0x14  Data  Lc  git_can.o [1]
stopFDCan                0x804'dfc7     0x44  Code  Gb  git_can.o [1]
stopFDCan::__FUNCTION__
                         0x80a'ee9c      0xc  Data  Lc  git_can.o [1]
str_conn_bd_addr        0x3003'09c8     0x14  Data  Lc  git_rs9116.o [1]
strchr                   0x808'18e1           Code  Gb  strchr.o [6]
strcmp                   0x803'09c1           Code  Gb  strcmp.o [6]
strcpy                   0x803'09a9           Code  Gb  strcpy.o [6]
strcspn                  0x805'9cd5     0x22  Code  Gb  strcspn.o [3]
strlen                   0x803'aeb9           Code  Gb  strlen.o [6]
strncmp                  0x803'46b3     0x28  Code  Gb  strncmp.o [3]
strncpy                  0x806'60f5           Code  Gb  strncpy.o [6]
strspn                   0x805'9cb3     0x22  Code  Gb  strspn.o [3]
strstr                   0x806'a6bd     0x30  Code  Gb  strstr.o [3]
strtok                   0x804'6a51     0x4c  Code  Gb  strtok.o [3]
strtok_r                 0x803'0855     0x38  Code  Gb  strtok_r.o [3]
strtol                   0x804'a8c7      0x4  Code  Gb  iar_Stolx.o [3]
strtoll                  0x808'db25      0x2  Code  Gb  iar_Stollx.o [3]
strtoul                  0x803'0b55      0x2  Code  Gb  iar_Stoulx.o [3]
strtoull                 0x808'dcd9      0x2  Code  Gb  iar_Stoullx.o [3]
sum_sfn                  0x803'18bd     0x20  Code  Lc  ff.o [1]
sw                      0x2407'9046      0x2  Data  Gb  git_hsm_api.o [1]
sync_fs                  0x803'0ed3     0x96  Code  Lc  ff.o [1]
sync_window              0x803'0e37     0x5a  Code  Lc  ff.o [1]
sys_alloc                0x806'9799    0x164  Code  Lc  dlmalloc.o [3]
sys_trim                 0x806'98fd     0x64  Code  Lc  dlmalloc.o [3]
t_len                   0x3003'09f8      0x4  Data  Gb  git_rs9116.o [1]
test_d                  0x3002'af48   0x1388  Data  Gb  git_rs9116.o [1]
tmalloc_large            0x806'996d    0x386  Code  Lc  dlmalloc.o [3]
tmalloc_small            0x806'9cf3    0x200  Code  Lc  dlmalloc.o [3]
tolower                  0x805'9d0b     0x14  Code  Gb  tolower.o [3]
transmitFDCanThread      0x804'e81d     0xd8  Code  Lc  git_can.o [1]
transmitFDCanThread::__FUNCTION__
                         0x80a'c81c     0x14  Data  Lc  git_can.o [1]
transmitHSMCommand       0x803'b01f     0x44  Code  Gb  git_hsm.o [1]
transmitKL               0x803'ffe7     0x72  Code  Gb  git_kl.o [1]
transmitKL_ByteTime      0x804'0145     0xa6  Code  Gb  git_kl.o [1]
transmitKL_ByteTime_bosch
                         0x804'0059     0xec  Code  Gb  git_kl.o [1]
transmitKL_ByteTime_wabco_abs
                         0x804'01eb    0x15c  Code  Gb  git_kl.o [1]
transmitThread           0x807'22bd    0x630  Code  Gb  git_protocol.o [1]
transmitThread::__FUNCTION__
                         0x80a'e86c     0x10  Data  Lc  git_protocol.o [1]
tt_end                  0x2407'8e74      0x4  Data  Gb  git_cli.o [1]
tt_start                0x2407'8e70      0x4  Data  Gb  git_cli.o [1]
txBuff                  0x3000'0000      0x8  Data  Lc  git_kl.o [1]
uartCliTh               0x2407'8e6c      0x4  Data  Gb  git_cli.o [1]
uartCliThread            0x802'e3fd     0xc8  Code  Gb  git_cli.o [1]
uartSetBaudRate          0x804'147d     0xa2  Code  Gb  git_kl.o [1]
ucHeap                  0x2400'04b4  0x61800  Data  Lc  main.o [1]
ucMaxSysCallPriority    0x2407'909a      0x1  Data  Lc  port.o [1]
ulMaxPRIGROUPValue      0x2407'8f88      0x4  Data  Lc  port.o [1]
unlock_fs                0x803'0c49     0x2a  Code  Lc  ff.o [1]
unmountFatFS             0x804'6bc9     0x8a  Code  Gb  git_mmc.o [1]
uwTick                  0x2407'8fc8      0x4  Data  Gb  stm32h7xx_hal.o [1]
uwTickFreq              0x2400'04b0      0x1  Data  Gb  stm32h7xx_hal.o [1]
uwTickPrio              0x2400'0244      0x4  Data  Gb  stm32h7xx_hal.o [1]
uxCriticalNesting       0x2400'0240      0x4  Data  Lc  port.o [1]
uxCurrentNumberOfTasks  0x2407'8fec      0x4  Data  Lc  tasks.o [1]
uxDeletedTasksWaitingCleanUp
                        0x2407'8fe8      0x4  Data  Lc  tasks.o [1]
uxListRemove             0x807'dc77     0x28  Code  Gb  list.o [1]
uxQueueSpacesAvailable   0x805'885d     0x2c  Code  Gb  queue.o [1]
uxSchedulerSuspended    0x2407'9014      0x4  Data  Lc  tasks.o [1]
uxTaskNumber            0x2407'9008      0x4  Data  Lc  tasks.o [1]
uxTaskResetEventItemValue
                         0x805'75a1     0x16  Code  Gb  tasks.o [1]
uxTopReadyPriority      0x2407'8ff4      0x4  Data  Lc  tasks.o [1]
vApplicationGetIdleTaskMemory
                         0x806'5119     0x14  Code  Gb  freertos.o [1]
vApplicationGetTimerTaskMemory
                         0x806'512d     0x14  Code  Gb  freertos.o [1]
vListInitialise          0x807'dc05     0x1e  Code  Gb  list.o [1]
vListInitialiseItem      0x807'dc23      0x6  Code  Gb  list.o [1]
vListInsert              0x807'dc41     0x36  Code  Gb  list.o [1]
vListInsertEnd           0x807'dc29     0x18  Code  Gb  list.o [1]
vPortDefineHeapRegions   0x804'fc97    0x120  Code  Gb  heap_5.o [1]
vPortEnableVFP           0x808'17c1           Code  Gb  portasm.o [1]
vPortEnterCritical       0x805'8c31     0x34  Code  Gb  port.o [1]
vPortExitCritical        0x805'8c65     0x2c  Code  Gb  port.o [1]
vPortFree                0x804'fbb1     0x7c  Code  Gb  heap_5.o [1]
vPortStartFirstTask      0x808'17a1           Code  Gb  portasm.o [1]
vPortValidateInterruptPriority
                         0x805'8cb9     0x4e  Code  Gb  port.o [1]
vQueueAddToRegistry      0x805'8a71     0x26  Code  Gb  queue.o [1]
vQueueDelete             0x805'8889     0x30  Code  Gb  queue.o [1]
vQueueUnregisterQueue    0x805'8a97     0x28  Code  Gb  queue.o [1]
vQueueWaitForMessageRestricted
                         0x805'8ac5     0x4c  Code  Gb  queue.o [1]
vTaskDelay               0x805'6b2b     0x4e  Code  Gb  tasks.o [1]
vTaskDelete              0x805'6a5d     0xce  Code  Gb  tasks.o [1]
vTaskInternalSetTimeOutState
                         0x805'713b     0x12  Code  Gb  tasks.o [1]
vTaskMissedYield         0x805'71e9      0xa  Code  Gb  tasks.o [1]
vTaskPlaceOnEventList    0x805'6f11     0x34  Code  Gb  tasks.o [1]
vTaskPlaceOnEventListRestricted
                         0x805'6fa5     0x40  Code  Gb  tasks.o [1]
vTaskPlaceOnUnorderedEventList
                         0x805'6f45     0x56  Code  Gb  tasks.o [1]
vTaskPriorityDisinheritAfterTimeout
                         0x805'74b9     0xde  Code  Gb  tasks.o [1]
vTaskRemoveFromUnorderedEventList
                         0x805'7081     0x82  Code  Gb  tasks.o [1]
vTaskSetTimeOutState     0x805'7109     0x32  Code  Gb  tasks.o [1]
vTaskStartScheduler      0x805'6c05     0x9a  Code  Gb  tasks.o [1]
vTaskSuspendAll          0x805'6c9f      0xc  Code  Gb  tasks.o [1]
vTaskSwitchContext       0x805'6ea5     0x6c  Code  Gb  tasks.o [1]
validate                 0x803'25fb     0x64  Code  Lc  ff.o [1]
wait_for_host_status     0x804'b18f    0x116  Code  Gb  git_HSM_SPICommand.o [1]
wctob                    0x808'da51     0x32  Code  Gb  wctob.o [3]
workBuffer              0x3003'0130    0x400  Data  Gb  git_mmc.o [1]
writeByteFlash           0x807'06a7     0x66  Code  Gb  flash_if.o [1]
write_bytes              0x803'b801     0x78  Code  Lc  git_hsm.o [1]
write_bytes::__FUNCTION__
                         0x80a'f2a4      0xc  Data  Lc  git_hsm.o [1]
xActiveTimerList1       0x2407'8ddc     0x14  Data  Lc  timers.o [1]
xActiveTimerList2       0x2407'8df0     0x14  Data  Lc  timers.o [1]
xBlockAllocatedBit      0x2407'8f84      0x4  Data  Lc  heap_5.o [1]
xDelayedTaskList1       0x2407'8d78     0x14  Data  Lc  tasks.o [1]
xDelayedTaskList2       0x2407'8d8c     0x14  Data  Lc  tasks.o [1]
xEventGroupCreate        0x804'67d1     0x20  Code  Gb  event_groups.o [1]
xEventGroupSetBits       0x804'6941     0xd6  Code  Gb  event_groups.o [1]
xEventGroupWaitBits      0x804'67f1    0x14a  Code  Gb  event_groups.o [1]
xFreeBytesRemaining     0x2407'8f74      0x4  Data  Lc  heap_5.o [1]
xHeapRegions             0x80a'14cc     0x30  Data  Gb  main.o [1]
xHeapStructSize          0x80a'ff7c      0x4  Data  Lc  heap_5.o [1]
xIdleStack              0x2406'd6fc   0x1000  Data  Lc  freertos.o [1]
xIdleTaskHandle         0x2407'9010      0x4  Data  Lc  tasks.o [1]
xIdleTaskTCBBuffer      0x2407'875c     0x5c  Data  Lc  freertos.o [1]
xMinimumEverFreeBytesRemaining
                        0x2407'8f78      0x4  Data  Lc  heap_5.o [1]
xNextTaskUnblockTime    0x2407'900c      0x4  Data  Lc  tasks.o [1]
xNumOfOverflows         0x2407'9004      0x4  Data  Lc  tasks.o [1]
xNumberOfSuccessfulAllocations
                        0x2407'8f7c      0x4  Data  Lc  heap_5.o [1]
xNumberOfSuccessfulFrees
                        0x2407'8f80      0x4  Data  Lc  heap_5.o [1]
xPendedTicks            0x2407'8ffc      0x4  Data  Lc  tasks.o [1]
xPendingReadyList       0x2407'8da0     0x14  Data  Lc  tasks.o [1]
xPortGetFreeHeapSize     0x804'fc2d      0x6  Code  Gb  heap_5.o [1]
xPortGetMinimumEverFreeHeapSize
                         0x804'fc33      0x6  Code  Gb  heap_5.o [1]
xPortStartScheduler      0x805'8b63     0xce  Code  Gb  port.o [1]
xQueueCreateMutex        0x805'8101     0x20  Code  Gb  queue.o [1]
xQueueCreateMutexStatic
                         0x805'8121     0x2e  Code  Gb  queue.o [1]
xQueueGenericCreate      0x805'8057     0x52  Code  Gb  queue.o [1]
xQueueGenericCreateStatic
                         0x805'7f95     0xc2  Code  Gb  queue.o [1]
xQueueGenericReset       0x805'7f01     0x94  Code  Gb  queue.o [1]
xQueueGenericSend        0x805'814f    0x1a6  Code  Gb  queue.o [1]
xQueueGenericSendFromISR
                         0x805'82f5     0xe4  Code  Gb  queue.o [1]
xQueueGiveFromISR        0x805'83d9     0xc4  Code  Gb  queue.o [1]
xQueueIsQueueFullFromISR
                         0x805'8a49     0x28  Code  Gb  queue.o [1]
xQueueReceive            0x805'849d    0x16a  Code  Gb  queue.o [1]
xQueueReceiveFromISR     0x805'87ad     0xb0  Code  Gb  queue.o [1]
xQueueRegistry          0x2407'8b18     0x40  Data  Gb  queue.o [1]
xQueueSemaphoreTake      0x805'8607    0x1a2  Code  Gb  queue.o [1]
xSchedulerRunning       0x2407'8ff8      0x4  Data  Lc  tasks.o [1]
xStart                  0x2407'8e40      0x8  Data  Lc  heap_5.o [1]
xStreamBufferBytesAvailable
                         0x805'f051     0x22  Code  Gb  stream_buffer.o [1]
xStreamBufferGenericCreate
                         0x805'ef51     0x84  Code  Gb  stream_buffer.o [1]
xStreamBufferReceive     0x805'f275     0xe6  Code  Gb  stream_buffer.o [1]
xStreamBufferReset       0x805'efd5     0x4c  Code  Gb  stream_buffer.o [1]
xStreamBufferSend        0x805'f073    0x10e  Code  Gb  stream_buffer.o [1]
xStreamBufferSendFromISR
                         0x805'f181     0xa2  Code  Gb  stream_buffer.o [1]
xStreamBufferSpacesAvailable
                         0x805'f021     0x30  Code  Gb  stream_buffer.o [1]
xSuspendedTaskList      0x2407'8dc8     0x14  Data  Lc  tasks.o [1]
xTaskCheckForTimeOut     0x805'7151     0x8e  Code  Gb  tasks.o [1]
xTaskCreate              0x805'685f     0x7a  Code  Gb  tasks.o [1]
xTaskCreateStatic        0x805'67c1     0x9e  Code  Gb  tasks.o [1]
xTaskGenericNotify       0x805'7671    0x11a  Code  Gb  tasks.o [1]
xTaskGenericNotifyFromISR
                         0x805'778b    0x13e  Code  Gb  tasks.o [1]
xTaskGetCurrentTaskHandle
                         0x805'731f      0x8  Code  Gb  tasks.o [1]
xTaskGetSchedulerState   0x805'7327     0x20  Code  Gb  tasks.o [1]
xTaskGetTickCount        0x805'6d93      0x8  Code  Gb  tasks.o [1]
xTaskIncrementTick       0x805'6d9b    0x10a  Code  Gb  tasks.o [1]
xTaskNotifyStateClear    0x805'78d5     0x30  Code  Gb  tasks.o [1]
xTaskNotifyWait          0x805'75d1     0x9a  Code  Gb  tasks.o [1]
xTaskPriorityDisinherit
                         0x805'73f5     0xb2  Code  Gb  tasks.o [1]
xTaskPriorityInherit     0x805'7347     0xae  Code  Gb  tasks.o [1]
xTaskRemoveFromEventList
                         0x805'6ff5     0x82  Code  Gb  tasks.o [1]
xTaskResumeAll           0x805'6cab     0xe8  Code  Gb  tasks.o [1]
xTasksWaitingTermination
                        0x2407'8db4     0x14  Data  Lc  tasks.o [1]
xTickCount              0x2407'8ff0      0x4  Data  Lc  tasks.o [1]
xTimerCreate             0x805'7a3d     0x3a  Code  Gb  timers.o [1]
xTimerCreateTimerTask    0x805'79d1     0x6c  Code  Gb  timers.o [1]
xTimerGenericCommand     0x805'7acb     0x82  Code  Gb  timers.o [1]
xTimerQueue             0x2407'9020      0x4  Data  Lc  timers.o [1]
xTimerStack             0x2407'0cec    0x800  Data  Lc  freertos.o [1]
xTimerTaskHandle        0x2407'9024      0x4  Data  Lc  timers.o [1]
xTimerTaskTCBBuffer     0x2407'87b8     0x5c  Data  Lc  freertos.o [1]
xYieldPending           0x2407'9000      0x4  Data  Lc  tasks.o [1]


[1] = Z:\11_Work\00_Git_Source\02_Diagnosis\CDP-git\vci3_cdp_project\03_Record\EWARM\03_Record\Obj
[2] = STM32CryptographicV3.1.1_STM32H7_IARv8.a
[3] = dl7M_tlf.a
[4] = libSTM32Cryptographic_CM7.a
[5] = m7M_tlv.a
[6] = rt7M_tl.a
[7] = shb_l.a

  473 728 bytes of readonly  code memory
  121 192 bytes of readonly  data memory
  604 531 bytes of readwrite data memory

Errors: none
Warnings: none
