###############################################################################
#
# IAR ELF Linker V8.32.1.169/W32 for ARM                  20/Aug/2026  10:27:55
# Copyright 2007-2018 IAR Systems AB.
#
#    Output file  =  
#        Z:\11_Work\00_Git_Source\02_Diagnosis\CDP-git\vci3_cdp_project\02_Diagnosis\EWARM\02_Diagnosis\Exe\vci3_main.out
#    Map file     =  
#        Z:\11_Work\00_Git_Source\02_Diagnosis\CDP-git\vci3_cdp_project\02_Diagnosis\EWARM\02_Diagnosis\List\vci3_main.map
#    Command line =  
#        -f C:\Users\User\AppData\Local\Temp\EWE094.tmp
#        (Z:\11_Work\00_Git_Source\02_Diagnosis\CDP-git\vci3_cdp_project\02_Diagnosis\EWARM\02_Diagnosis\Obj\adc.o
#        Z:\11_Work\00_Git_Source\02_Diagnosis\CDP-git\vci3_cdp_project\02_Diagnosis\EWARM\02_Diagnosis\Obj\adler32.o
#        Z:\11_Work\00_Git_Source\02_Diagnosis\CDP-git\vci3_cdp_project\02_Diagnosis\EWARM\02_Diagnosis\Obj\arp.o
#        Z:\11_Work\00_Git_Source\02_Diagnosis\CDP-git\vci3_cdp_project\02_Diagnosis\EWARM\02_Diagnosis\Obj\auto_ip.o
#        Z:\11_Work\00_Git_Source\02_Diagnosis\CDP-git\vci3_cdp_project\02_Diagnosis\EWARM\02_Diagnosis\Obj\bsd_socket.o
#        Z:\11_Work\00_Git_Source\02_Diagnosis\CDP-git\vci3_cdp_project\02_Diagnosis\EWARM\02_Diagnosis\Obj\bsp_mmc.o
#        Z:\11_Work\00_Git_Source\02_Diagnosis\CDP-git\vci3_cdp_project\02_Diagnosis\EWARM\02_Diagnosis\Obj\buzzer.o
#        Z:\11_Work\00_Git_Source\02_Diagnosis\CDP-git\vci3_cdp_project\02_Diagnosis\EWARM\02_Diagnosis\Obj\ccsbcs.o
#        Z:\11_Work\00_Git_Source\02_Diagnosis\CDP-git\vci3_cdp_project\02_Diagnosis\EWARM\02_Diagnosis\Obj\cmox_low_level.o
#        Z:\11_Work\00_Git_Source\02_Diagnosis\CDP-git\vci3_cdp_project\02_Diagnosis\EWARM\02_Diagnosis\Obj\cmsis_os.o
#        Z:\11_Work\00_Git_Source\02_Diagnosis\CDP-git\vci3_cdp_project\02_Diagnosis\EWARM\02_Diagnosis\Obj\common.o
#        Z:\11_Work\00_Git_Source\02_Diagnosis\CDP-git\vci3_cdp_project\02_Diagnosis\EWARM\02_Diagnosis\Obj\compress.o
#        Z:\11_Work\00_Git_Source\02_Diagnosis\CDP-git\vci3_cdp_project\02_Diagnosis\EWARM\02_Diagnosis\Obj\cpu_endian.o
#        Z:\11_Work\00_Git_Source\02_Diagnosis\CDP-git\vci3_cdp_project\02_Diagnosis\EWARM\02_Diagnosis\Obj\crc.o
#        Z:\11_Work\00_Git_Source\02_Diagnosis\CDP-git\vci3_cdp_project\02_Diagnosis\EWARM\02_Diagnosis\Obj\crc32.o
#        Z:\11_Work\00_Git_Source\02_Diagnosis\CDP-git\vci3_cdp_project\02_Diagnosis\EWARM\02_Diagnosis\Obj\croutine.o
#        Z:\11_Work\00_Git_Source\02_Diagnosis\CDP-git\vci3_cdp_project\02_Diagnosis\EWARM\02_Diagnosis\Obj\date_time.o
#        Z:\11_Work\00_Git_Source\02_Diagnosis\CDP-git\vci3_cdp_project\02_Diagnosis\EWARM\02_Diagnosis\Obj\debug.o
#        Z:\11_Work\00_Git_Source\02_Diagnosis\CDP-git\vci3_cdp_project\02_Diagnosis\EWARM\02_Diagnosis\Obj\deflate.o
#        Z:\11_Work\00_Git_Source\02_Diagnosis\CDP-git\vci3_cdp_project\02_Diagnosis\EWARM\02_Diagnosis\Obj\dhcp_client.o
#        Z:\11_Work\00_Git_Source\02_Diagnosis\CDP-git\vci3_cdp_project\02_Diagnosis\EWARM\02_Diagnosis\Obj\dhcp_common.o
#        Z:\11_Work\00_Git_Source\02_Diagnosis\CDP-git\vci3_cdp_project\02_Diagnosis\EWARM\02_Diagnosis\Obj\dhcp_debug.o
#        Z:\11_Work\00_Git_Source\02_Diagnosis\CDP-git\vci3_cdp_project\02_Diagnosis\EWARM\02_Diagnosis\Obj\dhcp_server.o
#        Z:\11_Work\00_Git_Source\02_Diagnosis\CDP-git\vci3_cdp_project\02_Diagnosis\EWARM\02_Diagnosis\Obj\diskio.o
#        Z:\11_Work\00_Git_Source\02_Diagnosis\CDP-git\vci3_cdp_project\02_Diagnosis\EWARM\02_Diagnosis\Obj\dma.o
#        Z:\11_Work\00_Git_Source\02_Diagnosis\CDP-git\vci3_cdp_project\02_Diagnosis\EWARM\02_Diagnosis\Obj\dns_cache.o
#        Z:\11_Work\00_Git_Source\02_Diagnosis\CDP-git\vci3_cdp_project\02_Diagnosis\EWARM\02_Diagnosis\Obj\dns_client.o
#        Z:\11_Work\00_Git_Source\02_Diagnosis\CDP-git\vci3_cdp_project\02_Diagnosis\EWARM\02_Diagnosis\Obj\dns_common.o
#        Z:\11_Work\00_Git_Source\02_Diagnosis\CDP-git\vci3_cdp_project\02_Diagnosis\EWARM\02_Diagnosis\Obj\dns_debug.o
#        Z:\11_Work\00_Git_Source\02_Diagnosis\CDP-git\vci3_cdp_project\02_Diagnosis\EWARM\02_Diagnosis\Obj\drv_canfdspi_api.o
#        Z:\11_Work\00_Git_Source\02_Diagnosis\CDP-git\vci3_cdp_project\02_Diagnosis\EWARM\02_Diagnosis\Obj\drv_spi.o
#        Z:\11_Work\00_Git_Source\02_Diagnosis\CDP-git\vci3_cdp_project\02_Diagnosis\EWARM\02_Diagnosis\Obj\ethernet.o
#        Z:\11_Work\00_Git_Source\02_Diagnosis\CDP-git\vci3_cdp_project\02_Diagnosis\EWARM\02_Diagnosis\Obj\ethernet_misc.o
#        Z:\11_Work\00_Git_Source\02_Diagnosis\CDP-git\vci3_cdp_project\02_Diagnosis\EWARM\02_Diagnosis\Obj\event_groups.o
#        Z:\11_Work\00_Git_Source\02_Diagnosis\CDP-git\vci3_cdp_project\02_Diagnosis\EWARM\02_Diagnosis\Obj\fatfs.o
#        Z:\11_Work\00_Git_Source\02_Diagnosis\CDP-git\vci3_cdp_project\02_Diagnosis\EWARM\02_Diagnosis\Obj\fdcan.o
#        Z:\11_Work\00_Git_Source\02_Diagnosis\CDP-git\vci3_cdp_project\02_Diagnosis\EWARM\02_Diagnosis\Obj\ff.o
#        Z:\11_Work\00_Git_Source\02_Diagnosis\CDP-git\vci3_cdp_project\02_Diagnosis\EWARM\02_Diagnosis\Obj\ff_gen_drv.o
#        Z:\11_Work\00_Git_Source\02_Diagnosis\CDP-git\vci3_cdp_project\02_Diagnosis\EWARM\02_Diagnosis\Obj\firmware.o
#        Z:\11_Work\00_Git_Source\02_Diagnosis\CDP-git\vci3_cdp_project\02_Diagnosis\EWARM\02_Diagnosis\Obj\flash_if.o
#        Z:\11_Work\00_Git_Source\02_Diagnosis\CDP-git\vci3_cdp_project\02_Diagnosis\EWARM\02_Diagnosis\Obj\freertos.o
#        Z:\11_Work\00_Git_Source\02_Diagnosis\CDP-git\vci3_cdp_project\02_Diagnosis\EWARM\02_Diagnosis\Obj\git_adc.o
#        Z:\11_Work\00_Git_Source\02_Diagnosis\CDP-git\vci3_cdp_project\02_Diagnosis\EWARM\02_Diagnosis\Obj\git_AesEncrypt.o
#        Z:\11_Work\00_Git_Source\02_Diagnosis\CDP-git\vci3_cdp_project\02_Diagnosis\EWARM\02_Diagnosis\Obj\git_base64.o
#        Z:\11_Work\00_Git_Source\02_Diagnosis\CDP-git\vci3_cdp_project\02_Diagnosis\EWARM\02_Diagnosis\Obj\Git_BatteryRelayControl.o
#        Z:\11_Work\00_Git_Source\02_Diagnosis\CDP-git\vci3_cdp_project\02_Diagnosis\EWARM\02_Diagnosis\Obj\git_bkSRAM.o
#        Z:\11_Work\00_Git_Source\02_Diagnosis\CDP-git\vci3_cdp_project\02_Diagnosis\EWARM\02_Diagnosis\Obj\git_can.o
#        Z:\11_Work\00_Git_Source\02_Diagnosis\CDP-git\vci3_cdp_project\02_Diagnosis\EWARM\02_Diagnosis\Obj\git_cli.o
#        Z:\11_Work\00_Git_Source\02_Diagnosis\CDP-git\vci3_cdp_project\02_Diagnosis\EWARM\02_Diagnosis\Obj\git_CRC32.o
#        Z:\11_Work\00_Git_Source\02_Diagnosis\CDP-git\vci3_cdp_project\02_Diagnosis\EWARM\02_Diagnosis\Obj\git_csac.o
#        Z:\11_Work\00_Git_Source\02_Diagnosis\CDP-git\vci3_cdp_project\02_Diagnosis\EWARM\02_Diagnosis\Obj\git_eth.o
#        Z:\11_Work\00_Git_Source\02_Diagnosis\CDP-git\vci3_cdp_project\02_Diagnosis\EWARM\02_Diagnosis\Obj\git_fsutil.o
#        Z:\11_Work\00_Git_Source\02_Diagnosis\CDP-git\vci3_cdp_project\02_Diagnosis\EWARM\02_Diagnosis\Obj\git_function_list.o
#        Z:\11_Work\00_Git_Source\02_Diagnosis\CDP-git\vci3_cdp_project\02_Diagnosis\EWARM\02_Diagnosis\Obj\git_global.o
#        Z:\11_Work\00_Git_Source\02_Diagnosis\CDP-git\vci3_cdp_project\02_Diagnosis\EWARM\02_Diagnosis\Obj\git_hsm.o
#        Z:\11_Work\00_Git_Source\02_Diagnosis\CDP-git\vci3_cdp_project\02_Diagnosis\EWARM\02_Diagnosis\Obj\git_hsm_api.o
#        Z:\11_Work\00_Git_Source\02_Diagnosis\CDP-git\vci3_cdp_project\02_Diagnosis\EWARM\02_Diagnosis\Obj\git_HSM_Operations.o
#        Z:\11_Work\00_Git_Source\02_Diagnosis\CDP-git\vci3_cdp_project\02_Diagnosis\EWARM\02_Diagnosis\Obj\git_HSM_SPICommand.o
#        Z:\11_Work\00_Git_Source\02_Diagnosis\CDP-git\vci3_cdp_project\02_Diagnosis\EWARM\02_Diagnosis\Obj\git_i2c.o
#        Z:\11_Work\00_Git_Source\02_Diagnosis\CDP-git\vci3_cdp_project\02_Diagnosis\EWARM\02_Diagnosis\Obj\git_ioctl.o
#        Z:\11_Work\00_Git_Source\02_Diagnosis\CDP-git\vci3_cdp_project\02_Diagnosis\EWARM\02_Diagnosis\Obj\git_iwdg.o
#        Z:\11_Work\00_Git_Source\02_Diagnosis\CDP-git\vci3_cdp_project\02_Diagnosis\EWARM\02_Diagnosis\Obj\git_kl.o
#        Z:\11_Work\00_Git_Source\02_Diagnosis\CDP-git\vci3_cdp_project\02_Diagnosis\EWARM\02_Diagnosis\Obj\git_ListDiag.o
#        Z:\11_Work\00_Git_Source\02_Diagnosis\CDP-git\vci3_cdp_project\02_Diagnosis\EWARM\02_Diagnosis\Obj\git_mcp2518fd.o
#        Z:\11_Work\00_Git_Source\02_Diagnosis\CDP-git\vci3_cdp_project\02_Diagnosis\EWARM\02_Diagnosis\Obj\git_mmc.o
#        Z:\11_Work\00_Git_Source\02_Diagnosis\CDP-git\vci3_cdp_project\02_Diagnosis\EWARM\02_Diagnosis\Obj\git_mqtt_PubMsg.o
#        Z:\11_Work\00_Git_Source\02_Diagnosis\CDP-git\vci3_cdp_project\02_Diagnosis\EWARM\02_Diagnosis\Obj\git_mqtt_Topic.o
#        Z:\11_Work\00_Git_Source\02_Diagnosis\CDP-git\vci3_cdp_project\02_Diagnosis\EWARM\02_Diagnosis\Obj\git_OBDcomm.o
#        Z:\11_Work\00_Git_Source\02_Diagnosis\CDP-git\vci3_cdp_project\02_Diagnosis\EWARM\02_Diagnosis\Obj\git_pm.o
#        Z:\11_Work\00_Git_Source\02_Diagnosis\CDP-git\vci3_cdp_project\02_Diagnosis\EWARM\02_Diagnosis\Obj\git_pool.o
#        Z:\11_Work\00_Git_Source\02_Diagnosis\CDP-git\vci3_cdp_project\02_Diagnosis\EWARM\02_Diagnosis\Obj\git_protocol.o
#        Z:\11_Work\00_Git_Source\02_Diagnosis\CDP-git\vci3_cdp_project\02_Diagnosis\EWARM\02_Diagnosis\Obj\git_rs9116.o
#        Z:\11_Work\00_Git_Source\02_Diagnosis\CDP-git\vci3_cdp_project\02_Diagnosis\EWARM\02_Diagnosis\Obj\git_rs9116_update.o
#        Z:\11_Work\00_Git_Source\02_Diagnosis\CDP-git\vci3_cdp_project\02_Diagnosis\EWARM\02_Diagnosis\Obj\git_rtc.o
#        Z:\11_Work\00_Git_Source\02_Diagnosis\CDP-git\vci3_cdp_project\02_Diagnosis\EWARM\02_Diagnosis\Obj\git_sensor.o
#        Z:\11_Work\00_Git_Source\02_Diagnosis\CDP-git\vci3_cdp_project\02_Diagnosis\EWARM\02_Diagnosis\Obj\git_sha1.o
#        Z:\11_Work\00_Git_Source\02_Diagnosis\CDP-git\vci3_cdp_project\02_Diagnosis\EWARM\02_Diagnosis\Obj\git_test.o
#        Z:\11_Work\00_Git_Source\02_Diagnosis\CDP-git\vci3_cdp_project\02_Diagnosis\EWARM\02_Diagnosis\Obj\git_vci.o
#        Z:\11_Work\00_Git_Source\02_Diagnosis\CDP-git\vci3_cdp_project\02_Diagnosis\EWARM\02_Diagnosis\Obj\git_zip.o
#        Z:\11_Work\00_Git_Source\02_Diagnosis\CDP-git\vci3_cdp_project\02_Diagnosis\EWARM\02_Diagnosis\Obj\gpio.o
#        Z:\11_Work\00_Git_Source\02_Diagnosis\CDP-git\vci3_cdp_project\02_Diagnosis\EWARM\02_Diagnosis\Obj\gzclose.o
#        Z:\11_Work\00_Git_Source\02_Diagnosis\CDP-git\vci3_cdp_project\02_Diagnosis\EWARM\02_Diagnosis\Obj\gzlib.o
#        Z:\11_Work\00_Git_Source\02_Diagnosis\CDP-git\vci3_cdp_project\02_Diagnosis\EWARM\02_Diagnosis\Obj\gzread.o
#        Z:\11_Work\00_Git_Source\02_Diagnosis\CDP-git\vci3_cdp_project\02_Diagnosis\EWARM\02_Diagnosis\Obj\gzwrite.o
#        Z:\11_Work\00_Git_Source\02_Diagnosis\CDP-git\vci3_cdp_project\02_Diagnosis\EWARM\02_Diagnosis\Obj\heap_5.o
#        Z:\11_Work\00_Git_Source\02_Diagnosis\CDP-git\vci3_cdp_project\02_Diagnosis\EWARM\02_Diagnosis\Obj\http_client.o
#        Z:\11_Work\00_Git_Source\02_Diagnosis\CDP-git\vci3_cdp_project\02_Diagnosis\EWARM\02_Diagnosis\Obj\http_client_auth.o
#        Z:\11_Work\00_Git_Source\02_Diagnosis\CDP-git\vci3_cdp_project\02_Diagnosis\EWARM\02_Diagnosis\Obj\http_client_misc.o
#        Z:\11_Work\00_Git_Source\02_Diagnosis\CDP-git\vci3_cdp_project\02_Diagnosis\EWARM\02_Diagnosis\Obj\http_client_transport.o
#        Z:\11_Work\00_Git_Source\02_Diagnosis\CDP-git\vci3_cdp_project\02_Diagnosis\EWARM\02_Diagnosis\Obj\http_common.o
#        Z:\11_Work\00_Git_Source\02_Diagnosis\CDP-git\vci3_cdp_project\02_Diagnosis\EWARM\02_Diagnosis\Obj\http_server.o
#        Z:\11_Work\00_Git_Source\02_Diagnosis\CDP-git\vci3_cdp_project\02_Diagnosis\EWARM\02_Diagnosis\Obj\http_server_auth.o
#        Z:\11_Work\00_Git_Source\02_Diagnosis\CDP-git\vci3_cdp_project\02_Diagnosis\EWARM\02_Diagnosis\Obj\http_server_misc.o
#        Z:\11_Work\00_Git_Source\02_Diagnosis\CDP-git\vci3_cdp_project\02_Diagnosis\EWARM\02_Diagnosis\Obj\i2c.o
#        Z:\11_Work\00_Git_Source\02_Diagnosis\CDP-git\vci3_cdp_project\02_Diagnosis\EWARM\02_Diagnosis\Obj\icmp.o
#        Z:\11_Work\00_Git_Source\02_Diagnosis\CDP-git\vci3_cdp_project\02_Diagnosis\EWARM\02_Diagnosis\Obj\icmpv6.o
#        Z:\11_Work\00_Git_Source\02_Diagnosis\CDP-git\vci3_cdp_project\02_Diagnosis\EWARM\02_Diagnosis\Obj\igmp.o
#        Z:\11_Work\00_Git_Source\02_Diagnosis\CDP-git\vci3_cdp_project\02_Diagnosis\EWARM\02_Diagnosis\Obj\infback.o
#        Z:\11_Work\00_Git_Source\02_Diagnosis\CDP-git\vci3_cdp_project\02_Diagnosis\EWARM\02_Diagnosis\Obj\inffast.o
#        Z:\11_Work\00_Git_Source\02_Diagnosis\CDP-git\vci3_cdp_project\02_Diagnosis\EWARM\02_Diagnosis\Obj\inflate.o
#        Z:\11_Work\00_Git_Source\02_Diagnosis\CDP-git\vci3_cdp_project\02_Diagnosis\EWARM\02_Diagnosis\Obj\inftrees.o
#        Z:\11_Work\00_Git_Source\02_Diagnosis\CDP-git\vci3_cdp_project\02_Diagnosis\EWARM\02_Diagnosis\Obj\ip.o
#        Z:\11_Work\00_Git_Source\02_Diagnosis\CDP-git\vci3_cdp_project\02_Diagnosis\EWARM\02_Diagnosis\Obj\ipv4.o
#        Z:\11_Work\00_Git_Source\02_Diagnosis\CDP-git\vci3_cdp_project\02_Diagnosis\EWARM\02_Diagnosis\Obj\ipv4_frag.o
#        Z:\11_Work\00_Git_Source\02_Diagnosis\CDP-git\vci3_cdp_project\02_Diagnosis\EWARM\02_Diagnosis\Obj\ipv4_misc.o
#        Z:\11_Work\00_Git_Source\02_Diagnosis\CDP-git\vci3_cdp_project\02_Diagnosis\EWARM\02_Diagnosis\Obj\ipv6.o
#        Z:\11_Work\00_Git_Source\02_Diagnosis\CDP-git\vci3_cdp_project\02_Diagnosis\EWARM\02_Diagnosis\Obj\ipv6_frag.o
#        Z:\11_Work\00_Git_Source\02_Diagnosis\CDP-git\vci3_cdp_project\02_Diagnosis\EWARM\02_Diagnosis\Obj\ipv6_misc.o
#        Z:\11_Work\00_Git_Source\02_Diagnosis\CDP-git\vci3_cdp_project\02_Diagnosis\EWARM\02_Diagnosis\Obj\ipv6_pmtu.o
#        Z:\11_Work\00_Git_Source\02_Diagnosis\CDP-git\vci3_cdp_project\02_Diagnosis\EWARM\02_Diagnosis\Obj\ipv6_routing.o
#        Z:\11_Work\00_Git_Source\02_Diagnosis\CDP-git\vci3_cdp_project\02_Diagnosis\EWARM\02_Diagnosis\Obj\iwdg.o
#        Z:\11_Work\00_Git_Source\02_Diagnosis\CDP-git\vci3_cdp_project\02_Diagnosis\EWARM\02_Diagnosis\Obj\lan937x_driver.o
#        Z:\11_Work\00_Git_Source\02_Diagnosis\CDP-git\vci3_cdp_project\02_Diagnosis\EWARM\02_Diagnosis\Obj\led.o
#        Z:\11_Work\00_Git_Source\02_Diagnosis\CDP-git\vci3_cdp_project\02_Diagnosis\EWARM\02_Diagnosis\Obj\list.o
#        Z:\11_Work\00_Git_Source\02_Diagnosis\CDP-git\vci3_cdp_project\02_Diagnosis\EWARM\02_Diagnosis\Obj\llmnr_client.o
#        Z:\11_Work\00_Git_Source\02_Diagnosis\CDP-git\vci3_cdp_project\02_Diagnosis\EWARM\02_Diagnosis\Obj\llmnr_common.o
#        Z:\11_Work\00_Git_Source\02_Diagnosis\CDP-git\vci3_cdp_project\02_Diagnosis\EWARM\02_Diagnosis\Obj\llmnr_responder.o
#        Z:\11_Work\00_Git_Source\02_Diagnosis\CDP-git\vci3_cdp_project\02_Diagnosis\EWARM\02_Diagnosis\Obj\main.o
#        Z:\11_Work\00_Git_Source\02_Diagnosis\CDP-git\vci3_cdp_project\02_Diagnosis\EWARM\02_Diagnosis\Obj\mdma.o
#        Z:\11_Work\00_Git_Source\02_Diagnosis\CDP-git\vci3_cdp_project\02_Diagnosis\EWARM\02_Diagnosis\Obj\mdns_client.o
#        Z:\11_Work\00_Git_Source\02_Diagnosis\CDP-git\vci3_cdp_project\02_Diagnosis\EWARM\02_Diagnosis\Obj\mdns_common.o
#        Z:\11_Work\00_Git_Source\02_Diagnosis\CDP-git\vci3_cdp_project\02_Diagnosis\EWARM\02_Diagnosis\Obj\mdns_responder.o
#        Z:\11_Work\00_Git_Source\02_Diagnosis\CDP-git\vci3_cdp_project\02_Diagnosis\EWARM\02_Diagnosis\Obj\mime.o
#        Z:\11_Work\00_Git_Source\02_Diagnosis\CDP-git\vci3_cdp_project\02_Diagnosis\EWARM\02_Diagnosis\Obj\mld.o
#        Z:\11_Work\00_Git_Source\02_Diagnosis\CDP-git\vci3_cdp_project\02_Diagnosis\EWARM\02_Diagnosis\Obj\MQTT_sapi_wrappers.o
#        Z:\11_Work\00_Git_Source\02_Diagnosis\CDP-git\vci3_cdp_project\02_Diagnosis\EWARM\02_Diagnosis\Obj\MQTTClient.o
#        Z:\11_Work\00_Git_Source\02_Diagnosis\CDP-git\vci3_cdp_project\02_Diagnosis\EWARM\02_Diagnosis\Obj\MQTTConnectClient.o
#        Z:\11_Work\00_Git_Source\02_Diagnosis\CDP-git\vci3_cdp_project\02_Diagnosis\EWARM\02_Diagnosis\Obj\MQTTDeserializePublish.o
#        Z:\11_Work\00_Git_Source\02_Diagnosis\CDP-git\vci3_cdp_project\02_Diagnosis\EWARM\02_Diagnosis\Obj\MQTTFormat.o
#        Z:\11_Work\00_Git_Source\02_Diagnosis\CDP-git\vci3_cdp_project\02_Diagnosis\EWARM\02_Diagnosis\Obj\MQTTPacket.o
#        Z:\11_Work\00_Git_Source\02_Diagnosis\CDP-git\vci3_cdp_project\02_Diagnosis\EWARM\02_Diagnosis\Obj\MQTTSerializePublish.o
#        Z:\11_Work\00_Git_Source\02_Diagnosis\CDP-git\vci3_cdp_project\02_Diagnosis\EWARM\02_Diagnosis\Obj\MQTTSubscribeClient.o
#        Z:\11_Work\00_Git_Source\02_Diagnosis\CDP-git\vci3_cdp_project\02_Diagnosis\EWARM\02_Diagnosis\Obj\MQTTUnsubscribeClient.o
#        Z:\11_Work\00_Git_Source\02_Diagnosis\CDP-git\vci3_cdp_project\02_Diagnosis\EWARM\02_Diagnosis\Obj\nbns_client.o
#        Z:\11_Work\00_Git_Source\02_Diagnosis\CDP-git\vci3_cdp_project\02_Diagnosis\EWARM\02_Diagnosis\Obj\nbns_common.o
#        Z:\11_Work\00_Git_Source\02_Diagnosis\CDP-git\vci3_cdp_project\02_Diagnosis\EWARM\02_Diagnosis\Obj\nbns_responder.o
#        Z:\11_Work\00_Git_Source\02_Diagnosis\CDP-git\vci3_cdp_project\02_Diagnosis\EWARM\02_Diagnosis\Obj\ndp.o
#        Z:\11_Work\00_Git_Source\02_Diagnosis\CDP-git\vci3_cdp_project\02_Diagnosis\EWARM\02_Diagnosis\Obj\ndp_cache.o
#        Z:\11_Work\00_Git_Source\02_Diagnosis\CDP-git\vci3_cdp_project\02_Diagnosis\EWARM\02_Diagnosis\Obj\ndp_misc.o
#        Z:\11_Work\00_Git_Source\02_Diagnosis\CDP-git\vci3_cdp_project\02_Diagnosis\EWARM\02_Diagnosis\Obj\ndp_router_adv.o
#        Z:\11_Work\00_Git_Source\02_Diagnosis\CDP-git\vci3_cdp_project\02_Diagnosis\EWARM\02_Diagnosis\Obj\net.o
#        Z:\11_Work\00_Git_Source\02_Diagnosis\CDP-git\vci3_cdp_project\02_Diagnosis\EWARM\02_Diagnosis\Obj\net_mem.o
#        Z:\11_Work\00_Git_Source\02_Diagnosis\CDP-git\vci3_cdp_project\02_Diagnosis\EWARM\02_Diagnosis\Obj\net_misc.o
#        Z:\11_Work\00_Git_Source\02_Diagnosis\CDP-git\vci3_cdp_project\02_Diagnosis\EWARM\02_Diagnosis\Obj\nic.o
#        Z:\11_Work\00_Git_Source\02_Diagnosis\CDP-git\vci3_cdp_project\02_Diagnosis\EWARM\02_Diagnosis\Obj\os_port_freertos.o
#        Z:\11_Work\00_Git_Source\02_Diagnosis\CDP-git\vci3_cdp_project\02_Diagnosis\EWARM\02_Diagnosis\Obj\path.o
#        Z:\11_Work\00_Git_Source\02_Diagnosis\CDP-git\vci3_cdp_project\02_Diagnosis\EWARM\02_Diagnosis\Obj\ping.o
#        Z:\11_Work\00_Git_Source\02_Diagnosis\CDP-git\vci3_cdp_project\02_Diagnosis\EWARM\02_Diagnosis\Obj\port.o
#        Z:\11_Work\00_Git_Source\02_Diagnosis\CDP-git\vci3_cdp_project\02_Diagnosis\EWARM\02_Diagnosis\Obj\portasm.o
#        Z:\11_Work\00_Git_Source\02_Diagnosis\CDP-git\vci3_cdp_project\02_Diagnosis\EWARM\02_Diagnosis\Obj\queue.o
#        Z:\11_Work\00_Git_Source\02_Diagnosis\CDP-git\vci3_cdp_project\02_Diagnosis\EWARM\02_Diagnosis\Obj\raw_socket.o
#        Z:\11_Work\00_Git_Source\02_Diagnosis\CDP-git\vci3_cdp_project\02_Diagnosis\EWARM\02_Diagnosis\Obj\resource_manager.o
#        Z:\11_Work\00_Git_Source\02_Diagnosis\CDP-git\vci3_cdp_project\02_Diagnosis\EWARM\02_Diagnosis\Obj\rng.o
#        Z:\11_Work\00_Git_Source\02_Diagnosis\CDP-git\vci3_cdp_project\02_Diagnosis\EWARM\02_Diagnosis\Obj\rsi_apis_non_rom.o
#        Z:\11_Work\00_Git_Source\02_Diagnosis\CDP-git\vci3_cdp_project\02_Diagnosis\EWARM\02_Diagnosis\Obj\rsi_apis_rom.o
#        Z:\11_Work\00_Git_Source\02_Diagnosis\CDP-git\vci3_cdp_project\02_Diagnosis\EWARM\02_Diagnosis\Obj\rsi_ble_gap_apis.o
#        Z:\11_Work\00_Git_Source\02_Diagnosis\CDP-git\vci3_cdp_project\02_Diagnosis\EWARM\02_Diagnosis\Obj\rsi_ble_gatt_apis.o
#        Z:\11_Work\00_Git_Source\02_Diagnosis\CDP-git\vci3_cdp_project\02_Diagnosis\EWARM\02_Diagnosis\Obj\rsi_bt_a2dp_apis.o
#        Z:\11_Work\00_Git_Source\02_Diagnosis\CDP-git\vci3_cdp_project\02_Diagnosis\EWARM\02_Diagnosis\Obj\rsi_bt_avrcp_apis.o
#        Z:\11_Work\00_Git_Source\02_Diagnosis\CDP-git\vci3_cdp_project\02_Diagnosis\EWARM\02_Diagnosis\Obj\rsi_bt_ble.o
#        Z:\11_Work\00_Git_Source\02_Diagnosis\CDP-git\vci3_cdp_project\02_Diagnosis\EWARM\02_Diagnosis\Obj\rsi_bt_common_apis.o
#        Z:\11_Work\00_Git_Source\02_Diagnosis\CDP-git\vci3_cdp_project\02_Diagnosis\EWARM\02_Diagnosis\Obj\rsi_bt_gap_apis.o
#        Z:\11_Work\00_Git_Source\02_Diagnosis\CDP-git\vci3_cdp_project\02_Diagnosis\EWARM\02_Diagnosis\Obj\rsi_bt_sbc_codec.o
#        Z:\11_Work\00_Git_Source\02_Diagnosis\CDP-git\vci3_cdp_project\02_Diagnosis\EWARM\02_Diagnosis\Obj\rsi_bt_spp_apis.o
#        Z:\11_Work\00_Git_Source\02_Diagnosis\CDP-git\vci3_cdp_project\02_Diagnosis\EWARM\02_Diagnosis\Obj\rsi_common.o
#        Z:\11_Work\00_Git_Source\02_Diagnosis\CDP-git\vci3_cdp_project\02_Diagnosis\EWARM\02_Diagnosis\Obj\rsi_common_apis.o
#        Z:\11_Work\00_Git_Source\02_Diagnosis\CDP-git\vci3_cdp_project\02_Diagnosis\EWARM\02_Diagnosis\Obj\rsi_crypto.o
#        Z:\11_Work\00_Git_Source\02_Diagnosis\CDP-git\vci3_cdp_project\02_Diagnosis\EWARM\02_Diagnosis\Obj\rsi_device_init.o
#        Z:\11_Work\00_Git_Source\02_Diagnosis\CDP-git\vci3_cdp_project\02_Diagnosis\EWARM\02_Diagnosis\Obj\rsi_device_init_apis.o
#        Z:\11_Work\00_Git_Source\02_Diagnosis\CDP-git\vci3_cdp_project\02_Diagnosis\EWARM\02_Diagnosis\Obj\rsi_dhcp_user_class.o
#        Z:\11_Work\00_Git_Source\02_Diagnosis\CDP-git\vci3_cdp_project\02_Diagnosis\EWARM\02_Diagnosis\Obj\rsi_dns.o
#        Z:\11_Work\00_Git_Source\02_Diagnosis\CDP-git\vci3_cdp_project\02_Diagnosis\EWARM\02_Diagnosis\Obj\rsi_driver.o
#        Z:\11_Work\00_Git_Source\02_Diagnosis\CDP-git\vci3_cdp_project\02_Diagnosis\EWARM\02_Diagnosis\Obj\rsi_driver_event_handlers.o
#        Z:\11_Work\00_Git_Source\02_Diagnosis\CDP-git\vci3_cdp_project\02_Diagnosis\EWARM\02_Diagnosis\Obj\rsi_emb_mqtt_client.o
#        Z:\11_Work\00_Git_Source\02_Diagnosis\CDP-git\vci3_cdp_project\02_Diagnosis\EWARM\02_Diagnosis\Obj\rsi_events.o
#        Z:\11_Work\00_Git_Source\02_Diagnosis\CDP-git\vci3_cdp_project\02_Diagnosis\EWARM\02_Diagnosis\Obj\rsi_events_rom.o
#        Z:\11_Work\00_Git_Source\02_Diagnosis\CDP-git\vci3_cdp_project\02_Diagnosis\EWARM\02_Diagnosis\Obj\rsi_firmware_upgradation.o
#        Z:\11_Work\00_Git_Source\02_Diagnosis\CDP-git\vci3_cdp_project\02_Diagnosis\EWARM\02_Diagnosis\Obj\rsi_ftp.o
#        Z:\11_Work\00_Git_Source\02_Diagnosis\CDP-git\vci3_cdp_project\02_Diagnosis\EWARM\02_Diagnosis\Obj\rsi_hal_mcu_com_port.o
#        Z:\11_Work\00_Git_Source\02_Diagnosis\CDP-git\vci3_cdp_project\02_Diagnosis\EWARM\02_Diagnosis\Obj\rsi_hal_mcu_interrupt.o
#        Z:\11_Work\00_Git_Source\02_Diagnosis\CDP-git\vci3_cdp_project\02_Diagnosis\EWARM\02_Diagnosis\Obj\rsi_hal_mcu_ioports.o
#        Z:\11_Work\00_Git_Source\02_Diagnosis\CDP-git\vci3_cdp_project\02_Diagnosis\EWARM\02_Diagnosis\Obj\rsi_hal_mcu_platform_init.o
#        Z:\11_Work\00_Git_Source\02_Diagnosis\CDP-git\vci3_cdp_project\02_Diagnosis\EWARM\02_Diagnosis\Obj\rsi_hal_mcu_random.o
#        Z:\11_Work\00_Git_Source\02_Diagnosis\CDP-git\vci3_cdp_project\02_Diagnosis\EWARM\02_Diagnosis\Obj\rsi_hal_mcu_sdio.o
#        Z:\11_Work\00_Git_Source\02_Diagnosis\CDP-git\vci3_cdp_project\02_Diagnosis\EWARM\02_Diagnosis\Obj\rsi_hal_mcu_spi.o
#        Z:\11_Work\00_Git_Source\02_Diagnosis\CDP-git\vci3_cdp_project\02_Diagnosis\EWARM\02_Diagnosis\Obj\rsi_hal_mcu_timer.o
#        Z:\11_Work\00_Git_Source\02_Diagnosis\CDP-git\vci3_cdp_project\02_Diagnosis\EWARM\02_Diagnosis\Obj\rsi_hal_mcu_uart.o
#        Z:\11_Work\00_Git_Source\02_Diagnosis\CDP-git\vci3_cdp_project\02_Diagnosis\EWARM\02_Diagnosis\Obj\rsi_hal_timer.o
#        Z:\11_Work\00_Git_Source\02_Diagnosis\CDP-git\vci3_cdp_project\02_Diagnosis\EWARM\02_Diagnosis\Obj\rsi_http_client.o
#        Z:\11_Work\00_Git_Source\02_Diagnosis\CDP-git\vci3_cdp_project\02_Diagnosis\EWARM\02_Diagnosis\Obj\rsi_http_ota_fw_up.o
#        Z:\11_Work\00_Git_Source\02_Diagnosis\CDP-git\vci3_cdp_project\02_Diagnosis\EWARM\02_Diagnosis\Obj\rsi_http_server.o
#        Z:\11_Work\00_Git_Source\02_Diagnosis\CDP-git\vci3_cdp_project\02_Diagnosis\EWARM\02_Diagnosis\Obj\rsi_iap.o
#        Z:\11_Work\00_Git_Source\02_Diagnosis\CDP-git\vci3_cdp_project\02_Diagnosis\EWARM\02_Diagnosis\Obj\rsi_json_handlers.o
#        Z:\11_Work\00_Git_Source\02_Diagnosis\CDP-git\vci3_cdp_project\02_Diagnosis\EWARM\02_Diagnosis\Obj\rsi_mdnsd.o
#        Z:\11_Work\00_Git_Source\02_Diagnosis\CDP-git\vci3_cdp_project\02_Diagnosis\EWARM\02_Diagnosis\Obj\rsi_mdnsd_records.o
#        Z:\11_Work\00_Git_Source\02_Diagnosis\CDP-git\vci3_cdp_project\02_Diagnosis\EWARM\02_Diagnosis\Obj\rsi_mqtt_client.o
#        Z:\11_Work\00_Git_Source\02_Diagnosis\CDP-git\vci3_cdp_project\02_Diagnosis\EWARM\02_Diagnosis\Obj\rsi_multicast.o
#        Z:\11_Work\00_Git_Source\02_Diagnosis\CDP-git\vci3_cdp_project\02_Diagnosis\EWARM\02_Diagnosis\Obj\rsi_nwk.o
#        Z:\11_Work\00_Git_Source\02_Diagnosis\CDP-git\vci3_cdp_project\02_Diagnosis\EWARM\02_Diagnosis\Obj\rsi_nwk_rom.o
#        Z:\11_Work\00_Git_Source\02_Diagnosis\CDP-git\vci3_cdp_project\02_Diagnosis\EWARM\02_Diagnosis\Obj\rsi_os_none.o
#        Z:\11_Work\00_Git_Source\02_Diagnosis\CDP-git\vci3_cdp_project\02_Diagnosis\EWARM\02_Diagnosis\Obj\rsi_os_wrapper.o
#        Z:\11_Work\00_Git_Source\02_Diagnosis\CDP-git\vci3_cdp_project\02_Diagnosis\EWARM\02_Diagnosis\Obj\rsi_ota_fw_up.o
#        Z:\11_Work\00_Git_Source\02_Diagnosis\CDP-git\vci3_cdp_project\02_Diagnosis\EWARM\02_Diagnosis\Obj\rsi_pkt_mgmt.o
#        Z:\11_Work\00_Git_Source\02_Diagnosis\CDP-git\vci3_cdp_project\02_Diagnosis\EWARM\02_Diagnosis\Obj\rsi_pkt_mgmt_rom.o
#        Z:\11_Work\00_Git_Source\02_Diagnosis\CDP-git\vci3_cdp_project\02_Diagnosis\EWARM\02_Diagnosis\Obj\rsi_pop3_client.o
#        Z:\11_Work\00_Git_Source\02_Diagnosis\CDP-git\vci3_cdp_project\02_Diagnosis\EWARM\02_Diagnosis\Obj\rsi_queue.o
#        Z:\11_Work\00_Git_Source\02_Diagnosis\CDP-git\vci3_cdp_project\02_Diagnosis\EWARM\02_Diagnosis\Obj\rsi_queue_rom.o
#        Z:\11_Work\00_Git_Source\02_Diagnosis\CDP-git\vci3_cdp_project\02_Diagnosis\EWARM\02_Diagnosis\Obj\rsi_raw_data.o
#        Z:\11_Work\00_Git_Source\02_Diagnosis\CDP-git\vci3_cdp_project\02_Diagnosis\EWARM\02_Diagnosis\Obj\rsi_scheduler.o
#        Z:\11_Work\00_Git_Source\02_Diagnosis\CDP-git\vci3_cdp_project\02_Diagnosis\EWARM\02_Diagnosis\Obj\rsi_scheduler_rom.o
#        Z:\11_Work\00_Git_Source\02_Diagnosis\CDP-git\vci3_cdp_project\02_Diagnosis\EWARM\02_Diagnosis\Obj\rsi_sdio_frame_rd_wr.o
#        Z:\11_Work\00_Git_Source\02_Diagnosis\CDP-git\vci3_cdp_project\02_Diagnosis\EWARM\02_Diagnosis\Obj\rsi_sdio_iface_init.o
#        Z:\11_Work\00_Git_Source\02_Diagnosis\CDP-git\vci3_cdp_project\02_Diagnosis\EWARM\02_Diagnosis\Obj\rsi_sdio_mem_rd_wr.o
#        Z:\11_Work\00_Git_Source\02_Diagnosis\CDP-git\vci3_cdp_project\02_Diagnosis\EWARM\02_Diagnosis\Obj\rsi_sdio_reg_rd_wr.o
#        Z:\11_Work\00_Git_Source\02_Diagnosis\CDP-git\vci3_cdp_project\02_Diagnosis\EWARM\02_Diagnosis\Obj\rsi_setregion_countryinfo.o
#        Z:\11_Work\00_Git_Source\02_Diagnosis\CDP-git\vci3_cdp_project\02_Diagnosis\EWARM\02_Diagnosis\Obj\rsi_smtp_client.o
#        Z:\11_Work\00_Git_Source\02_Diagnosis\CDP-git\vci3_cdp_project\02_Diagnosis\EWARM\02_Diagnosis\Obj\rsi_sntp_client.o
#        Z:\11_Work\00_Git_Source\02_Diagnosis\CDP-git\vci3_cdp_project\02_Diagnosis\EWARM\02_Diagnosis\Obj\rsi_socket.o
#        Z:\11_Work\00_Git_Source\02_Diagnosis\CDP-git\vci3_cdp_project\02_Diagnosis\EWARM\02_Diagnosis\Obj\rsi_socket_rom.o
#        Z:\11_Work\00_Git_Source\02_Diagnosis\CDP-git\vci3_cdp_project\02_Diagnosis\EWARM\02_Diagnosis\Obj\rsi_spi_frame_rd_wr.o
#        Z:\11_Work\00_Git_Source\02_Diagnosis\CDP-git\vci3_cdp_project\02_Diagnosis\EWARM\02_Diagnosis\Obj\rsi_spi_functs.o
#        Z:\11_Work\00_Git_Source\02_Diagnosis\CDP-git\vci3_cdp_project\02_Diagnosis\EWARM\02_Diagnosis\Obj\rsi_spi_iface_init.o
#        Z:\11_Work\00_Git_Source\02_Diagnosis\CDP-git\vci3_cdp_project\02_Diagnosis\EWARM\02_Diagnosis\Obj\rsi_spi_mem_rd_wr.o
#        Z:\11_Work\00_Git_Source\02_Diagnosis\CDP-git\vci3_cdp_project\02_Diagnosis\EWARM\02_Diagnosis\Obj\rsi_spi_reg_rd_wr.o
#        Z:\11_Work\00_Git_Source\02_Diagnosis\CDP-git\vci3_cdp_project\02_Diagnosis\EWARM\02_Diagnosis\Obj\rsi_timer.o
#        Z:\11_Work\00_Git_Source\02_Diagnosis\CDP-git\vci3_cdp_project\02_Diagnosis\EWARM\02_Diagnosis\Obj\rsi_uart.o
#        Z:\11_Work\00_Git_Source\02_Diagnosis\CDP-git\vci3_cdp_project\02_Diagnosis\EWARM\02_Diagnosis\Obj\rsi_utils.o
#        Z:\11_Work\00_Git_Source\02_Diagnosis\CDP-git\vci3_cdp_project\02_Diagnosis\EWARM\02_Diagnosis\Obj\rsi_utils_rom.o
#        Z:\11_Work\00_Git_Source\02_Diagnosis\CDP-git\vci3_cdp_project\02_Diagnosis\EWARM\02_Diagnosis\Obj\rsi_web_socket.o
#        Z:\11_Work\00_Git_Source\02_Diagnosis\CDP-git\vci3_cdp_project\02_Diagnosis\EWARM\02_Diagnosis\Obj\rsi_wlan.o
#        Z:\11_Work\00_Git_Source\02_Diagnosis\CDP-git\vci3_cdp_project\02_Diagnosis\EWARM\02_Diagnosis\Obj\rsi_wlan_apis.o
#        Z:\11_Work\00_Git_Source\02_Diagnosis\CDP-git\vci3_cdp_project\02_Diagnosis\EWARM\02_Diagnosis\Obj\rtc.o
#        Z:\11_Work\00_Git_Source\02_Diagnosis\CDP-git\vci3_cdp_project\02_Diagnosis\EWARM\02_Diagnosis\Obj\sdmmc.o
#        Z:\11_Work\00_Git_Source\02_Diagnosis\CDP-git\vci3_cdp_project\02_Diagnosis\EWARM\02_Diagnosis\Obj\sl_app_logging.o
#        Z:\11_Work\00_Git_Source\02_Diagnosis\CDP-git\vci3_cdp_project\02_Diagnosis\EWARM\02_Diagnosis\Obj\sl_fw_logging.o
#        Z:\11_Work\00_Git_Source\02_Diagnosis\CDP-git\vci3_cdp_project\02_Diagnosis\EWARM\02_Diagnosis\Obj\sl_hal_mcu_logging.o
#        Z:\11_Work\00_Git_Source\02_Diagnosis\CDP-git\vci3_cdp_project\02_Diagnosis\EWARM\02_Diagnosis\Obj\slaac.o
#        Z:\11_Work\00_Git_Source\02_Diagnosis\CDP-git\vci3_cdp_project\02_Diagnosis\EWARM\02_Diagnosis\Obj\sleep_wakeup_logging.o
#        Z:\11_Work\00_Git_Source\02_Diagnosis\CDP-git\vci3_cdp_project\02_Diagnosis\EWARM\02_Diagnosis\Obj\socket.o
#        Z:\11_Work\00_Git_Source\02_Diagnosis\CDP-git\vci3_cdp_project\02_Diagnosis\EWARM\02_Diagnosis\Obj\spi.o
#        Z:\11_Work\00_Git_Source\02_Diagnosis\CDP-git\vci3_cdp_project\02_Diagnosis\EWARM\02_Diagnosis\Obj\ssi.o
#        Z:\11_Work\00_Git_Source\02_Diagnosis\CDP-git\vci3_cdp_project\02_Diagnosis\EWARM\02_Diagnosis\Obj\startup_stm32h743xx.o
#        Z:\11_Work\00_Git_Source\02_Diagnosis\CDP-git\vci3_cdp_project\02_Diagnosis\EWARM\02_Diagnosis\Obj\stm32h7xx_hal.o
#        Z:\11_Work\00_Git_Source\02_Diagnosis\CDP-git\vci3_cdp_project\02_Diagnosis\EWARM\02_Diagnosis\Obj\stm32h7xx_hal_adc.o
#        Z:\11_Work\00_Git_Source\02_Diagnosis\CDP-git\vci3_cdp_project\02_Diagnosis\EWARM\02_Diagnosis\Obj\stm32h7xx_hal_adc_ex.o
#        Z:\11_Work\00_Git_Source\02_Diagnosis\CDP-git\vci3_cdp_project\02_Diagnosis\EWARM\02_Diagnosis\Obj\stm32h7xx_hal_cortex.o
#        Z:\11_Work\00_Git_Source\02_Diagnosis\CDP-git\vci3_cdp_project\02_Diagnosis\EWARM\02_Diagnosis\Obj\stm32h7xx_hal_crc.o
#        Z:\11_Work\00_Git_Source\02_Diagnosis\CDP-git\vci3_cdp_project\02_Diagnosis\EWARM\02_Diagnosis\Obj\stm32h7xx_hal_crc_ex.o
#        Z:\11_Work\00_Git_Source\02_Diagnosis\CDP-git\vci3_cdp_project\02_Diagnosis\EWARM\02_Diagnosis\Obj\stm32h7xx_hal_dma.o
#        Z:\11_Work\00_Git_Source\02_Diagnosis\CDP-git\vci3_cdp_project\02_Diagnosis\EWARM\02_Diagnosis\Obj\stm32h7xx_hal_dma_ex.o
#        Z:\11_Work\00_Git_Source\02_Diagnosis\CDP-git\vci3_cdp_project\02_Diagnosis\EWARM\02_Diagnosis\Obj\stm32h7xx_hal_exti.o
#        Z:\11_Work\00_Git_Source\02_Diagnosis\CDP-git\vci3_cdp_project\02_Diagnosis\EWARM\02_Diagnosis\Obj\stm32h7xx_hal_fdcan.o
#        Z:\11_Work\00_Git_Source\02_Diagnosis\CDP-git\vci3_cdp_project\02_Diagnosis\EWARM\02_Diagnosis\Obj\stm32h7xx_hal_flash.o
#        Z:\11_Work\00_Git_Source\02_Diagnosis\CDP-git\vci3_cdp_project\02_Diagnosis\EWARM\02_Diagnosis\Obj\stm32h7xx_hal_flash_ex.o
#        Z:\11_Work\00_Git_Source\02_Diagnosis\CDP-git\vci3_cdp_project\02_Diagnosis\EWARM\02_Diagnosis\Obj\stm32h7xx_hal_gpio.o
#        Z:\11_Work\00_Git_Source\02_Diagnosis\CDP-git\vci3_cdp_project\02_Diagnosis\EWARM\02_Diagnosis\Obj\stm32h7xx_hal_hsem.o
#        Z:\11_Work\00_Git_Source\02_Diagnosis\CDP-git\vci3_cdp_project\02_Diagnosis\EWARM\02_Diagnosis\Obj\stm32h7xx_hal_i2c.o
#        Z:\11_Work\00_Git_Source\02_Diagnosis\CDP-git\vci3_cdp_project\02_Diagnosis\EWARM\02_Diagnosis\Obj\stm32h7xx_hal_i2c_ex.o
#        Z:\11_Work\00_Git_Source\02_Diagnosis\CDP-git\vci3_cdp_project\02_Diagnosis\EWARM\02_Diagnosis\Obj\stm32h7xx_hal_iwdg.o
#        Z:\11_Work\00_Git_Source\02_Diagnosis\CDP-git\vci3_cdp_project\02_Diagnosis\EWARM\02_Diagnosis\Obj\stm32h7xx_hal_mdma.o
#        Z:\11_Work\00_Git_Source\02_Diagnosis\CDP-git\vci3_cdp_project\02_Diagnosis\EWARM\02_Diagnosis\Obj\stm32h7xx_hal_mmc.o
#        Z:\11_Work\00_Git_Source\02_Diagnosis\CDP-git\vci3_cdp_project\02_Diagnosis\EWARM\02_Diagnosis\Obj\stm32h7xx_hal_mmc_ex.o
#        Z:\11_Work\00_Git_Source\02_Diagnosis\CDP-git\vci3_cdp_project\02_Diagnosis\EWARM\02_Diagnosis\Obj\stm32h7xx_hal_msp.o
#        Z:\11_Work\00_Git_Source\02_Diagnosis\CDP-git\vci3_cdp_project\02_Diagnosis\EWARM\02_Diagnosis\Obj\stm32h7xx_hal_pcd.o
#        Z:\11_Work\00_Git_Source\02_Diagnosis\CDP-git\vci3_cdp_project\02_Diagnosis\EWARM\02_Diagnosis\Obj\stm32h7xx_hal_pcd_ex.o
#        Z:\11_Work\00_Git_Source\02_Diagnosis\CDP-git\vci3_cdp_project\02_Diagnosis\EWARM\02_Diagnosis\Obj\stm32h7xx_hal_pwr.o
#        Z:\11_Work\00_Git_Source\02_Diagnosis\CDP-git\vci3_cdp_project\02_Diagnosis\EWARM\02_Diagnosis\Obj\stm32h7xx_hal_pwr_ex.o
#        Z:\11_Work\00_Git_Source\02_Diagnosis\CDP-git\vci3_cdp_project\02_Diagnosis\EWARM\02_Diagnosis\Obj\stm32h7xx_hal_rcc.o
#        Z:\11_Work\00_Git_Source\02_Diagnosis\CDP-git\vci3_cdp_project\02_Diagnosis\EWARM\02_Diagnosis\Obj\stm32h7xx_hal_rcc_ex.o
#        Z:\11_Work\00_Git_Source\02_Diagnosis\CDP-git\vci3_cdp_project\02_Diagnosis\EWARM\02_Diagnosis\Obj\stm32h7xx_hal_rng.o
#        Z:\11_Work\00_Git_Source\02_Diagnosis\CDP-git\vci3_cdp_project\02_Diagnosis\EWARM\02_Diagnosis\Obj\stm32h7xx_hal_rtc.o
#        Z:\11_Work\00_Git_Source\02_Diagnosis\CDP-git\vci3_cdp_project\02_Diagnosis\EWARM\02_Diagnosis\Obj\stm32h7xx_hal_rtc_ex.o
#        Z:\11_Work\00_Git_Source\02_Diagnosis\CDP-git\vci3_cdp_project\02_Diagnosis\EWARM\02_Diagnosis\Obj\stm32h7xx_hal_spi.o
#        Z:\11_Work\00_Git_Source\02_Diagnosis\CDP-git\vci3_cdp_project\02_Diagnosis\EWARM\02_Diagnosis\Obj\stm32h7xx_hal_spi_ex.o
#        Z:\11_Work\00_Git_Source\02_Diagnosis\CDP-git\vci3_cdp_project\02_Diagnosis\EWARM\02_Diagnosis\Obj\stm32h7xx_hal_tim.o
#        Z:\11_Work\00_Git_Source\02_Diagnosis\CDP-git\vci3_cdp_project\02_Diagnosis\EWARM\02_Diagnosis\Obj\stm32h7xx_hal_tim_ex.o
#        Z:\11_Work\00_Git_Source\02_Diagnosis\CDP-git\vci3_cdp_project\02_Diagnosis\EWARM\02_Diagnosis\Obj\stm32h7xx_hal_timebase_tim.o
#        Z:\11_Work\00_Git_Source\02_Diagnosis\CDP-git\vci3_cdp_project\02_Diagnosis\EWARM\02_Diagnosis\Obj\stm32h7xx_hal_uart.o
#        Z:\11_Work\00_Git_Source\02_Diagnosis\CDP-git\vci3_cdp_project\02_Diagnosis\EWARM\02_Diagnosis\Obj\stm32h7xx_hal_uart_ex.o
#        Z:\11_Work\00_Git_Source\02_Diagnosis\CDP-git\vci3_cdp_project\02_Diagnosis\EWARM\02_Diagnosis\Obj\stm32h7xx_it.o
#        Z:\11_Work\00_Git_Source\02_Diagnosis\CDP-git\vci3_cdp_project\02_Diagnosis\EWARM\02_Diagnosis\Obj\stm32h7xx_ll_sdmmc.o
#        Z:\11_Work\00_Git_Source\02_Diagnosis\CDP-git\vci3_cdp_project\02_Diagnosis\EWARM\02_Diagnosis\Obj\stm32h7xx_ll_usb.o
#        Z:\11_Work\00_Git_Source\02_Diagnosis\CDP-git\vci3_cdp_project\02_Diagnosis\EWARM\02_Diagnosis\Obj\str.o
#        Z:\11_Work\00_Git_Source\02_Diagnosis\CDP-git\vci3_cdp_project\02_Diagnosis\EWARM\02_Diagnosis\Obj\stream_buffer.o
#        Z:\11_Work\00_Git_Source\02_Diagnosis\CDP-git\vci3_cdp_project\02_Diagnosis\EWARM\02_Diagnosis\Obj\sw_timer.o
#        Z:\11_Work\00_Git_Source\02_Diagnosis\CDP-git\vci3_cdp_project\02_Diagnosis\EWARM\02_Diagnosis\Obj\syscall.o
#        Z:\11_Work\00_Git_Source\02_Diagnosis\CDP-git\vci3_cdp_project\02_Diagnosis\EWARM\02_Diagnosis\Obj\system_stm32h7xx.o
#        Z:\11_Work\00_Git_Source\02_Diagnosis\CDP-git\vci3_cdp_project\02_Diagnosis\EWARM\02_Diagnosis\Obj\tasks.o
#        Z:\11_Work\00_Git_Source\02_Diagnosis\CDP-git\vci3_cdp_project\02_Diagnosis\EWARM\02_Diagnosis\Obj\tcp.o
#        Z:\11_Work\00_Git_Source\02_Diagnosis\CDP-git\vci3_cdp_project\02_Diagnosis\EWARM\02_Diagnosis\Obj\tcp_fsm.o
#        Z:\11_Work\00_Git_Source\02_Diagnosis\CDP-git\vci3_cdp_project\02_Diagnosis\EWARM\02_Diagnosis\Obj\tcp_misc.o
#        Z:\11_Work\00_Git_Source\02_Diagnosis\CDP-git\vci3_cdp_project\02_Diagnosis\EWARM\02_Diagnosis\Obj\tcp_timer.o
#        Z:\11_Work\00_Git_Source\02_Diagnosis\CDP-git\vci3_cdp_project\02_Diagnosis\EWARM\02_Diagnosis\Obj\tim.o
#        Z:\11_Work\00_Git_Source\02_Diagnosis\CDP-git\vci3_cdp_project\02_Diagnosis\EWARM\02_Diagnosis\Obj\timers.o
#        Z:\11_Work\00_Git_Source\02_Diagnosis\CDP-git\vci3_cdp_project\02_Diagnosis\EWARM\02_Diagnosis\Obj\trees.o
#        Z:\11_Work\00_Git_Source\02_Diagnosis\CDP-git\vci3_cdp_project\02_Diagnosis\EWARM\02_Diagnosis\Obj\udp.o
#        Z:\11_Work\00_Git_Source\02_Diagnosis\CDP-git\vci3_cdp_project\02_Diagnosis\EWARM\02_Diagnosis\Obj\uncompr.o
#        Z:\11_Work\00_Git_Source\02_Diagnosis\CDP-git\vci3_cdp_project\02_Diagnosis\EWARM\02_Diagnosis\Obj\usart.o
#        Z:\11_Work\00_Git_Source\02_Diagnosis\CDP-git\vci3_cdp_project\02_Diagnosis\EWARM\02_Diagnosis\Obj\usb_device.o
#        Z:\11_Work\00_Git_Source\02_Diagnosis\CDP-git\vci3_cdp_project\02_Diagnosis\EWARM\02_Diagnosis\Obj\usbd_cdc.o
#        Z:\11_Work\00_Git_Source\02_Diagnosis\CDP-git\vci3_cdp_project\02_Diagnosis\EWARM\02_Diagnosis\Obj\usbd_cdc_if.o
#        Z:\11_Work\00_Git_Source\02_Diagnosis\CDP-git\vci3_cdp_project\02_Diagnosis\EWARM\02_Diagnosis\Obj\usbd_conf.o
#        Z:\11_Work\00_Git_Source\02_Diagnosis\CDP-git\vci3_cdp_project\02_Diagnosis\EWARM\02_Diagnosis\Obj\usbd_core.o
#        Z:\11_Work\00_Git_Source\02_Diagnosis\CDP-git\vci3_cdp_project\02_Diagnosis\EWARM\02_Diagnosis\Obj\usbd_ctlreq.o
#        Z:\11_Work\00_Git_Source\02_Diagnosis\CDP-git\vci3_cdp_project\02_Diagnosis\EWARM\02_Diagnosis\Obj\usbd_desc.o
#        Z:\11_Work\00_Git_Source\02_Diagnosis\CDP-git\vci3_cdp_project\02_Diagnosis\EWARM\02_Diagnosis\Obj\usbd_ioreq.o
#        Z:\11_Work\00_Git_Source\02_Diagnosis\CDP-git\vci3_cdp_project\02_Diagnosis\EWARM\02_Diagnosis\Obj\user_diskio.o
#        Z:\11_Work\00_Git_Source\02_Diagnosis\CDP-git\vci3_cdp_project\02_Diagnosis\EWARM\02_Diagnosis\Obj\zutil.o
#        --no_out_extension -o
#        Z:\11_Work\00_Git_Source\02_Diagnosis\CDP-git\vci3_cdp_project\02_Diagnosis\EWARM\02_Diagnosis\Exe\vci3_main.out
#        --redirect _Printf=_PrintfFull --redirect _Scanf=_ScanfFull --map
#        Z:\11_Work\00_Git_Source\02_Diagnosis\CDP-git\vci3_cdp_project\02_Diagnosis\EWARM\02_Diagnosis\List\vci3_main.map
#        --config
#        Z:\11_Work\00_Git_Source\02_Diagnosis\CDP-git\vci3_cdp_project\02_Diagnosis\EWARM/stm32h743xx_flash.icf
#        --semihosting
#        Z:\11_Work\00_Git_Source\02_Diagnosis\CDP-git\vci3_cdp_project\02_Diagnosis\EWARM\..\..\00_Common\STM32Cryptographic\Lib\STM32CryptographicV3.1.1_STM32H7_IARv8.a
#        Z:\11_Work\00_Git_Source\02_Diagnosis\CDP-git\vci3_cdp_project\02_Diagnosis\EWARM\..\..\00_Common\STM32CubeExpansion_Crypto_V4.0.1\Middlewares\ST\STM32_Cryptographic\lib\libSTM32Cryptographic_CM7.a
#        --entry __iar_program_start --vfe --text_out locale)
#
###############################################################################

*******************************************************************************
*** RUNTIME MODEL ATTRIBUTES
***

CppFlavor       = *
__Heap_Handler  = DLMalloc
__SystemLibrary = DLib
__dlib_version  = 6


*******************************************************************************
*** HEAP SELECTION
***

The advanced heap was selected because the application calls memory
allocation functions outside of system library functions, and there
are calls to deallocation functions in the application.


*******************************************************************************
*** PLACEMENT SUMMARY
***

"A0":  place at 0x802'0000 { ro section .intvec };
"P1":  place in [from 0x800'0000 to 0x81f'ffff] { ro };
define block CSTACK with size = 12K, alignment = 8 { };
define block HEAP with size = 12K, alignment = 8 { };
"P2":  place in [from 0x2400'0000 to 0x2407'ffff] {
          rw, block CSTACK, block HEAP };
"P3":  place in [from 0x2000'0000 to 0x2001'ffff] { section .dtcm };
"P4":  place in [from 0x3000'0000 to 0x3001'ffff] {
          rw object git_OBDcomm.o, rw object git_ListDiag.o, rw object fdcan.o,
          rw object git_csac.o, rw object git_kl.o, rw object socket.o,
          rw object net.o };
"P5":  place in [from 0x3002'0000 to 0x3003'ffff] {
          rw object git_global.o, rw object git_rs9116.o };
initialize by copy {
   rw, section .dtcm, section SRAM1_region, section SRAM2_region,
   section SRAM3_region, section SRAM4_region };

  Section                 Kind         Address     Size  Object
  -------                 ----         -------     ----  ------
"A0":                                             0x298
  .intvec                 ro code   0x802'0000    0x298  startup_stm32h743xx.o [1]
                                  - 0x802'0298    0x298

"P1":                                           0xa686f
  .text                   ro code   0x802'0298   0xe7ec  git_cli.o [1]
  .text                   ro code   0x802'ea84     0x80  cmox_init.c.o [4]
  .text                   ro code   0x802'eb04     0x44  cmox_mac.c.o [4]
  .text                   ro code   0x802'eb48      0x4  cmox_init.c.o [4]
  .text                   ro code   0x802'eb4c   0x1718  stm32h7xx_hal_uart.o [1]
  .text                   ro code   0x803'0264    0x83c  cmsis_os.o [1]
  .text                   ro code   0x803'0aa0     0x28  printf.o [3]
  .text                   ro code   0x803'0ac8     0x39  strtok_r.o [3]
  .text                   ro code   0x803'0b02     0x7a  lz77_init_single.o [6]
  .text                   ro code   0x803'0b7c     0x66  ABImemset.o [6]
  .text                   ro code   0x803'0be2     0x3a  zero_init3.o [6]
  .text                   ro code   0x803'0c1c     0x18  strcpy.o [6]
  .text                   ro code   0x803'0c34     0x12  strcmp.o [6]
  .text                   ro code   0x803'0c46     0x36  cmox_utils_compare.c.o [4]
  .text                   ro code   0x803'0c7c    0x152  iar_Stoulx.o [3]
  .text                   ro code   0x803'0dce     0x26  xencoding_8859_1.o [3]
  .text                   ro code   0x803'0df4   0x3a34  ff.o [1]
  .text                   ro code   0x803'4828     0x58  memchr.o [6]
  .text                   ro code   0x803'4880     0xa6  ABImemcpy.o [6]
  .text                   ro code   0x803'4926     0x28  strncmp.o [3]
  .text                   ro code   0x803'494e     0x1e  xsscin.o [3]
  .text                   ro code   0x803'496c     0x44  snprintf.o [3]
  .text                   ro code   0x803'49b0      0x6  ABImemclr4.o [6]
  .text                   ro code   0x803'49b6     0x1a  cmox_md.c.o [4]
  .text                   ro code   0x803'49d0   0x33f4  git_rs9116.o [1]
  .text                   ro code   0x803'7dc4     0x40  sprintf.o [3]
  .text                   ro code   0x803'7e04     0x64  rsi_hal_mcu_timer.o [1]
  .text                   ro code   0x803'7e68   0x1a54  rsi_wlan_apis.o [1]
  .text                   ro code   0x803'98bc   0x1ff8  rsi_socket.o [1]
  .text                   ro code   0x803'b8b4     0x36  strlen.o [6]
  .text                   ro code   0x803'b8ea     0x1a  xsnprout.o [3]
  .text                   ro code   0x803'b904      0xc  stm32h7xx_hal.o [1]
  .text                   ro code   0x803'b910   0x1b7c  git_hsm.o [1]
  .text                   ro code   0x803'd48c   0x3234  git_fsutil.o [1]
  .text                   ro code   0x804'06c0    0xf04  firmware.o [1]
  .text                   ro code   0x804'15c4    0x358  common.o [1]
  .text                   ro code   0x804'191c    0x4d0  stm32h7xx_hal_gpio.o [1]
  .text                   ro code   0x804'1dec    0x280  buzzer.o [1]
  .text                   ro code   0x804'206c    0x62c  git_rs9116_update.o [1]
  .text                   ro code   0x804'2698   0xcbfc  git_function_list.o [1]
  .text                   ro code   0x804'f294   0x1c10  git_kl.o [1]
  .text                   ro code   0x805'0ea4     0xc4  rsi_bt_common_apis.o [1]
  .text                   ro code   0x805'0f68     0xcc  git_adc.o [1]
  .text                   ro code   0x805'1034    0x814  rsi_common_apis.o [1]
  .text                   ro code   0x805'1848    0xafc  git_ioctl.o [1]
  .text                   ro code   0x805'2344    0x278  git_pm.o [1]
  .text                   ro code   0x805'25bc    0x26a  event_groups.o [1]
  .text                   ro code   0x805'2826     0x16  cmox_math.c.o [4]
  .text                   ro code   0x805'283c     0x4c  strtok.o [3]
  .text                   ro code   0x805'2888    0x98c  git_mmc.o [1]
  .text                   ro code   0x805'3214   0x3640  git_HSM_Operations.o [1]
  .text                   ro code   0x805'6854     0x86  iar_Stolx.o [3]
  .text                   ro code   0x805'68da      0xa  xsprout.o [3]
  .text                   ro code   0x805'68e4     0x68  memcmp.o [6]
  .text                   ro code   0x805'694c    0xe20  git_HSM_SPICommand.o [1]
  .text                   ro code   0x805'776c   0x2860  git_hsm_api.o [1]
  .text                   ro code   0x805'9fcc    0x470  stm32h7xx_hal_cortex.o [1]
  .text                   ro code   0x805'a43c   0x1da0  git_can.o [1]
  .text                   ro code   0x805'c1dc    0x254  git_rtc.o [1]
  .text                   ro code   0x805'c430    0x318  heap_5.o [1]
  .text                   ro code   0x805'c748     0x36  cmox_low_level.o [1]
  .text                   ro code   0x805'c77e      0x6  cmox_hmac_sha256.c.o [4]
  .text                   ro code   0x805'c784    0x50a  main.o [1]
  .text                   ro code   0x805'cc8e      0x6  cmox_mac.c.o [4]
  .text                   ro code   0x805'cc94    0x550  usart.o [1]
  .text                   ro code   0x805'd1e4   0x24f8  stm32h7xx_hal_dma.o [1]
  .text                   ro code   0x805'f6dc      0x2  stm32h7xx_hal_uart.o [1]
  .text                   ro code   0x805'f6de      0x6  cmox_cipher_modes.c.o [4]
  .text                   ro code   0x805'f6e4    0x30a  stm32h7xx_hal_uart_ex.o [1]
  .text                   ro code   0x805'f9ee      0x2  stm32h7xx_hal_uart_ex.o [1]
  .text                   ro code   0x805'f9f0      0x2  stm32h7xx_hal_uart_ex.o [1]
  .text                   ro code   0x805'f9f2      0x6  cmox_cipher_modes.c.o [4]
  .text                   ro code   0x805'f9f8   0x20c8  stm32h7xx_hal_rcc_ex.o [1]
  .text                   ro code   0x806'1ac0    0x230  I64DivMod.o [6]
  .text                   ro code   0x806'1cf0   0x1358  stm32h7xx_hal_rcc.o [1]
  .text                   ro code   0x806'3048      0x2  stm32h7xx_hal_uart.o [1]
  .text                   ro code   0x806'304a      0x6  cmox_cipher_modes.c.o [4]
  .text                   ro code   0x806'3050   0x1210  tasks.o [1]
  .text                   ro code   0x806'4260    0x530  timers.o [1]
  .text                   ro code   0x806'4790    0xc98  queue.o [1]
  .text                   ro code   0x806'5428    0x25c  port.o [1]
  .text                   ro code   0x806'5684    0xf46  xprintffull.o [3]
  .text                   ro code   0x806'65ca     0x22  strspn.o [3]
  .text                   ro code   0x806'65ec     0x22  strcspn.o [3]
  .text                   ro code   0x806'660e     0x14  isspace.o [3]
  .text                   ro code   0x806'6622     0x14  tolower.o [3]
  .text                   ro code   0x806'6636      0x6  cmox_cipher_modes.c.o [4]
  .text                   ro code   0x806'663c     0x18  errno.o [3]
  .text                   ro code   0x806'6654     0x7a  syscall.o [1]
  .text                   ro code   0x806'66ce      0x6  cmox_cipher_modes.c.o [4]
  .text                   ro code   0x806'66d4     0xf0  diskio.o [1]
  .text                   ro code   0x806'67c4    0x130  ccsbcs.o [1]
  .text                   ro code   0x806'68f4     0x20  fatfs.o [1]
  .text                   ro code   0x806'6914     0x32  ABImemset48.o [6]
  .rodata                 const     0x806'6946      0x2  git_hsm.o [1]
  .text                   ro code   0x806'6948     0x44  rsi_hal_mcu_interrupt.o [1]
  .text                   ro code   0x806'698c    0x228  rsi_device_init_apis.o [1]
  .text                   ro code   0x806'6bb4    0x4c8  rsi_os_wrapper.o [1]
  .text                   ro code   0x806'707c   0x336c  rsi_wlan.o [1]
  .text                   ro code   0x806'a3e8    0x4de  git_sha1.o [1]
  .rodata                 const     0x806'a8c6      0x2  git_hsm_api.o [1]
  .text                   ro code   0x806'a8c8    0x528  rsi_web_socket.o [1]
  .text                   ro code   0x806'adf0     0xac  git_mqtt_Topic.o [1]
  .text                   ro code   0x806'ae9c    0x724  rsi_emb_mqtt_client.o [1]
  .text                   ro code   0x806'b5c0    0x2c0  rsi_utils.o [1]
  .text                   ro code   0x806'b880    0x62c  stream_buffer.o [1]
  .text                   ro code   0x806'beac   0x3180  rsi_bt_ble.o [1]
  .text                   ro code   0x806'f02c    0x348  rsi_bt_gap_apis.o [1]
  .text                   ro code   0x806'f374     0x76  rsi_bt_spp_apis.o [1]
  .rodata                 const     0x806'f3ea      0x2  git_hsm_api.o [1]
  .text                   ro code   0x806'f3ec    0xd48  led.o [1]
  .text                   ro code   0x807'0134    0x2e4  sw_timer.o [1]
  .text                   ro code   0x807'0418   0x1758  freertos.o [1]
  .text                   ro code   0x807'1b70     0x70  strncpy.o [6]
  .text                   ro code   0x807'1be0    0x254  rsi_dns.o [1]
  .text                   ro code   0x807'1e34    0x160  git_CRC32.o [1]
  .text                   ro code   0x807'1f94    0x2c4  rsi_http_client.o [1]
  .text                   ro code   0x807'2258     0x5c  rsi_pkt_mgmt.o [1]
  .text                   ro code   0x807'22b4    0xe58  rsi_common.o [1]
  .text                   ro code   0x807'310c     0x46  rsi_timer.o [1]
  .rodata                 const     0x807'3152      0x2  git_hsm_api.o [1]
  .text                   ro code   0x807'3154    0x4d0  rsi_nwk.o [1]
  .text                   ro code   0x807'3624     0xb8  rsi_events.o [1]
  .text                   ro code   0x807'36dc     0xac  crc.o [1]
  .text                   ro code   0x807'3788    0x2a4  stm32h7xx_hal_crc.o [1]
  .text                   ro code   0x807'3a2c     0x40  cmox_ctr_drbg.c.o [4]
  .text                   ro code   0x807'3a6c     0x38  cmox_drbg.c.o [4]
  .text                   ro code   0x807'3aa4     0x30  cmox_drbg.c.o [4]
  .text                   ro code   0x807'3ad4     0x20  cmox_drbg.c.o [4]
  .text                   ro code   0x807'3af4     0x30  cmox_rsa.c.o [4]
  .text                   ro code   0x807'3b24     0x54  cmox_rsa.c.o [4]
  .text                   ro code   0x807'3b78    0x12c  cmox_rsa_pkcs1v15.c.o [4]
  .text                   ro code   0x807'3ca4     0x58  cmox_cipher.c.o [4]
  .text                   ro code   0x807'3cfc     0x58  cmox_cipher.c.o [4]
  .rodata                 const     0x807'3d54     0x74  git_cli.o [1]
  .text                   ro code   0x807'3dc8    0xf00  crypto.o [2]
  .text                   ro code   0x807'4cc8   0x14e0  dlmalloc.o [3]
  .text                   ro code   0x807'61a8      0x4  heaptramp0.o [3]
  .text                   ro code   0x807'61ac     0x1e  strcat.o [3]
  .text                   ro code   0x807'61ca     0x14  toupper.o [3]
  .text                   ro code   0x807'61de     0x30  strstr.o [3]
  .rodata                 const     0x807'620e      0x2  git_rs9116.o [1]
  .text                   ro code   0x807'6210   0x843c  git_vci.o [1]
  .text                   ro code   0x807'e64c    0x2b8  stm32h7xx_hal_flash.o [1]
  .text                   ro code   0x807'e904    0x156  flash_if.o [1]
  .rodata                 const     0x807'ea5a      0x2  rsi_bt_common_apis.o [1]
  .text                   ro code   0x807'ea5c     0xe0  stm32h7xx_hal_pwr.o [1]
  .text                   ro code   0x807'eb3c    0x25c  stm32h7xx_hal_pwr_ex.o [1]
  .text                   ro code   0x807'ed98    0x394  stm32h7xx_it.o [1]
  .text                   ro code   0x807'f12c   0x14b0  stm32h7xx_hal_tim.o [1]
  .text                   ro code   0x808'05dc    0x13a  rsi_firmware_upgradation.o [1]
  .rodata                 const     0x808'0716      0x2  rsi_bt_gap_apis.o [1]
  .text                   ro code   0x808'0718   0x2dd4  git_protocol.o [1]
  .text                   ro code   0x808'34ec    0x692  git_AesEncrypt.o [1]
  .rodata                 const     0x808'3b7e      0x1  git_cli.o [1]
  .rodata                 const     0x808'3b7f      0x1  git_cli.o [1]
  .text                   ro code   0x808'3b80   0x61c8  git_OBDcomm.o [1]
  .text                   ro code   0x808'9d48    0x116  stm32h7xx_hal_rng.o [1]
  .rodata                 const     0x808'9e5e      0x1  rsi_bt_gap_apis.o [1]
  .rodata                 const     0x808'9e5f      0x1  rsi_bt_gap_apis.o [1]
  .text                   ro code   0x808'9e60      0x8  git_mcp2518fd.o [1]
  .text                   ro code   0x808'9e68    0x190  git_eth.o [1]
  .text                   ro code   0x808'9ff8    0x6d4  tcp.o [1]
  .text                   ro code   0x808'a6cc    0x34c  socket.o [1]
  .text                   ro code   0x808'aa18     0x74  rng.o [1]
  .text                   ro code   0x808'aa8c   0x19bc  stm32h7xx_hal_adc.o [1]
  .text                   ro code   0x808'c448     0xf8  rsi_apis_non_rom.o [1]
  .text                   ro code   0x808'c540     0x6c  rsi_scheduler.o [1]
  .text                   ro code   0x808'c5ac     0x84  rsi_queue.o [1]
  .text                   ro code   0x808'c630    0x6d0  git_sensor.o [1]
  .text                   ro code   0x808'cd00     0x9a  list.o [1]
  .text                   ro code   0x808'cd9c    0x124  sdmmc.o [1]
  .text                   ro code   0x808'cec0    0xb3a  stm32h7xx_hal_spi.o [1]
  .text                   ro code   0x808'd9fc   0x14f8  stm32h7xx_hal_fdcan.o [1]
  .text                   ro code   0x808'eef4     0x84  drv_canfdspi_api.o [1]
  .text                   ro code   0x808'ef78    0x746  stm32h7xx_hal_rtc.o [1]
  .text                   ro code   0x808'f6c0     0x74  stm32h7xx_hal.o [1]
  .text                   ro code   0x808'f734    0x628  gpio.o [1]
  .text                   ro code   0x808'fd5c     0x90  dma.o [1]
  .text                   ro code   0x808'fdec    0x200  adc.o [1]
  .text                   ro code   0x808'ffec    0x258  tim.o [1]
  .text                   ro code   0x809'0244    0x128  fdcan.o [1]
  .text                   ro code   0x809'036c    0x150  i2c.o [1]
  .text                   ro code   0x809'04bc     0x7c  rtc.o [1]
  .text                   ro code   0x809'0538    0x518  spi.o [1]
  .text                   ro code   0x809'0a50     0x7c  mdma.o [1]
  .text                   ro code   0x809'0acc     0x18  stm32h7xx_hal.o [1]
  .text                   ro code   0x809'0ae4      0x2  I64DivZer.o [6]
  .text                   ro code   0x809'0ae8     0xb0  stm32h7xx_hal_timebase_tim.o [1]
  CODE                    ro code   0x809'0b98     0xb0  portasm.o [1]
  .text                   ro code   0x809'0c48    0x110  xlocale_c.o [3]
  .text                   ro code   0x809'0d58     0x16  strchr.o [6]
  .text                   ro code   0x809'0d70     0x40  xfail_s.o [3]
  .text                   ro code   0x809'0db0      0xa  xmbcurmax.o [3]
  .text                   ro code   0x809'0dba     0x12  DblMul.o [5]
  .text                   ro code   0x809'0dcc     0x88  frexp.o [5]
  .text                   ro code   0x809'0e54     0x2e  DblCmpLe.o [5]
  .text                   ro code   0x809'0e84     0x2e  DblCmpGe.o [5]
  .text                   ro code   0x809'0eb4    0x104  ldexp.o [5]
  .text                   ro code   0x809'0fb8      0xe  DblToS32.o [5]
  .text                   ro code   0x809'0fc6      0xe  S32ToDbl.o [5]
  .text                   ro code   0x809'0fd4     0x12  DblSub.o [5]
  .text                   ro code   0x809'0fe6     0x12  DblDiv.o [5]
  .text                   ro code   0x809'0ff8      0xe  DblToU32.o [5]
  .text                   ro code   0x809'1006      0xe  U32ToDbl.o [5]
  .text                   ro code   0x809'1014      0x4  tp_nothreads.o [3]
  .text                   ro code   0x809'1018     0x60  ff_gen_drv.o [1]
  .text                   ro code   0x809'1078    0x160  rsi_hal_mcu_ioports.o [1]
  .text                   ro code   0x809'11d8    0x3c0  rsi_device_init.o [1]
  .text                   ro code   0x809'1598     0xe8  rsi_spi_iface_init.o [1]
  .text                   ro code   0x809'1680    0x19a  rsi_spi_functs.o [1]
  .text                   ro code   0x809'181a      0x2  rsi_hal_mcu_platform_init.o [1]
  .text                   ro code   0x809'181c     0x1e  U64Shr.o [6]
  .text                   ro code   0x809'183c     0x28  sscanf.o [3]
  .text                   ro code   0x809'1864    0x980  git_ListDiag.o [1]
  .text                   ro code   0x809'21e4    0xe14  git_csac.o [1]
  .text                   ro code   0x809'2ff8     0x6c  usb_device.o [1]
  .text                   ro code   0x809'3064    0x1c0  git_pool.o [1]
  .text                   ro code   0x809'3224     0xa0  stm32h7xx_hal_crc_ex.o [1]
  .text                   ro code   0x809'32c4     0x16  cmox_membuf.c.o [4]
  .text                   ro code   0x809'32da     0x24  cmox_mathutils.c.o [4]
  .text                   ro code   0x809'32fe     0x3e  cmox_membuf.c.o [4]
  .text                   ro code   0x809'333c     0x2a  cmox_membuf.c.o [4]
  .text                   ro code   0x809'3366      0x6  abort.o [3]
  .text                   ro code   0x809'336c     0x2c  xgetmemchunk.o [3]
  .text                   ro code   0x809'3398    0x2b4  stm32h7xx_hal_flash_ex.o [1]
  .text                   ro code   0x809'364c   0x1094  stm32h7xx_hal_mmc.o [1]
  .text                   ro code   0x809'46e0    0xd5c  stm32h7xx_hal_pcd.o [1]
  .text                   ro code   0x809'543c    0x664  stm32h7xx_hal_mdma.o [1]
  .text                   ro code   0x809'5aa0      0x2  stm32h7xx_hal_tim.o [1]
  .text                   ro code   0x809'5aa2      0x2  stm32h7xx_hal_tim.o [1]
  .text                   ro code   0x809'5aa4      0x2  stm32h7xx_hal_tim.o [1]
  .text                   ro code   0x809'5aa6      0x2  stm32h7xx_hal_tim_ex.o [1]
  .text                   ro code   0x809'5aa8      0x2  stm32h7xx_hal_tim_ex.o [1]
  .text                   ro code   0x809'5aaa      0x2  stm32h7xx_hal_tim.o [1]
  .text                   ro code   0x809'5aac      0x2  stm32h7xx_hal_tim_ex.o [1]
  .text                   ro code   0x809'5ab0    0x12c  usbd_cdc_if.o [1]
  .text                   ro code   0x809'5bdc    0x110  net_misc.o [1]
  .text                   ro code   0x809'5cec    0x21e  ip.o [1]
  .text                   ro code   0x809'5f0c    0x4b2  net_mem.o [1]
  .text                   ro code   0x809'63c0    0xa1c  tcp_misc.o [1]
  .text                   ro code   0x809'6ddc     0x1e  tcp_timer.o [1]
  .text                   ro code   0x809'6dfc     0xa8  os_port_freertos.o [1]
  .text                   ro code   0x809'6ea4    0x180  udp.o [1]
  .text                   ro code   0x809'7024    0x7f4  stm32h7xx_hal_i2c.o [1]
  .text                   ro code   0x809'7818      0x2  stm32h7xx_hal_spi.o [1]
  .text                   ro code   0x809'781a      0x2  stm32h7xx_hal_spi.o [1]
  .text                   ro code   0x809'781c      0x2  stm32h7xx_hal_spi.o [1]
  .text                   ro code   0x809'781e      0x2  stm32h7xx_hal_spi.o [1]
  .text                   ro code   0x809'7820      0x2  stm32h7xx_hal_spi.o [1]
  .text                   ro code   0x809'7822      0x2  stm32h7xx_hal_fdcan.o [1]
  .text                   ro code   0x809'7824      0x2  stm32h7xx_hal_fdcan.o [1]
  .text                   ro code   0x809'7826      0x2  stm32h7xx_hal_fdcan.o [1]
  .text                   ro code   0x809'7828      0x2  stm32h7xx_hal_fdcan.o [1]
  .text                   ro code   0x809'782a      0x2  stm32h7xx_hal_fdcan.o [1]
  .text                   ro code   0x809'782c      0x2  stm32h7xx_hal_fdcan.o [1]
  .text                   ro code   0x809'782e      0x2  stm32h7xx_hal_fdcan.o [1]
  .text                   ro code   0x809'7830      0x2  stm32h7xx_hal_fdcan.o [1]
  .text                   ro code   0x809'7832      0x2  stm32h7xx_hal_fdcan.o [1]
  .text                   ro code   0x809'7834      0x2  stm32h7xx_hal_fdcan.o [1]
  .text                   ro code   0x809'7836      0x2  stm32h7xx_hal_fdcan.o [1]
  .text                   ro code   0x809'7838      0x2  stm32h7xx_hal_fdcan.o [1]
  .text                   ro code   0x809'783a      0x2  stm32h7xx_hal_fdcan.o [1]
  .text                   ro code   0x809'783c      0x2  stm32h7xx_hal_fdcan.o [1]
  .text                   ro code   0x809'783e      0x2  stm32h7xx_hal_fdcan.o [1]
  .text                   ro code   0x809'7840     0x28  stm32h7xx_hal_msp.o [1]
  .text                   ro code   0x809'7868    0x23c  stm32h7xx_hal_adc_ex.o [1]
  .text                   ro code   0x809'7aa4    0x22c  stm32h7xx_hal_tim_ex.o [1]
  .text                   ro code   0x809'7cd0    0x14c  stm32h7xx_hal_i2c_ex.o [1]
  .text                   ro code   0x809'7e1c    0x168  rsi_spi_mem_rd_wr.o [1]
  .text                   ro code   0x809'7f84     0x70  rsi_hal_mcu_spi.o [1]
  .text                   ro code   0x809'7ff4     0xa4  rsi_spi_reg_rd_wr.o [1]
  .text                   ro code   0x809'8098    0xe58  xscanffull.o [3]
  .text                   ro code   0x809'8ef0    0x436  usbd_core.o [1]
  .text                   ro code   0x809'9328    0x454  usbd_cdc.o [1]
  .text                   ro code   0x809'977c     0x14  exit.o [7]
  .text                   ro code   0x809'9790    0x818  stm32h7xx_ll_sdmmc.o [1]
  .text                   ro code   0x809'9fa8      0x2  stm32h7xx_hal_mmc.o [1]
  .text                   ro code   0x809'9fac    0x2d8  user_diskio.o [1]
  .text                   ro code   0x809'a284      0x2  stm32h7xx_hal_mmc.o [1]
  .text                   ro code   0x809'a286      0x2  stm32h7xx_hal_mmc.o [1]
  .text                   ro code   0x809'a288      0x2  stm32h7xx_hal_mmc.o [1]
  .text                   ro code   0x809'a28a      0x2  stm32h7xx_hal_mmc.o [1]
  .text                   ro code   0x809'a28c    0x4fc  usbd_conf.o [1]
  .text                   ro code   0x809'a788    0xfa4  stm32h7xx_ll_usb.o [1]
  .text                   ro code   0x809'b72c     0xa2  stm32h7xx_hal_pcd_ex.o [1]
  .text                   ro code   0x809'b7d0    0x2b2  ipv4.o [1]
  .text                   ro code   0x809'ba84    0x382  ipv4_misc.o [1]
  .text                   ro code   0x809'be08    0x174  ethernet.o [1]
  .text                   ro code   0x809'bf7c     0x2c  cpu_endian.o [1]
  .text                   ro code   0x809'bfa8     0x3c  wctob.o [3]
  .text                   ro code   0x809'bfe4     0x9e  iar_Stollx.o [3]
  .text                   ro code   0x809'c084    0x1b2  iar_Stoullx.o [3]
  .text                   ro code   0x809'c238      0xe  math_wrappers64.o [5]
  .text                   ro code   0x809'c246     0x14  isalpha.o [3]
  .text                   ro code   0x809'c25a      0xe  DblToFlt.o [5]
  .text                   ro code   0x809'c268    0x8ac  usbd_ctlreq.o [1]
  .text                   ro code   0x809'cb14     0xac  usbd_ioreq.o [1]
  .text                   ro code   0x809'cbc0     0x30  iarttio.o [7]
  .text                   ro code   0x809'cbf0     0x78  bsp_mmc.o [1]
  .text                   ro code   0x809'cc68     0xe2  ipv4_frag.o [1]
  .text                   ro code   0x809'cd4c    0x108  nic.o [1]
  .text                   ro code   0x809'ce54    0x31a  arp.o [1]
  .text                   ro code   0x809'd170    0x14c  ethernet_misc.o [1]
  .text                   ro code   0x809'd2bc    0x430  strto64.o [5]
  .text                   ro code   0x809'd6ec      0xc  XShttio.o [3]
  .text                   ro code   0x809'd6f8    0x122  iar_Stopfx.o [3]
  .text                   ro code   0x809'd81c    0x1c4  iar_Stoflt.o [3]
  .text                   ro code   0x809'd9e0    0x21c  iar_Stoxflt.o [3]
  .text                   ro code   0x809'dbfc   0x16ac  inflate.o [1]
  .text                   ro code   0x809'f2a8    0x4d8  crc32.o [1]
  .text                   ro code   0x809'f780    0x1c0  adler32.o [1]
  .text                   ro code   0x809'f940    0x42c  inftrees.o [1]
  .text                   ro code   0x809'fd6c    0x48c  inffast.o [1]
  .rodata                 const     0x80a'01f8   0x1000  crc32.o [1]
  .rodata                 const     0x80a'11f8   0x1000  crc32.o [1]
  .text                   ro code   0x80a'21f8    0x828  rsi_driver_event_handlers.o [1]
  .text                   ro code   0x80a'2a20    0x2fc  rsi_spi_frame_rd_wr.o [1]
  .rodata                 const     0x80a'2d1c    0x800  inflate.o [1]
  .text                   ro code   0x80a'351c    0x584  git_zip.o [1]
  .text                   ro code   0x80a'3aa0     0x14  memset.o [6]
  .rodata                 const     0x80a'3ab4    0x400  crc32.o [1]
  .rodata                 const     0x80a'3eb4    0x400  crc32.o [1]
  CMOX_CTA_PROTECTED_DATA
                          const     0x80a'42b4    0x400  cmox_aesfast_encrypt.c.o [4]
  CMOX_CTA_PROTECTED_DATA
                          const     0x80a'46b4    0x400  cmox_aesfast_decrypt.c.o [4]
  .text                   ro code   0x80a'4ab4    0x3c8  cmox_cipher_modes.c.o [4]
  .rodata                 const     0x80a'4e7c    0x360  git_cli.o [1]
  .text                   ro code   0x80a'51dc    0x31c  cmox_aesfast_encrypt.c.o [4]
  .text                   ro code   0x80a'54f8    0x314  cmox_aesfast_decrypt.c.o [4]
  .text                   ro code   0x80a'580c    0x2be  cmox_math.c.o [4]
  .text                   ro code   0x80a'5aca     0x16  cmox_bn.c.o [4]
  .text                   ro code   0x80a'5ae0      0xa  cmox_mathutils.c.o [4]
  .text                   ro code   0x80a'5aea      0x6  cmox_mathutils.c.o [4]
  .text                   ro code   0x80a'5af0      0xa  cmox_mathutils.c.o [4]
  .text                   ro code   0x80a'5afa      0xe  cmox_mathutils.c.o [4]
  .text                   ro code   0x80a'5b08     0x20  cmox_bn.c.o [4]
  .text                   ro code   0x80a'5b28     0x70  cmox_bn.c.o [4]
  .text                   ro code   0x80a'5b98     0x16  cmox_bn.c.o [4]
  .rodata                 const     0x80a'5bb0    0x288  buzzer.o [1]
  .rodata                 const     0x80a'5e38    0x258  git_cli.o [1]
  .text                   ro code   0x80a'6090    0x248  cmox_math_armv7em_ewarm_mm-mod4.s.o [4]
  .text                   ro code   0x80a'62d8    0x234  cmox_ctr_drbg.c.o [4]
  .text                   ro code   0x80a'650c    0x198  cmox_ctr_drbg.c.o [4]
  .text                   ro code   0x80a'66a4     0x7a  cmox_ctr_drbg.c.o [4]
  .text                   ro code   0x80a'671e     0x20  cmox_ctr_drbg.c.o [4]
  .text                   ro code   0x80a'673e     0x28  cmox_cipher_utils.c.o [4]
  .text                   ro code   0x80a'6766     0xae  cmox_ctr_drbg.c.o [4]
  .text                   ro code   0x80a'6814     0x1c  cmox_ctr_drbg.c.o [4]
  .text                   ro code   0x80a'6830    0x232  cmox_modexp.c.o [4]
  .text                   ro code   0x80a'6a62     0x42  cmox_math.c.o [4]
  .text                   ro code   0x80a'6aa4     0x4c  cmox_math.c.o [4]
  .rodata                 const     0x80a'6af0    0x210  git_cli.o [1]
  .rodata                 const     0x80a'6d00    0x200  git_cli.o [1]
  .rodata                 const     0x80a'6f00    0x1f8  git_cli.o [1]
  .rodata                 const     0x80a'70f8    0x1f4  ccsbcs.o [1]
  .text                   ro code   0x80a'72ec    0x1f4  cmox_sha256_common.c.o [4]
  .text                   ro code   0x80a'74e0    0x1c8  cmox_hmac.c.o [4]
  .text                   ro code   0x80a'76a8     0x38  cmox_hmac.c.o [4]
  .text                   ro code   0x80a'76e0    0x1ac  cmox_md.c.o [4]
  .text                   ro code   0x80a'788c      0x6  ABImemclr.o [6]
  .text                   ro code   0x80a'7894    0x15a  usbd_desc.o [1]
  .text                   ro code   0x80a'79f0    0x150  cmox_aesfast_decrypt.c.o [4]
  .text                   ro code   0x80a'7b40    0x114  cmox_aes_common.c.o [4]
  .text                   ro code   0x80a'7c54    0x146  rsi_pkt_mgmt_rom.o [1]
  .text                   ro code   0x80a'7d9c    0x138  cmox_rsa_modexp.c.o [4]
  .text                   ro code   0x80a'7ed4     0x86  cmox_bn.c.o [4]
  .text                   ro code   0x80a'7f5a     0x82  cmox_bn.c.o [4]
  .text                   ro code   0x80a'7fdc     0xf4  cmox_modexp.c.o [4]
  .text                   ro code   0x80a'80d0     0x76  cmox_bn.c.o [4]
  .text                   ro code   0x80a'8146     0xaa  cmox_math.c.o [4]
  .text                   ro code   0x80a'81f0     0x10  cmox_math.c.o [4]
  .text                   ro code   0x80a'8200     0x44  cmox_math.c.o [4]
  .text                   ro code   0x80a'8244     0x1c  cmox_math.c.o [4]
  .text                   ro code   0x80a'8260     0x38  cmox_math.c.o [4]
  .text                   ro code   0x80a'8298     0x18  cmox_math.c.o [4]
  .text                   ro code   0x80a'82b0    0x136  rsi_events_rom.o [1]
  .text                   ro code   0x80a'83e8    0x124  system_stm32h7xx.o [1]
  .text                   ro code   0x80a'850c    0x120  rsi_queue_rom.o [1]
  .rodata                 const     0x80a'862c    0x104  git_function_list.o [1]
  .rodata                 const     0x80a'8730    0x104  git_function_list.o [1]
  .rodata                 const     0x80a'8834    0x104  git_function_list.o [1]
  .text                   ro code   0x80a'8938    0x104  cmox_utils_compare.c.o [4]
  .rodata                 const     0x80a'8a3c    0x100  ccsbcs.o [1]
  .rodata                 const     0x80a'8b3c    0x100  git_cli.o [1]
  .rodata                 const     0x80a'8c3c    0x100  git_cli.o [1]
  .rodata                 const     0x80a'8d3c    0x100  git_cli.o [1]
  .rodata                 const     0x80a'8e3c    0x100  git_cli.o [1]
  .rodata                 const     0x80a'8f3c    0x100  git_cli.o [1]
  .rodata                 const     0x80a'903c    0x100  git_cli.o [1]
  .rodata                 const     0x80a'913c    0x100  git_cli.o [1]
  .rodata                 const     0x80a'923c    0x100  git_cli.o [1]
  .rodata                 const     0x80a'933c    0x100  git_cli.o [1]
  .rodata                 const     0x80a'943c    0x100  git_cli.o [1]
  .rodata                 const     0x80a'953c    0x100  git_cli.o [1]
  .rodata                 const     0x80a'963c    0x100  git_cli.o [1]
  .rodata                 const     0x80a'973c    0x100  git_cli.o [1]
  .rodata                 const     0x80a'983c    0x100  git_cli.o [1]
  .rodata                 const     0x80a'993c    0x100  git_cli.o [1]
  .rodata                 const     0x80a'9a3c    0x100  git_cli.o [1]
  .rodata                 const     0x80a'9b3c    0x100  git_cli.o [1]
  .rodata                 const     0x80a'9c3c    0x100  git_cli.o [1]
  .rodata                 const     0x80a'9d3c    0x100  git_cli.o [1]
  .rodata                 const     0x80a'9e3c    0x100  git_cli.o [1]
  .rodata                 const     0x80a'9f3c    0x100  git_cli.o [1]
  .rodata                 const     0x80a'a03c    0x100  git_cli.o [1]
  .rodata                 const     0x80a'a13c    0x100  git_cli.o [1]
  .rodata                 const     0x80a'a23c    0x100  git_cli.o [1]
  .rodata                 const     0x80a'a33c    0x100  git_cli.o [1]
  .rodata                 const     0x80a'a43c    0x100  git_cli.o [1]
  .rodata                 const     0x80a'a53c    0x100  git_cli.o [1]
  .rodata                 const     0x80a'a63c    0x100  git_cli.o [1]
  .rodata                 const     0x80a'a73c    0x100  git_cli.o [1]
  .rodata                 const     0x80a'a83c    0x100  git_function_list.o [1]
  .rodata                 const     0x80a'a93c    0x100  git_hsm_api.o [1]
  .rodata                 const     0x80a'aa3c    0x100  git_hsm_api.o [1]
  .rodata                 const     0x80a'ab3c    0x100  git_HSM_Operations.o [1]
  .rodata                 const     0x80a'ac3c    0x100  git_HSM_Operations.o [1]
  .rodata                 const     0x80a'ad3c    0x100  cmox_sha256_common.c.o [4]
  .text                   ro code   0x80a'ae3c    0x100  cmox_hmac.c.o [4]
  CMOX_CTA_PROTECTED_DATA
                          const     0x80a'af3c    0x100  cmox_aes_common.c.o [4]
  CMOX_CTA_PROTECTED_DATA
                          const     0x80a'b03c    0x100  cmox_aes_common.c.o [4]
  .rodata                 const     0x80a'b13c     0xf0  cmox_ctr_drbg_aes256_keys.c.o [4]
  .rodata                 const     0x80a'b22c     0xf0  cmox_ctr_drbg_aes256_keys.c.o [4]
  .text                   ro code   0x80a'b31c     0xe8  rsi_socket_rom.o [1]
  .text                   ro code   0x80a'b404     0xd4  cmox_hmac.c.o [4]
  .rodata                 const     0x80a'b4d8     0xc8  git_cli.o [1]
  .rodata                 const     0x80a'b5a0     0xc8  git_cli.o [1]
  .rodata                 const     0x80a'b668     0xc8  git_cli.o [1]
  .rodata                 const     0x80a'b730     0xc8  git_cli.o [1]
  .rodata                 const     0x80a'b7f8     0xc8  git_cli.o [1]
  .rodata                 const     0x80a'b8c0     0xc8  git_rs9116.o [1]
  .rodata                 const     0x80a'b988     0xc4  git_cli.o [1]
  .rodata                 const     0x80a'ba4c     0xc4  git_cli.o [1]
  .rodata                 const     0x80a'bb10     0xc4  git_cli.o [1]
  .rodata                 const     0x80a'bbd4     0xc4  git_cli.o [1]
  .rodata                 const     0x80a'bc98     0xc4  git_cli.o [1]
  .rodata                 const     0x80a'bd5c     0xc4  git_cli.o [1]
  .text                   ro code   0x80a'be20     0xbe  cmox_math_armv7em_ewarm_montyred.s.o [4]
  .rodata                 const     0x80a'bee0     0xbc  ccsbcs.o [1]
  .rodata                 const     0x80a'bf9c     0xb8  rsi_apis_non_rom.o [1]
  .text                   ro code   0x80a'c054     0xa8  cmox_md.c.o [4]
  .text                   ro code   0x80a'c0fc     0xa4  rsi_scheduler_rom.o [1]
  .text                   ro code   0x80a'c1a0     0xa2  rsi_utils_rom.o [1]
  .text                   ro code   0x80a'c244     0xa0  cmox_ctr_drbg.c.o [4]
  .text                   ro code   0x80a'c2e4     0x3c  cmox_ctr_drbg.c.o [4]
  .text                   ro code   0x80a'c320     0x8c  cmox_ctr_drbg.c.o [4]
  .text                   ro code   0x80a'c3ac     0x8c  cmox_ctr_drbg.c.o [4]
  .text                   ro code   0x80a'c438     0x86  cmox_mac.c.o [4]
  .text                   ro code   0x80a'c4be     0x86  cmox_mac.c.o [4]
  .rodata                 const     0x80a'c544     0x80  ff.o [1]
  .rodata                 const     0x80a'c5c4     0x80  inflate.o [1]
  .text                   ro code   0x80a'c644     0x80  cmox_ecb_common.c.o [4]
  .text                   ro code   0x80a'c6c4     0x10  cmox_ecb_common.c.o [4]
  .text                   ro code   0x80a'c6d4     0x2e  cmox_cipher_utils.c.o [4]
  .rodata                 const     0x80a'c704     0x78  git_cli.o [1]
  .rodata                 const     0x80a'c77c     0x74  git_cli.o [1]
  .rodata                 const     0x80a'c7f0     0x70  git_cli.o [1]
  .rodata                 const     0x80a'c860     0x68  stm32h7xx_hal_flash_ex.o [1]
  .rodata                 const     0x80a'c8c8     0x68  stm32h7xx_hal_uart_ex.o [1]
  .rodata                 const     0x80a'c930     0x64  stm32h7xx_hal_adc.o [1]
  .rodata                 const     0x80a'c994     0x64  stm32h7xx_hal_adc_ex.o [1]
  .rodata                 const     0x80a'c9f8     0x64  stm32h7xx_hal_cortex.o [1]
  .rodata                 const     0x80a'ca5c     0x64  stm32h7xx_hal_crc.o [1]
  .rodata                 const     0x80a'cac0     0x64  stm32h7xx_hal_crc_ex.o [1]
  .rodata                 const     0x80a'cb24     0x64  stm32h7xx_hal_dma.o [1]
  .rodata                 const     0x80a'cb88     0x64  stm32h7xx_hal_fdcan.o [1]
  .rodata                 const     0x80a'cbec     0x64  stm32h7xx_hal_flash.o [1]
  .rodata                 const     0x80a'cc50     0x64  stm32h7xx_hal_gpio.o [1]
  .rodata                 const     0x80a'ccb4     0x64  stm32h7xx_hal_i2c.o [1]
  .rodata                 const     0x80a'cd18     0x64  stm32h7xx_hal_i2c_ex.o [1]
  .rodata                 const     0x80a'cd7c     0x64  stm32h7xx_hal_mdma.o [1]
  .rodata                 const     0x80a'cde0     0x64  stm32h7xx_hal_mmc.o [1]
  .rodata                 const     0x80a'ce44     0x64  stm32h7xx_hal_pcd.o [1]
  .rodata                 const     0x80a'cea8     0x64  stm32h7xx_hal_pwr.o [1]
  .rodata                 const     0x80a'cf0c     0x64  stm32h7xx_hal_pwr_ex.o [1]
  .rodata                 const     0x80a'cf70     0x64  stm32h7xx_hal_rcc.o [1]
  .rodata                 const     0x80a'cfd4     0x64  stm32h7xx_hal_rcc_ex.o [1]
  .rodata                 const     0x80a'd038     0x64  stm32h7xx_hal_rng.o [1]
  .rodata                 const     0x80a'd09c     0x64  stm32h7xx_hal_rtc.o [1]
  .rodata                 const     0x80a'd100     0x64  stm32h7xx_hal_spi.o [1]
  .rodata                 const     0x80a'd164     0x64  stm32h7xx_hal_tim.o [1]
  .rodata                 const     0x80a'd1c8     0x64  stm32h7xx_hal_tim_ex.o [1]
  .rodata                 const     0x80a'd22c     0x64  stm32h7xx_hal_uart.o [1]
  .rodata                 const     0x80a'd290     0x64  stm32h7xx_ll_sdmmc.o [1]
  .text                   ro code   0x80a'd2f4     0x64  cmox_cipher.c.o [4]
  .rodata                 const     0x80a'd358     0x60  git_HSM_SPICommand.o [1]
  .rodata                 const     0x80a'd3b8     0x60  git_vci.o [1]
  .rodata                 const     0x80a'd418     0x58  git_cli.o [1]
  .text                   ro code   0x80a'd470     0x58  cmox_math_armv7em_ewarm_mul-os.s.o [4]
  .rodata                 const     0x80a'd4c8     0x54  git_cli.o [1]
  .rodata                 const     0x80a'd51c     0x50  cmsis_os.o [1]
  .rodata                 const     0x80a'd56c     0x50  git_cli.o [1]
  .rodata                 const     0x80a'd5bc     0x50  git_cli.o [1]
  .rodata                 const     0x80a'd60c     0x50  git_cli.o [1]
  .rodata                 const     0x80a'd65c     0x50  git_cli.o [1]
  .rodata                 const     0x80a'd6ac     0x50  git_cli.o [1]
  .rodata                 const     0x80a'd6fc     0x50  iar_Stoulx.o [3]
  .rodata                 const     0x80a'd74c     0x50  iar_Stoullx.o [3]
  .rodata                 const     0x80a'd79c     0x4c  git_cli.o [1]
  .rodata                 const     0x80a'd7e8     0x4c  git_cli.o [1]
  .rodata                 const     0x80a'd834     0x4c  git_cli.o [1]
  .rodata                 const     0x80a'd880     0x4c  git_cli.o [1]
  .rodata                 const     0x80a'd8cc     0x4c  git_cli.o [1]
  .rodata                 const     0x80a'd918     0x4c  git_cli.o [1]
  .rodata                 const     0x80a'd964     0x4c  git_cli.o [1]
  .rodata                 const     0x80a'd9b0     0x4c  git_function_list.o [1]
  .rodata                 const     0x80a'd9fc     0x4c  stm32h7xx_hal_fdcan.o [1]
  .rodata                 const     0x80a'da48     0x4c  xscanffull.o [3]
  .rodata                 const     0x80a'da94     0x48  firmware.o [1]
[...]
se_open                  0x803'ba6d    0x304  Code  Gb  git_hsm.o [1]
se_open::__FUNCTION__    0x80c'5144      0x8  Data  Lc  git_hsm.o [1]
se_tranreceive           0x803'bedb    0x172  Code  Gb  git_hsm.o [1]
sec_hand                0x2407'7240      0x4  Data  Lc  xfail_s.o [3]
secondloop_bb_cmp        0x803'0c47     0x36  Code  Lc  cmox_utils_compare.c.o [4]
segment_holding          0x807'4cc9     0x1a  Code  Lc  dlmalloc.o [3]
sendCliData              0x802'0369     0x88  Code  Gb  git_cli.o [1]
send_APDU                0x805'77db     0x8c  Code  Gb  git_hsm_api.o [1]
send_timeout             0x803'7e69     0x98  Code  Gb  rsi_wlan_apis.o [1]
setEthSocketState        0x808'9e69      0x4  Code  Gb  git_eth.o [1]
setFilter1               0x805'a63b     0xac  Code  Gb  git_can.o [1]
setFilter1::__FUNCTION__
                         0x80c'42e8      0xc  Data  Lc  git_can.o [1]
setFilter2               0x805'a6e7      0x6  Code  Gb  git_can.o [1]
setRSA_Encrypt           0x803'c4dd    0x18c  Code  Gb  git_hsm.o [1]
setWakeUpSource          0x805'2345    0x1be  Code  Gb  git_pm.o [1]
snprintf                 0x803'496d     0x44  Code  Gb  snprintf.o [3]
socketClose              0x808'a9c3     0x4e  Code  Gb  socket.o [1]
socketConnect            0x808'a7ff     0x74  Code  Gb  socket.o [1]
socketOpen               0x808'a6cd    0x10e  Code  Gb  socket.o [1]
socketReceive            0x808'a873     0x2c  Code  Gb  socket.o [1]
socketReceiveEx          0x808'a89f     0xde  Code  Gb  socket.o [1]
socketSetTimeout         0x808'a7db     0x24  Code  Gb  socket.o [1]
socketShutdown           0x808'a97d     0x46  Code  Gb  socket.o [1]
socketTable             0x3000'2eec   0x2840  Data  Gb  socket.o [1]
socket_notify_callback   0x803'6e5d     0x82  Code  Gb  git_rs9116.o [1]
socket_terminate_callback
                         0x803'6de5     0x6c  Code  Gb  git_rs9116.o [1]
sound                    0x80a'5bb0    0x288  Data  Gb  buzzer.o [1]
spi_cmd_r_cmd            0x805'6f51    0x24e  Code  Gb  git_HSM_SPICommand.o [1]
spi_cmd_r_cmd::__FUNCTION__
                         0x80c'3aac     0x10  Data  Lc  git_HSM_SPICommand.o [1]
spi_cmd_r_cs             0x805'694d     0xe6  Code  Gb  git_HSM_SPICommand.o [1]
spi_cmd_r_cs::__FUNCTION__
                         0x80c'3a7c     0x10  Data  Lc  git_HSM_SPICommand.o [1]
spi_cmd_w_cc             0x805'6a33    0x140  Code  Gb  git_HSM_SPICommand.o [1]
spi_cmd_w_cc::__FUNCTION__
                         0x80c'3a8c     0x10  Data  Lc  git_HSM_SPICommand.o [1]
spi_cmd_w_cmd            0x805'6b73    0x230  Code  Gb  git_HSM_SPICommand.o [1]
spi_cmd_w_cmd_5byte      0x805'6da9    0x1a4  Code  Gb  git_HSM_SPICommand.o [1]
spp_data                0x3002'f1c4    0x138  Data  Lc  git_rs9116.o [1]
sprintf                  0x803'7dc5     0x40  Code  Gb  sprintf.o [3]
sscanf                   0x809'183d     0x28  Code  Gb  sscanf.o [3]
stBuzzerInfo            0x2407'6f28     0x14  Data  Gb  buzzer.o [1]
stPeriodicMsgInfo       0x3000'8220     0x88  Data  Gb  git_OBDcomm.o [1]
st_clust                 0x803'1873     0x2a  Code  Lc  ff.o [1]
st_dword                 0x803'0e29     0x18  Code  Lc  ff.o [1]
st_word                  0x803'0e1b      0xe  Code  Lc  ff.o [1]
startFDCan               0x805'a50d     0xea  Code  Gb  git_can.o [1]
startFDCan::__FUNCTION__
                         0x80c'42d0      0xc  Data  Lc  git_can.o [1]
startFDCanThread         0x805'a4d1     0x3c  Code  Gb  git_can.o [1]
startFDCanThread::__FUNCTION__
                         0x80c'1678     0x14  Data  Lc  git_can.o [1]
stopFDCan                0x805'a5f7     0x44  Code  Gb  git_can.o [1]
stopFDCan::__FUNCTION__
                         0x80c'42dc      0xc  Data  Lc  git_can.o [1]
str_conn_bd_addr        0x3002'f444     0x14  Data  Lc  git_rs9116.o [1]
strcat                   0x807'61ad     0x1e  Code  Gb  strcat.o [3]
strchr                   0x809'0d59           Code  Gb  strchr.o [6]
strcmp                   0x803'0c35           Code  Gb  strcmp.o [6]
strcpy                   0x803'0c1d           Code  Gb  strcpy.o [6]
strcspn                  0x806'65ed     0x22  Code  Gb  strcspn.o [3]
strlen                   0x803'b8b5           Code  Gb  strlen.o [6]
strm                    0x2000'a000     0x38  Data  Lc  git_zip.o [1]
strncmp                  0x803'4927     0x28  Code  Gb  strncmp.o [3]
strncpy                  0x807'1b71           Code  Gb  strncpy.o [6]
strspn                   0x806'65cb     0x22  Code  Gb  strspn.o [3]
strstr                   0x807'61df     0x30  Code  Gb  strstr.o [3]
strtok                   0x805'283d     0x4c  Code  Gb  strtok.o [3]
strtok_r                 0x803'0ac9     0x38  Code  Gb  strtok_r.o [3]
strtol                   0x805'68d7      0x4  Code  Gb  iar_Stolx.o [3]
strtoll                  0x809'c07d      0x2  Code  Gb  iar_Stollx.o [3]
strtoul                  0x803'0dc9      0x2  Code  Gb  iar_Stoulx.o [3]
strtoull                 0x809'c231      0x2  Code  Gb  iar_Stoullx.o [3]
sum_sfn                  0x803'1b31     0x20  Code  Lc  ff.o [1]
sw                      0x2407'724e      0x2  Data  Gb  git_hsm_api.o [1]
swapInt16                0x809'bf7d     0x10  Code  Gb  cpu_endian.o [1]
swapInt32                0x809'bf8d     0x1c  Code  Gb  cpu_endian.o [1]
sync_fs                  0x803'1147     0x96  Code  Lc  ff.o [1]
sync_window              0x803'10ab     0x5a  Code  Lc  ff.o [1]
sys_alloc                0x807'5289    0x164  Code  Lc  dlmalloc.o [3]
sys_trim                 0x807'53ed     0x64  Code  Lc  dlmalloc.o [3]
t_len                   0x3002'f474      0x4  Data  Gb  git_rs9116.o [1]
tcpAbort                 0x808'a5f7     0x6a  Code  Gb  tcp.o [1]
tcpAddOption             0x809'6645     0xc0  Code  Gb  tcp_misc.o [1]
tcpChangeState           0x809'69cf     0x38  Code  Gb  tcp_misc.o [1]
tcpConnect               0x808'a035    0x182  Code  Gb  tcp.o [1]
tcpDeleteControlBlock    0x809'6715     0x26  Code  Gb  tcp_misc.o [1]
tcpDumpHeader            0x809'6ddb      0x2  Code  Gb  tcp_misc.o [1]
tcpDynamicPort          0x2407'726e      0x2  Data  Lc  tcp.o [1]
tcpFlushRetransmitQueue
                         0x809'673b     0x28  Code  Gb  tcp_misc.o [1]
tcpFlushSynQueue         0x809'6763     0x20  Code  Gb  tcp_misc.o [1]
tcpGenerateInitialSeqNum
                         0x809'6705     0x10  Code  Gb  tcp_misc.o [1]
tcpGetDynamicPort        0x808'9ff9     0x3c  Code  Gb  tcp.o [1]
tcpKillOldestConnection
                         0x808'a661     0x62  Code  Gb  tcp.o [1]
tcpNagleAlgo             0x809'6815    0x1ba  Code  Gb  tcp_misc.o [1]
tcpReadRxBuffer          0x809'6d67     0x74  Code  Gb  tcp_misc.o [1]
tcpReadTxBuffer          0x809'6ceb     0x7c  Code  Gb  tcp_misc.o [1]
tcpReceive               0x808'a2d9    0x17c  Code  Gb  tcp.o [1]
tcpSend                  0x808'a1b7    0x122  Code  Gb  tcp.o [1]
tcpSendSegment           0x809'63c1    0x284  Code  Gb  tcp_misc.o [1]
tcpShutdown              0x808'a455    0x1a2  Code  Gb  tcp.o [1]
tcpTimerRunning          0x809'6df7      0x4  Code  Gb  tcp_timer.o [1]
tcpTimerStart            0x809'6ddd     0x14  Code  Gb  tcp_timer.o [1]
tcpTimerStop             0x809'6df1      0x6  Code  Gb  tcp_timer.o [1]
tcpUpdateEvents          0x809'6a07    0x220  Code  Gb  tcp_misc.o [1]
tcpUpdateReceiveWindow   0x809'6783     0x8c  Code  Gb  tcp_misc.o [1]
tcpWaitForEvents         0x809'6c27     0x48  Code  Gb  tcp_misc.o [1]
tcpWriteTxBuffer         0x809'6c75     0x76  Code  Gb  tcp_misc.o [1]
test_d                  0x3002'ad6c   0x1388  Data  Gb  git_rs9116.o [1]
tmalloc_large            0x807'545d    0x386  Code  Lc  dlmalloc.o [3]
tmalloc_small            0x807'57e3    0x200  Code  Lc  dlmalloc.o [3]
tolower                  0x806'6623     0x14  Code  Gb  tolower.o [3]
toupper                  0x807'61cb     0x14  Code  Gb  toupper.o [3]
transmitFDCanThread      0x805'ae89    0x2be  Code  Lc  git_can.o [1]
transmitFDCanThread::__FUNCTION__
                         0x80c'168c     0x14  Data  Lc  git_can.o [1]
transmitHSMCommand       0x803'ba1b     0x44  Code  Gb  git_hsm.o [1]
transmitKL               0x804'f333     0x72  Code  Gb  git_kl.o [1]
transmitKL_ByteTime      0x804'f491     0xa6  Code  Gb  git_kl.o [1]
transmitKL_ByteTime_bosch
                         0x804'f3a5     0xec  Code  Gb  git_kl.o [1]
transmitKL_ByteTime_wabco_abs
                         0x804'f537    0x15c  Code  Gb  git_kl.o [1]
transmitThread           0x808'09d1    0x630  Code  Gb  git_protocol.o [1]
transmitThread::__FUNCTION__
                         0x80c'3d6c     0x10  Data  Lc  git_protocol.o [1]
tt_end                  0x2407'7070      0x4  Data  Gb  git_cli.o [1]
tt_start                0x2407'706c      0x4  Data  Gb  git_cli.o [1]
txBuff                  0x3000'0000      0x8  Data  Lc  git_kl.o [1]
uartCliTh               0x2407'7068      0x4  Data  Gb  git_cli.o [1]
uartCliThread            0x802'e63d     0xc8  Code  Gb  git_cli.o [1]
uartSetBaudRate          0x805'0da1     0xa2  Code  Gb  git_kl.o [1]
ucHeap                  0x2400'0800  0x61800  Data  Lc  main.o [1]
ucMaxSysCallPriority    0x2407'72ad      0x1  Data  Lc  port.o [1]
udpDynamicPort          0x2407'7270      0x2  Data  Lc  udp.o [1]
udpGetDynamicPort        0x809'6ea5     0x3c  Code  Gb  udp.o [1]
udpReceiveDatagram       0x809'6ee1     0xc2  Code  Gb  udp.o [1]
udpUpdateEvents          0x809'6fa3     0x78  Code  Gb  udp.o [1]
ulMaxPRIGROUPValue      0x2407'718c      0x4  Data  Lc  port.o [1]
unlock_fs                0x803'0ebd     0x2a  Code  Lc  ff.o [1]
updatewindow             0x809'de21    0x11c  Code  Lc  inflate.o [1]
uwTick                  0x2407'71cc      0x4  Data  Gb  stm32h7xx_hal.o [1]
uwTickFreq              0x2400'07fe      0x1  Data  Gb  stm32h7xx_hal.o [1]
uwTickPrio              0x2400'058c      0x4  Data  Gb  stm32h7xx_hal.o [1]
uxCriticalNesting       0x2400'0588      0x4  Data  Lc  port.o [1]
uxCurrentNumberOfTasks  0x2407'71f0      0x4  Data  Lc  tasks.o [1]
uxDeletedTasksWaitingCleanUp
                        0x2407'71ec      0x4  Data  Lc  tasks.o [1]
uxListRemove             0x808'cd73     0x28  Code  Gb  list.o [1]
uxQueueSpacesAvailable   0x806'5175     0x2c  Code  Gb  queue.o [1]
uxSchedulerSuspended    0x2407'7218      0x4  Data  Lc  tasks.o [1]
uxTaskNumber            0x2407'720c      0x4  Data  Lc  tasks.o [1]
uxTaskResetEventItemValue
                         0x806'3e31     0x16  Code  Gb  tasks.o [1]
uxTopReadyPriority      0x2407'71f8      0x4  Data  Lc  tasks.o [1]
vApplicationGetIdleTaskMemory
                         0x807'0419     0x14  Code  Gb  freertos.o [1]
vApplicationGetTimerTaskMemory
                         0x807'042d     0x14  Code  Gb  freertos.o [1]
vListInitialise          0x808'cd01     0x1e  Code  Gb  list.o [1]
vListInitialiseItem      0x808'cd1f      0x6  Code  Gb  list.o [1]
vListInsert              0x808'cd3d     0x36  Code  Gb  list.o [1]
vListInsertEnd           0x808'cd25     0x18  Code  Gb  list.o [1]
vPortDefineHeapRegions   0x805'c607    0x120  Code  Gb  heap_5.o [1]
vPortEnableVFP           0x809'0c2d           Code  Gb  portasm.o [1]
vPortEnterCritical       0x806'5549     0x34  Code  Gb  port.o [1]
vPortExitCritical        0x806'557d     0x2c  Code  Gb  port.o [1]
vPortFree                0x805'c521     0x7c  Code  Gb  heap_5.o [1]
vPortStartFirstTask      0x809'0c0d           Code  Gb  portasm.o [1]
vPortValidateInterruptPriority
                         0x806'55d1     0x4e  Code  Gb  port.o [1]
vQueueAddToRegistry      0x806'5389     0x26  Code  Gb  queue.o [1]
vQueueDelete             0x806'51a1     0x30  Code  Gb  queue.o [1]
vQueueUnregisterQueue    0x806'53af     0x28  Code  Gb  queue.o [1]
vQueueWaitForMessageRestricted
                         0x806'53dd     0x4c  Code  Gb  queue.o [1]
vTaskDelay               0x806'33bb     0x4e  Code  Gb  tasks.o [1]
vTaskDelete              0x806'32ed     0xce  Code  Gb  tasks.o [1]
vTaskInternalSetTimeOutState
                         0x806'39cb     0x12  Code  Gb  tasks.o [1]
vTaskMissedYield         0x806'3a79      0xa  Code  Gb  tasks.o [1]
vTaskPlaceOnEventList    0x806'37a1     0x34  Code  Gb  tasks.o [1]
vTaskPlaceOnEventListRestricted
                         0x806'3835     0x40  Code  Gb  tasks.o [1]
vTaskPlaceOnUnorderedEventList
                         0x806'37d5     0x56  Code  Gb  tasks.o [1]
vTaskPriorityDisinheritAfterTimeout
                         0x806'3d49     0xde  Code  Gb  tasks.o [1]
vTaskRemoveFromUnorderedEventList
                         0x806'3911     0x82  Code  Gb  tasks.o [1]
vTaskSetTimeOutState     0x806'3999     0x32  Code  Gb  tasks.o [1]
vTaskStartScheduler      0x806'3495     0x9a  Code  Gb  tasks.o [1]
vTaskSuspendAll          0x806'352f      0xc  Code  Gb  tasks.o [1]
vTaskSwitchContext       0x806'3735     0x6c  Code  Gb  tasks.o [1]
validate                 0x803'286f     0x64  Code  Lc  ff.o [1]
vcicrc32                 0x807'e59f     0x3e  Code  Gb  git_vci.o [1]
wTransferState1         0x2407'703c      0x4  Data  Gb  drv_spi.o [1]
wait_for_host_status     0x805'719f    0x116  Code  Gb  git_HSM_SPICommand.o [1]
wctob                    0x809'bfa9     0x32  Code  Gb  wctob.o [3]
workBuffer              0x2407'3530    0x400  Data  Gb  git_mmc.o [1]
writeByteFlash           0x807'e95b     0x66  Code  Gb  flash_if.o [1]
write_bytes              0x803'c1fd     0x78  Code  Lc  git_hsm.o [1]
write_bytes::__FUNCTION__
                         0x80c'4840      0xc  Data  Lc  git_hsm.o [1]
xActiveTimerList1       0x2407'6fc8     0x14  Data  Lc  timers.o [1]
xActiveTimerList2       0x2407'6fdc     0x14  Data  Lc  timers.o [1]
xBlockAllocatedBit      0x2407'7188      0x4  Data  Lc  heap_5.o [1]
xDelayedTaskList1       0x2407'6f64     0x14  Data  Lc  tasks.o [1]
xDelayedTaskList2       0x2407'6f78     0x14  Data  Lc  tasks.o [1]
xEventGroupCreate        0x805'25bd     0x20  Code  Gb  event_groups.o [1]
xEventGroupSetBits       0x805'272d     0xd6  Code  Gb  event_groups.o [1]
xEventGroupWaitBits      0x805'25dd    0x14a  Code  Gb  event_groups.o [1]
xFreeBytesRemaining     0x2407'7178      0x4  Data  Lc  heap_5.o [1]
xHeapRegions             0x80b'5f34     0x30  Data  Gb  main.o [1]
xHeapStructSize          0x80c'5544      0x4  Data  Lc  heap_5.o [1]
xIdleStack              0x2406'7cc0   0x1000  Data  Lc  freertos.o [1]
xIdleTaskHandle         0x2407'7214      0x4  Data  Lc  tasks.o [1]
xIdleTaskTCBBuffer      0x2407'68d4     0x5c  Data  Lc  freertos.o [1]
xMinimumEverFreeBytesRemaining
                        0x2407'717c      0x4  Data  Lc  heap_5.o [1]
xNextTaskUnblockTime    0x2407'7210      0x4  Data  Lc  tasks.o [1]
xNumOfOverflows         0x2407'7208      0x4  Data  Lc  tasks.o [1]
xNumberOfSuccessfulAllocations
                        0x2407'7180      0x4  Data  Lc  heap_5.o [1]
xNumberOfSuccessfulFrees
                        0x2407'7184      0x4  Data  Lc  heap_5.o [1]
xPendedTicks            0x2407'7200      0x4  Data  Lc  tasks.o [1]
xPendingReadyList       0x2407'6f8c     0x14  Data  Lc  tasks.o [1]
xPortGetFreeHeapSize     0x805'c59d      0x6  Code  Gb  heap_5.o [1]
xPortGetMinimumEverFreeHeapSize
                         0x805'c5a3      0x6  Code  Gb  heap_5.o [1]
xPortStartScheduler      0x806'547b     0xce  Code  Gb  port.o [1]
xQueueCreateCountingSemaphore
                         0x806'4a27     0x40  Code  Gb  queue.o [1]
xQueueCreateCountingSemaphoreStatic
                         0x806'49df     0x48  Code  Gb  queue.o [1]
xQueueCreateMutex        0x806'4991     0x20  Code  Gb  queue.o [1]
xQueueCreateMutexStatic
                         0x806'49b1     0x2e  Code  Gb  queue.o [1]
xQueueGenericCreate      0x806'48e7     0x52  Code  Gb  queue.o [1]
xQueueGenericCreateStatic
                         0x806'4825     0xc2  Code  Gb  queue.o [1]
xQueueGenericReset       0x806'4791     0x94  Code  Gb  queue.o [1]
xQueueGenericSend        0x806'4a67    0x1a6  Code  Gb  queue.o [1]
xQueueGenericSendFromISR
                         0x806'4c0d     0xe4  Code  Gb  queue.o [1]
xQueueGiveFromISR        0x806'4cf1     0xc4  Code  Gb  queue.o [1]
xQueueIsQueueFullFromISR
                         0x806'5361     0x28  Code  Gb  queue.o [1]
xQueueReceive            0x806'4db5    0x16a  Code  Gb  queue.o [1]
xQueueReceiveFromISR     0x806'50c5     0xb0  Code  Gb  queue.o [1]
xQueueRegistry          0x2407'6ce4     0x40  Data  Gb  queue.o [1]
xQueueSemaphoreTake      0x806'4f1f    0x1a2  Code  Gb  queue.o [1]
xSchedulerRunning       0x2407'71fc      0x4  Data  Lc  tasks.o [1]
xStart                  0x2407'7034      0x8  Data  Lc  heap_5.o [1]
xStreamBufferBytesAvailable
                         0x806'b981     0x22  Code  Gb  stream_buffer.o [1]
xStreamBufferGenericCreate
                         0x806'b881     0x84  Code  Gb  stream_buffer.o [1]
xStreamBufferReceive     0x806'bba5     0xe6  Code  Gb  stream_buffer.o [1]
xStreamBufferReset       0x806'b905     0x4c  Code  Gb  stream_buffer.o [1]
xStreamBufferSend        0x806'b9a3    0x10e  Code  Gb  stream_buffer.o [1]
xStreamBufferSendFromISR
                         0x806'bab1     0xa2  Code  Gb  stream_buffer.o [1]
xStreamBufferSpacesAvailable
                         0x806'b951     0x30  Code  Gb  stream_buffer.o [1]
xSuspendedTaskList      0x2407'6fb4     0x14  Data  Lc  tasks.o [1]
xTaskCheckForTimeOut     0x806'39e1     0x8e  Code  Gb  tasks.o [1]
xTaskCreate              0x806'30ef     0x7a  Code  Gb  tasks.o [1]
xTaskCreateStatic        0x806'3051     0x9e  Code  Gb  tasks.o [1]
xTaskGenericNotify       0x806'3f01    0x11a  Code  Gb  tasks.o [1]
xTaskGenericNotifyFromISR
                         0x806'401b    0x13e  Code  Gb  tasks.o [1]
xTaskGetCurrentTaskHandle
                         0x806'3baf      0x8  Code  Gb  tasks.o [1]
xTaskGetSchedulerState   0x806'3bb7     0x20  Code  Gb  tasks.o [1]
xTaskGetTickCount        0x806'3623      0x8  Code  Gb  tasks.o [1]
xTaskIncrementTick       0x806'362b    0x10a  Code  Gb  tasks.o [1]
xTaskNotifyStateClear    0x806'4165     0x30  Code  Gb  tasks.o [1]
xTaskNotifyWait          0x806'3e61     0x9a  Code  Gb  tasks.o [1]
xTaskPriorityDisinherit
                         0x806'3c85     0xb2  Code  Gb  tasks.o [1]
xTaskPriorityInherit     0x806'3bd7     0xae  Code  Gb  tasks.o [1]
xTaskRemoveFromEventList
                         0x806'3885     0x82  Code  Gb  tasks.o [1]
xTaskResumeAll           0x806'353b     0xe8  Code  Gb  tasks.o [1]
xTasksWaitingTermination
                        0x2407'6fa0     0x14  Data  Lc  tasks.o [1]
xTickCount              0x2407'71f4      0x4  Data  Lc  tasks.o [1]
xTimerCreate             0x806'42cd     0x3a  Code  Gb  timers.o [1]
xTimerCreateTimerTask    0x806'4261     0x6c  Code  Gb  timers.o [1]
xTimerGenericCommand     0x806'435b     0x82  Code  Gb  timers.o [1]
xTimerQueue             0x2407'7224      0x4  Data  Lc  timers.o [1]
xTimerStack             0x2406'f2b0    0x800  Data  Lc  freertos.o [1]
xTimerTaskHandle        0x2407'7228      0x4  Data  Lc  timers.o [1]
xTimerTaskTCBBuffer     0x2407'6930     0x5c  Data  Lc  freertos.o [1]
xYieldPending           0x2407'7204      0x4  Data  Lc  tasks.o [1]
zcalloc                  0x80b'd7e5     0x12  Code  Gb  zutil.o [1]
zcfree                   0x80b'd7f7      0xe  Code  Gb  zutil.o [1]
zlib_dtcm_alloc          0x80a'3791     0x5e  Code  Lc  git_zip.o [1]
zlib_dtcm_alloc::__FUNCTION__
                         0x80c'413c     0x10  Data  Lc  git_zip.o [1]
zlib_dtcm_free           0x80a'37f1      0x8  Code  Lc  git_zip.o [1]


[1] = Z:\11_Work\00_Git_Source\02_Diagnosis\CDP-git\vci3_cdp_project\02_Diagnosis\EWARM\02_Diagnosis\Obj
[2] = STM32CryptographicV3.1.1_STM32H7_IARv8.a
[3] = dl7M_tlf.a
[4] = libSTM32Cryptographic_CM7.a
[5] = m7M_tlv.a
[6] = rt7M_tl.a
[7] = shb_l.a

  544 660 bytes of readonly  code memory
  138 099 bytes of readonly  data memory
  649 996 bytes of readwrite data memory

Errors: none
Warnings: none
